Component: ARM Compiler 5.06 update 6 (build 750) Tool: armlink [4d35ed]

==============================================================================

Section Cross References

    startup_stm32f407xx.o(RESET) refers to startup_stm32f407xx.o(STACK) for __initial_sp
    startup_stm32f407xx.o(RESET) refers to startup_stm32f407xx.o(.text) for Reset_Handler
    startup_stm32f407xx.o(RESET) refers to stm32f4xx_it.o(i.NMI_Handler) for NMI_Handler
    startup_stm32f407xx.o(RESET) refers to stm32f4xx_it.o(i.HardFault_Handler) for HardFault_Handler
    startup_stm32f407xx.o(RESET) refers to stm32f4xx_it.o(i.MemManage_Handler) for MemManage_Handler
    startup_stm32f407xx.o(RESET) refers to stm32f4xx_it.o(i.BusFault_Handler) for BusFault_Handler
    startup_stm32f407xx.o(RESET) refers to stm32f4xx_it.o(i.UsageFault_Handler) for UsageFault_Handler
    startup_stm32f407xx.o(RESET) refers to port.o(.emb_text) for SVC_Handler
    startup_stm32f407xx.o(RESET) refers to stm32f4xx_it.o(i.DebugMon_Handler) for DebugMon_Handler
    startup_stm32f407xx.o(RESET) refers to port.o(i.SysTick_Handler) for SysTick_Handler
    startup_stm32f407xx.o(RESET) refers to stm32f4xx_it.o(i.WWDG_IRQHandler) for WWDG_IRQHandler
    startup_stm32f407xx.o(RESET) refers to stm32f4xx_it.o(i.DMA1_Stream1_IRQHandler) for DMA1_Stream1_IRQHandler
    startup_stm32f407xx.o(RESET) refers to stm32f4xx_it.o(i.DMA1_Stream3_IRQHandler) for DMA1_Stream3_IRQHandler
    startup_stm32f407xx.o(RESET) refers to stm32f4xx_it.o(i.TIM1_UP_TIM10_IRQHandler) for TIM1_UP_TIM10_IRQHandler
    startup_stm32f407xx.o(RESET) refers to stm32f4xx_it.o(i.USART2_IRQHandler) for USART2_IRQHandler
    startup_stm32f407xx.o(RESET) refers to stm32f4xx_it.o(i.OTG_FS_IRQHandler) for OTG_FS_IRQHandler
    startup_stm32f407xx.o(.text) refers to system_stm32f4xx.o(i.SystemInit) for SystemInit
    startup_stm32f407xx.o(.text) refers to entry.o(.ARM.Collect$$$$00000000) for __main
    main.o(i.HAL_TIM_PeriodElapsedCallback) refers to stm32f4xx_hal.o(i.HAL_IncTick) for HAL_IncTick
    main.o(i.SystemClock_Config) refers to memseta.o(.text) for __aeabi_memclr4
    main.o(i.SystemClock_Config) refers to stm32f4xx_hal_rcc.o(i.HAL_RCC_OscConfig) for HAL_RCC_OscConfig
    main.o(i.SystemClock_Config) refers to stm32f4xx_hal_rcc.o(i.HAL_RCC_ClockConfig) for HAL_RCC_ClockConfig
    main.o(i.main) refers to stm32f4xx_hal.o(i.HAL_Init) for HAL_Init
    main.o(i.main) refers to main.o(i.SystemClock_Config) for SystemClock_Config
    main.o(i.main) refers to gpio.o(i.MX_GPIO_Init) for MX_GPIO_Init
    main.o(i.main) refers to usart.o(i.MX_USART1_UART_Init) for MX_USART1_UART_Init
    main.o(i.main) refers to i2c.o(i.MX_I2C1_Init) for MX_I2C1_Init
    main.o(i.main) refers to usart.o(i.MX_USART2_UART_Init) for MX_USART2_UART_Init
    main.o(i.main) refers to i2c.o(i.MX_I2C2_Init) for MX_I2C2_Init
    main.o(i.main) refers to dma.o(i.MX_DMA_Init) for MX_DMA_Init
    main.o(i.main) refers to usart.o(i.MX_USART3_UART_Init) for MX_USART3_UART_Init
    main.o(i.main) refers to wwdg.o(i.MX_WWDG_Init) for MX_WWDG_Init
    main.o(i.main) refers to rtc.o(i.MX_RTC_Init) for MX_RTC_Init
    main.o(i.main) refers to usb_device.o(i.MX_USB_DEVICE_Init) for MX_USB_DEVICE_Init
    main.o(i.main) refers to freertos.o(i.MX_FREERTOS_Init) for MX_FREERTOS_Init
    main.o(i.main) refers to cmsis_os.o(i.osKernelStart) for osKernelStart
    gpio.o(i.MX_GPIO_Init) refers to memseta.o(.text) for __aeabi_memclr4
    gpio.o(i.MX_GPIO_Init) refers to stm32f4xx_hal_gpio.o(i.HAL_GPIO_WritePin) for HAL_GPIO_WritePin
    gpio.o(i.MX_GPIO_Init) refers to stm32f4xx_hal_gpio.o(i.HAL_GPIO_Init) for HAL_GPIO_Init
    freertos.o(i.BH1750Task) refers to bsp_bh1750.o(i.Init_BH1750) for Init_BH1750
    freertos.o(i.BH1750Task) refers to stm32f4xx_hal.o(i.HAL_Delay) for HAL_Delay
    freertos.o(i.BH1750Task) refers to bsp_bh1750.o(i.I2C_BH1750_Opecode_Write) for I2C_BH1750_Opecode_Write
    freertos.o(i.BH1750Task) refers to usbd_cdc_if.o(i.usb_printf) for usb_printf
    freertos.o(i.BH1750Task) refers to bsp_bh1750.o(i.I2C_BH1750_Data_Read) for I2C_BH1750_Data_Read
    freertos.o(i.BH1750Task) refers to queue.o(i.xQueueGenericSend) for xQueueGenericSend
    freertos.o(i.BH1750Task) refers to cmsis_os.o(i.osDelay) for osDelay
    freertos.o(i.BH1750Task) refers to freertos.o(.data) for .data
    freertos.o(i.INFOTask) refers to usb_device.o(i.MX_USB_DEVICE_Init) for MX_USB_DEVICE_Init
    freertos.o(i.INFOTask) refers to queue.o(i.xQueueReceive) for xQueueReceive
    freertos.o(i.INFOTask) refers to usbd_cdc_if.o(i.usb_printf) for usb_printf
    freertos.o(i.INFOTask) refers to cmsis_os.o(i.osDelay) for osDelay
    freertos.o(i.INFOTask) refers to freertos.o(.data) for .data
    freertos.o(i.LEDTask) refers to queue.o(i.xQueueReceive) for xQueueReceive
    freertos.o(i.LEDTask) refers to stm32f4xx_hal_gpio.o(i.HAL_GPIO_WritePin) for HAL_GPIO_WritePin
    freertos.o(i.LEDTask) refers to queue.o(i.xQueueGenericSend) for xQueueGenericSend
[...]
    HAL_I2C_MspInit                          0x08001815   Thumb Code   144  i2c.o(i.HAL_I2C_MspInit)
    HAL_IncTick                              0x080018b9   Thumb Code    12  stm32f4xx_hal.o(i.HAL_IncTick)
    HAL_Init                                 0x080018c9   Thumb Code    48  stm32f4xx_hal.o(i.HAL_Init)
    HAL_InitTick                             0x080018fd   Thumb Code   100  stm32f4xx_hal_timebase_tim.o(i.HAL_InitTick)
    HAL_MspInit                              0x08001971   Thumb Code    52  stm32f4xx_hal_msp.o(i.HAL_MspInit)
    HAL_NVIC_EnableIRQ                       0x080019a9   Thumb Code    26  stm32f4xx_hal_cortex.o(i.HAL_NVIC_EnableIRQ)
    HAL_NVIC_SetPriority                     0x080019c5   Thumb Code    60  stm32f4xx_hal_cortex.o(i.HAL_NVIC_SetPriority)
    HAL_NVIC_SetPriorityGrouping             0x08001a05   Thumb Code    26  stm32f4xx_hal_cortex.o(i.HAL_NVIC_SetPriorityGrouping)
    HAL_PCDEx_LPM_Callback                   0x08001a29   Thumb Code     2  stm32f4xx_hal_pcd_ex.o(i.HAL_PCDEx_LPM_Callback)
    HAL_PCDEx_SetRxFiFo                      0x08001a2b   Thumb Code     8  stm32f4xx_hal_pcd_ex.o(i.HAL_PCDEx_SetRxFiFo)
    HAL_PCDEx_SetTxFiFo                      0x08001a33   Thumb Code    68  stm32f4xx_hal_pcd_ex.o(i.HAL_PCDEx_SetTxFiFo)
    HAL_PCD_ConnectCallback                  0x08001a77   Thumb Code     8  usbd_conf.o(i.HAL_PCD_ConnectCallback)
    HAL_PCD_DataInStageCallback              0x08001a7f   Thumb Code    18  usbd_conf.o(i.HAL_PCD_DataInStageCallback)
    HAL_PCD_DataOutStageCallback             0x08001a91   Thumb Code    20  usbd_conf.o(i.HAL_PCD_DataOutStageCallback)
    HAL_PCD_DisconnectCallback               0x08001aa5   Thumb Code     8  usbd_conf.o(i.HAL_PCD_DisconnectCallback)
    HAL_PCD_EP_Close                         0x08001aad   Thumb Code    76  stm32f4xx_hal_pcd.o(i.HAL_PCD_EP_Close)
    HAL_PCD_EP_ClrStall                      0x08001af9   Thumb Code    92  stm32f4xx_hal_pcd.o(i.HAL_PCD_EP_ClrStall)
    HAL_PCD_EP_GetRxCount                    0x08001b55   Thumb Code    18  stm32f4xx_hal_pcd.o(i.HAL_PCD_EP_GetRxCount)
    HAL_PCD_EP_Open                          0x08001b67   Thumb Code    96  stm32f4xx_hal_pcd.o(i.HAL_PCD_EP_Open)
    HAL_PCD_EP_Receive                       0x08001bc7   Thumb Code    72  stm32f4xx_hal_pcd.o(i.HAL_PCD_EP_Receive)
    HAL_PCD_EP_SetStall                      0x08001c0f   Thumb Code   116  stm32f4xx_hal_pcd.o(i.HAL_PCD_EP_SetStall)
    HAL_PCD_EP_Transmit                      0x08001c83   Thumb Code    64  stm32f4xx_hal_pcd.o(i.HAL_PCD_EP_Transmit)
    HAL_PCD_IRQHandler                       0x08001cc5   Thumb Code  1070  stm32f4xx_hal_pcd.o(i.HAL_PCD_IRQHandler)
    HAL_PCD_ISOINIncompleteCallback          0x080020f9   Thumb Code     8  usbd_conf.o(i.HAL_PCD_ISOINIncompleteCallback)
    HAL_PCD_ISOOUTIncompleteCallback         0x08002101   Thumb Code     8  usbd_conf.o(i.HAL_PCD_ISOOUTIncompleteCallback)
    HAL_PCD_Init                             0x08002109   Thumb Code   226  stm32f4xx_hal_pcd.o(i.HAL_PCD_Init)
    HAL_PCD_MspInit                          0x080021ed   Thumb Code   116  usbd_conf.o(i.HAL_PCD_MspInit)
    HAL_PCD_ResetCallback                    0x08002271   Thumb Code    46  usbd_conf.o(i.HAL_PCD_ResetCallback)
    HAL_PCD_ResumeCallback                   0x0800229f   Thumb Code     8  usbd_conf.o(i.HAL_PCD_ResumeCallback)
    HAL_PCD_SOFCallback                      0x080022a7   Thumb Code     8  usbd_conf.o(i.HAL_PCD_SOFCallback)
    HAL_PCD_SetAddress                       0x080022af   Thumb Code    40  stm32f4xx_hal_pcd.o(i.HAL_PCD_SetAddress)
    HAL_PCD_SetupStageCallback               0x080022d7   Thumb Code    14  usbd_conf.o(i.HAL_PCD_SetupStageCallback)
    HAL_PCD_Start                            0x080022e5   Thumb Code    66  stm32f4xx_hal_pcd.o(i.HAL_PCD_Start)
    HAL_PCD_SuspendCallback                  0x08002329   Thumb Code    44  usbd_conf.o(i.HAL_PCD_SuspendCallback)
    HAL_RCCEx_PeriphCLKConfig                0x08002359   Thumb Code   296  stm32f4xx_hal_rcc_ex.o(i.HAL_RCCEx_PeriphCLKConfig)
    HAL_RCC_ClockConfig                      0x08002495   Thumb Code   288  stm32f4xx_hal_rcc.o(i.HAL_RCC_ClockConfig)
    HAL_RCC_GetClockConfig                   0x080025c9   Thumb Code    54  stm32f4xx_hal_rcc.o(i.HAL_RCC_GetClockConfig)
    HAL_RCC_GetHCLKFreq                      0x08002609   Thumb Code     6  stm32f4xx_hal_rcc.o(i.HAL_RCC_GetHCLKFreq)
    HAL_RCC_GetPCLK1Freq                     0x08002615   Thumb Code    20  stm32f4xx_hal_rcc.o(i.HAL_RCC_GetPCLK1Freq)
    HAL_RCC_GetPCLK2Freq                     0x08002635   Thumb Code    20  stm32f4xx_hal_rcc.o(i.HAL_RCC_GetPCLK2Freq)
    HAL_RCC_GetSysClockFreq                  0x08002655   Thumb Code    88  stm32f4xx_hal_rcc.o(i.HAL_RCC_GetSysClockFreq)
    HAL_RCC_OscConfig                        0x080026b5   Thumb Code   856  stm32f4xx_hal_rcc.o(i.HAL_RCC_OscConfig)
    HAL_RTC_GetDate                          0x08002a21   Thumb Code    62  stm32f4xx_hal_rtc.o(i.HAL_RTC_GetDate)
    HAL_RTC_GetTime                          0x08002a65   Thumb Code    82  stm32f4xx_hal_rtc.o(i.HAL_RTC_GetTime)
    HAL_RTC_Init                             0x08002abd   Thumb Code   166  stm32f4xx_hal_rtc.o(i.HAL_RTC_Init)
    HAL_RTC_MspInit                          0x08002b69   Thumb Code    48  rtc.o(i.HAL_RTC_MspInit)
    HAL_RTC_SetDate                          0x08002ba1   Thumb Code   194  stm32f4xx_hal_rtc.o(i.HAL_RTC_SetDate)
    HAL_RTC_SetTime                          0x08002c69   Thumb Code   230  stm32f4xx_hal_rtc.o(i.HAL_RTC_SetTime)
    HAL_RTC_WaitForSynchro                   0x08002d55   Thumb Code    54  stm32f4xx_hal_rtc.o(i.HAL_RTC_WaitForSynchro)
    HAL_TIMEx_BreakCallback                  0x08002d8b   Thumb Code     2  stm32f4xx_hal_tim_ex.o(i.HAL_TIMEx_BreakCallback)
    HAL_TIMEx_CommutCallback                 0x08002d8d   Thumb Code     2  stm32f4xx_hal_tim_ex.o(i.HAL_TIMEx_CommutCallback)
    HAL_TIM_Base_Init                        0x08002d8f   Thumb Code    90  stm32f4xx_hal_tim.o(i.HAL_TIM_Base_Init)
    HAL_TIM_Base_MspInit                     0x08002de9   Thumb Code     2  stm32f4xx_hal_tim.o(i.HAL_TIM_Base_MspInit)
    HAL_TIM_Base_Start_IT                    0x08002ded   Thumb Code   100  stm32f4xx_hal_tim.o(i.HAL_TIM_Base_Start_IT)
    HAL_TIM_IC_CaptureCallback               0x08002e6d   Thumb Code     2  stm32f4xx_hal_tim.o(i.HAL_TIM_IC_CaptureCallback)
    HAL_TIM_IRQHandler                       0x08002e6f   Thumb Code   358  stm32f4xx_hal_tim.o(i.HAL_TIM_IRQHandler)
    HAL_TIM_OC_DelayElapsedCallback          0x08002fd5   Thumb Code     2  stm32f4xx_hal_tim.o(i.HAL_TIM_OC_DelayElapsedCallback)
    HAL_TIM_PWM_PulseFinishedCallback        0x08002fd7   Thumb Code     2  stm32f4xx_hal_tim.o(i.HAL_TIM_PWM_PulseFinishedCallback)
    HAL_TIM_PeriodElapsedCallback            0x08002fd9   Thumb Code    14  main.o(i.HAL_TIM_PeriodElapsedCallback)
    HAL_TIM_TriggerCallback                  0x08002fed   Thumb Code     2  stm32f4xx_hal_tim.o(i.HAL_TIM_TriggerCallback)
    HAL_UARTEx_RxEventCallback               0x08002fef   Thumb Code     2  stm32f4xx_hal_uart.o(i.HAL_UARTEx_RxEventCallback)
    HAL_UART_ErrorCallback                   0x08002ff1   Thumb Code     2  stm32f4xx_hal_uart.o(i.HAL_UART_ErrorCallback)
    HAL_UART_IRQHandler                      0x08002ff5   Thumb Code   610  stm32f4xx_hal_uart.o(i.HAL_UART_IRQHandler)
    HAL_UART_Init                            0x0800325d   Thumb Code    98  stm32f4xx_hal_uart.o(i.HAL_UART_Init)
    HAL_UART_MspInit                         0x080032c1   Thumb Code   334  usart.o(i.HAL_UART_MspInit)
    HAL_UART_Receive                         0x08003431   Thumb Code   192  stm32f4xx_hal_uart.o(i.HAL_UART_Receive)
    HAL_UART_RxCpltCallback                  0x080034f1   Thumb Code     2  stm32f4xx_hal_uart.o(i.HAL_UART_RxCpltCallback)
    HAL_UART_TxCpltCallback                  0x080034f3   Thumb Code     2  stm32f4xx_hal_uart.o(i.HAL_UART_TxCpltCallback)
    HAL_WWDG_EarlyWakeupCallback             0x080034f5   Thumb Code    10  wwdg.o(i.HAL_WWDG_EarlyWakeupCallback)
    HAL_WWDG_IRQHandler                      0x08003505   Thumb Code    30  stm32f4xx_hal_wwdg.o(i.HAL_WWDG_IRQHandler)
    HAL_WWDG_Init                            0x08003523   Thumb Code    42  stm32f4xx_hal_wwdg.o(i.HAL_WWDG_Init)
    HAL_WWDG_MspInit                         0x0800354d   Thumb Code    50  wwdg.o(i.HAL_WWDG_MspInit)
    HAL_WWDG_Refresh                         0x08003589   Thumb Code    10  stm32f4xx_hal_wwdg.o(i.HAL_WWDG_Refresh)
    HardFault_Handler                        0x08003593   Thumb Code     2  stm32f4xx_it.o(i.HardFault_Handler)
    I2C_BH1750_Data_Read                     0x08003595   Thumb Code    20  bsp_bh1750.o(i.I2C_BH1750_Data_Read)
    I2C_BH1750_Opecode_Write                 0x080035ad   Thumb Code    20  bsp_bh1750.o(i.I2C_BH1750_Opecode_Write)
    INFOTask                                 0x08003979   Thumb Code    52  freertos.o(i.INFOTask)
    Init_BH1750                              0x080039c9   Thumb Code    30  bsp_bh1750.o(i.Init_BH1750)
    LEDTask                                  0x08003a51   Thumb Code   120  freertos.o(i.LEDTask)
    MQTT_DeleteBuffer                        0x08003ad9   Thumb Code    28  mqttkit.o(i.MQTT_DeleteBuffer)
    MQTT_DumpLength                          0x08003af5   Thumb Code    38  mqttkit.o(i.MQTT_DumpLength)
    MQTT_NewBuffer                           0x08003b1b   Thumb Code    82  mqttkit.o(i.MQTT_NewBuffer)
    MQTT_PacketCmdResp                       0x08003b6d   Thumb Code   114  mqttkit.o(i.MQTT_PacketCmdResp)
    MQTT_PacketConnect                       0x08003be9   Thumb Code   606  mqttkit.o(i.MQTT_PacketConnect)
    MQTT_PacketPublish                       0x08003e4d   Thumb Code   264  mqttkit.o(i.MQTT_PacketPublish)
    MQTT_PacketSaveData                      0x08003f55   Thumb Code    76  mqttkit.o(i.MQTT_PacketSaveData)
    MQTT_ReadLength                          0x08003fa5   Thumb Code    62  mqttkit.o(i.MQTT_ReadLength)
    MQTT_UnPacketCmd                         0x08003fe3   Thumb Code   130  mqttkit.o(i.MQTT_UnPacketCmd)
    MQTT_UnPacketConnectAck                  0x08004065   Thumb Code    26  mqttkit.o(i.MQTT_UnPacketConnectAck)
    MQTT_UnPacketPublishAck                  0x0800407f   Thumb Code    24  mqttkit.o(i.MQTT_UnPacketPublishAck)
    MQTT_UnPacketRecv                        0x08004099   Thumb Code    86  mqttkit.o(i.MQTT_UnPacketRecv)
    MX_DMA_Init                              0x080040f9   Thumb Code    56  dma.o(i.MX_DMA_Init)
    MX_FREERTOS_Init                         0x08004135   Thumb Code   192  freertos.o(i.MX_FREERTOS_Init)
    MX_GPIO_Init                             0x080041fd   Thumb Code   188  gpio.o(i.MX_GPIO_Init)
    MX_I2C1_Init                             0x080042c5   Thumb Code    50  i2c.o(i.MX_I2C1_Init)
    MX_I2C2_Init                             0x08004305   Thumb Code    50  i2c.o(i.MX_I2C2_Init)
    MX_RTC_Init                              0x08004345   Thumb Code   126  rtc.o(i.MX_RTC_Init)
    MX_USART1_UART_Init                      0x080043cd   Thumb Code    48  usart.o(i.MX_USART1_UART_Init)
    MX_USART2_UART_Init                      0x08004405   Thumb Code    48  usart.o(i.MX_USART2_UART_Init)
    MX_USART3_UART_Init                      0x0800443d   Thumb Code    48  usart.o(i.MX_USART3_UART_Init)
    MX_USB_DEVICE_Init                       0x08004475   Thumb Code    66  usb_device.o(i.MX_USB_DEVICE_Init)
    MX_WWDG_Init                             0x080044c9   Thumb Code    46  wwdg.o(i.MX_WWDG_Init)
    MemManage_Handler                        0x08004501   Thumb Code     2  stm32f4xx_it.o(i.MemManage_Handler)
    NMI_Handler                              0x08004503   Thumb Code     2  stm32f4xx_it.o(i.NMI_Handler)
    OTG_FS_IRQHandler                        0x08004505   Thumb Code     6  stm32f4xx_it.o(i.OTG_FS_IRQHandler)
    OneNETTask                               0x08004511   Thumb Code    60  freertos.o(i.OneNETTask)
    OneNet_DevLink                           0x08004565   Thumb Code   180  onenet.o(i.OneNet_DevLink)
    OneNet_FillBuf                           0x080047a1   Thumb Code   176  onenet.o(i.OneNet_FillBuf)
    OneNet_RevPro                            0x080048b9   Thumb Code   188  onenet.o(i.OneNet_RevPro)
    OneNet_SendData                          0x080049e1   Thumb Code   114  onenet.o(i.OneNet_SendData)
    RTC_Bcd2ToByte                           0x08004bff   Thumb Code    18  stm32f4xx_hal_rtc.o(i.RTC_Bcd2ToByte)
    RTC_ByteToBcd2                           0x08004c11   Thumb Code    22  stm32f4xx_hal_rtc.o(i.RTC_ByteToBcd2)
    RTC_EnterInitMode                        0x08004c29   Thumb Code    58  stm32f4xx_hal_rtc.o(i.RTC_EnterInitMode)
    SysTick_Handler                          0x08004c65   Thumb Code    38  port.o(i.SysTick_Handler)
    SystemClock_Config                       0x08004c91   Thumb Code   146  main.o(i.SystemClock_Config)
    SystemInit                               0x08004d2d   Thumb Code    12  system_stm32f4xx.o(i.SystemInit)
    TIM1_UP_TIM10_IRQHandler                 0x08004d3d   Thumb Code     6  stm32f4xx_it.o(i.TIM1_UP_TIM10_IRQHandler)
    TIM_Base_SetConfig                       0x08004d49   Thumb Code   156  stm32f4xx_hal_tim.o(i.TIM_Base_SetConfig)
    USART2_IRQHandler                        0x080050b5   Thumb Code    62  stm32f4xx_it.o(i.USART2_IRQHandler)
    USBD_CDC_GetDeviceQualifierDescriptor    0x08005211   Thumb Code     8  usbd_cdc.o(i.USBD_CDC_GetDeviceQualifierDescriptor)
    USBD_CDC_ReceivePacket                   0x08005305   Thumb Code    50  usbd_cdc.o(i.USBD_CDC_ReceivePacket)
    USBD_CDC_RegisterInterface               0x08005337   Thumb Code    16  usbd_cdc.o(i.USBD_CDC_RegisterInterface)
    USBD_CDC_SetRxBuffer                     0x08005347   Thumb Code    20  usbd_cdc.o(i.USBD_CDC_SetRxBuffer)
    USBD_CDC_SetTxBuffer                     0x0800535b   Thumb Code    24  usbd_cdc.o(i.USBD_CDC_SetTxBuffer)
    USBD_CDC_TransmitPacket                  0x0800546d   Thumb Code    56  usbd_cdc.o(i.USBD_CDC_TransmitPacket)
    USBD_ClrClassConfig                      0x080054a5   Thumb Code    18  usbd_core.o(i.USBD_ClrClassConfig)
    USBD_CtlContinueRx                       0x080054dd   Thumb Code    16  usbd_ioreq.o(i.USBD_CtlContinueRx)
    USBD_CtlContinueSendData                 0x080054ed   Thumb Code    16  usbd_ioreq.o(i.USBD_CtlContinueSendData)
    USBD_CtlError                            0x080054fd   Thumb Code    24  usbd_ctlreq.o(i.USBD_CtlError)
    USBD_CtlPrepareRx                        0x08005515   Thumb Code    30  usbd_ioreq.o(i.USBD_CtlPrepareRx)
    USBD_CtlReceiveStatus                    0x08005533   Thumb Code    22  usbd_ioreq.o(i.USBD_CtlReceiveStatus)
    USBD_CtlSendData                         0x08005549   Thumb Code    26  usbd_ioreq.o(i.USBD_CtlSendData)
    USBD_CtlSendStatus                       0x08005563   Thumb Code    22  usbd_ioreq.o(i.USBD_CtlSendStatus)
    USBD_FS_ConfigStrDescriptor              0x08005579   Thumb Code    32  usbd_desc.o(i.USBD_FS_ConfigStrDescriptor)
    USBD_FS_DeviceDescriptor                 0x080055a9   Thumb Code     8  usbd_desc.o(i.USBD_FS_DeviceDescriptor)
    USBD_FS_InterfaceStrDescriptor           0x080055b5   Thumb Code    32  usbd_desc.o(i.USBD_FS_InterfaceStrDescriptor)
    USBD_FS_LangIDStrDescriptor              0x080055e9   Thumb Code     8  usbd_desc.o(i.USBD_FS_LangIDStrDescriptor)
    USBD_FS_ManufacturerStrDescriptor        0x080055f5   Thumb Code    16  usbd_desc.o(i.USBD_FS_ManufacturerStrDescriptor)
    USBD_FS_ProductStrDescriptor             0x0800561d   Thumb Code    32  usbd_desc.o(i.USBD_FS_ProductStrDescriptor)
    USBD_FS_SerialStrDescriptor              0x08005659   Thumb Code    14  usbd_desc.o(i.USBD_FS_SerialStrDescriptor)
    USBD_GetString                           0x080058a3   Thumb Code    68  usbd_ctlreq.o(i.USBD_GetString)
    USBD_Get_USB_Status                      0x080058e7   Thumb Code    36  usbd_conf.o(i.USBD_Get_USB_Status)
    USBD_Init                                0x0800590b   Thumb Code    40  usbd_core.o(i.USBD_Init)
    USBD_LL_ClearStallEP                     0x08005933   Thumb Code    18  usbd_conf.o(i.USBD_LL_ClearStallEP)
    USBD_LL_CloseEP                          0x08005945   Thumb Code    18  usbd_conf.o(i.USBD_LL_CloseEP)
    USBD_LL_DataInStage                      0x08005957   Thumb Code   188  usbd_core.o(i.USBD_LL_DataInStage)
    USBD_LL_DataOutStage                     0x08005a13   Thumb Code   112  usbd_core.o(i.USBD_LL_DataOutStage)
    USBD_LL_DevConnected                     0x08005a83   Thumb Code     4  usbd_core.o(i.USBD_LL_DevConnected)
    USBD_LL_DevDisconnected                  0x08005a87   Thumb Code    26  usbd_core.o(i.USBD_LL_DevDisconnected)
    USBD_LL_GetRxDataSize                    0x08005aa1   Thumb Code     8  usbd_conf.o(i.USBD_LL_GetRxDataSize)
    USBD_LL_Init                             0x08005aa9   Thumb Code    92  usbd_conf.o(i.USBD_LL_Init)
    USBD_LL_IsStallEP                        0x08005b09   Thumb Code    34  usbd_conf.o(i.USBD_LL_IsStallEP)
    USBD_LL_IsoINIncomplete                  0x08005b2b   Thumb Code    34  usbd_core.o(i.USBD_LL_IsoINIncomplete)
    USBD_LL_IsoOUTIncomplete                 0x08005b4d   Thumb Code    34  usbd_core.o(i.USBD_LL_IsoOUTIncomplete)
    USBD_LL_OpenEP                           0x08005b6f   Thumb Code    24  usbd_conf.o(i.USBD_LL_OpenEP)
    USBD_LL_PrepareReceive                   0x08005b87   Thumb Code    18  usbd_conf.o(i.USBD_LL_PrepareReceive)
    USBD_LL_Reset                            0x08005b99   Thumb Code    92  usbd_core.o(i.USBD_LL_Reset)
    USBD_LL_Resume                           0x08005bf5   Thumb Code    20  usbd_core.o(i.USBD_LL_Resume)
    USBD_LL_SOF                              0x08005c09   Thumb Code    34  usbd_core.o(i.USBD_LL_SOF)
    USBD_LL_SetSpeed                         0x08005c2b   Thumb Code     6  usbd_core.o(i.USBD_LL_SetSpeed)
    USBD_LL_SetUSBAddress                    0x08005c31   Thumb Code    18  usbd_conf.o(i.USBD_LL_SetUSBAddress)
    USBD_LL_SetupStage                       0x08005c43   Thumb Code   100  usbd_core.o(i.USBD_LL_SetupStage)
    USBD_LL_StallEP                          0x08005ca7   Thumb Code    18  usbd_conf.o(i.USBD_LL_StallEP)
    USBD_LL_Start                            0x08005cb9   Thumb Code    18  usbd_conf.o(i.USBD_LL_Start)
    USBD_LL_Suspend                          0x08005ccb   Thumb Code    18  usbd_core.o(i.USBD_LL_Suspend)
    USBD_LL_Transmit                         0x08005cdd   Thumb Code    18  usbd_conf.o(i.USBD_LL_Transmit)
    USBD_ParseSetupRequest                   0x08005cef   Thumb Code    50  usbd_ctlreq.o(i.USBD_ParseSetupRequest)
    USBD_RegisterClass                       0x08005d21   Thumb Code    36  usbd_core.o(i.USBD_RegisterClass)
    USBD_RunTestMode                         0x08005d45   Thumb Code     4  usbd_core.o(i.USBD_RunTestMode)
    USBD_SetClassConfig                      0x08005da1   Thumb Code    20  usbd_core.o(i.USBD_SetClassConfig)
    USBD_Start                               0x08005e9d   Thumb Code     4  usbd_core.o(i.USBD_Start)
    USBD_StdDevReq                           0x08005ea1   Thumb Code   132  usbd_ctlreq.o(i.USBD_StdDevReq)
    USBD_StdEPReq                            0x08005f25   Thumb Code   488  usbd_ctlreq.o(i.USBD_StdEPReq)
    USBD_StdItfReq                           0x0800610d   Thumb Code   110  usbd_ctlreq.o(i.USBD_StdItfReq)
    USBD_static_free                         0x0800617b   Thumb Code     2  usbd_conf.o(i.USBD_static_free)
    USBD_static_malloc                       0x0800617d   Thumb Code     4  usbd_conf.o(i.USBD_static_malloc)
    USB_ActivateEndpoint                     0x08006185   Thumb Code   122  stm32f4xx_ll_usb.o(i.USB_ActivateEndpoint)
    USB_ActivateSetup                        0x08006205   Thumb Code    28  stm32f4xx_ll_usb.o(i.USB_ActivateSetup)
    USB_CoreInit                             0x08006221   Thumb Code   112  stm32f4xx_ll_usb.o(i.USB_CoreInit)
    USB_DeactivateEndpoint                   0x080062d5   Thumb Code   194  stm32f4xx_ll_usb.o(i.USB_DeactivateEndpoint)
    USB_DevConnect                           0x080063a1   Thumb Code    28  stm32f4xx_ll_usb.o(i.USB_DevConnect)
    USB_DevDisconnect                        0x080063bd   Thumb Code    28  stm32f4xx_ll_usb.o(i.USB_DevDisconnect)
    USB_DevInit                              0x080063d9   Thumb Code   362  stm32f4xx_ll_usb.o(i.USB_DevInit)
    USB_DisableGlobalInt                     0x0800654d   Thumb Code    12  stm32f4xx_ll_usb.o(i.USB_DisableGlobalInt)
    USB_EP0StartXfer                         0x08006559   Thumb Code   276  stm32f4xx_ll_usb.o(i.USB_EP0StartXfer)
    USB_EP0_OutStart                         0x08006671   Thumb Code    84  stm32f4xx_ll_usb.o(i.USB_EP0_OutStart)
    USB_EPClearStall                         0x080066c9   Thumb Code    88  stm32f4xx_ll_usb.o(i.USB_EPClearStall)
    USB_EPSetStall                           0x08006721   Thumb Code    88  stm32f4xx_ll_usb.o(i.USB_EPSetStall)
    USB_EPStartXfer                          0x08006779   Thumb Code   482  stm32f4xx_ll_usb.o(i.USB_EPStartXfer)
    USB_EnableGlobalInt                      0x08006961   Thumb Code    12  stm32f4xx_ll_usb.o(i.USB_EnableGlobalInt)
    USB_FlushRxFifo                          0x0800696d   Thumb Code    36  stm32f4xx_ll_usb.o(i.USB_FlushRxFifo)
    USB_FlushTxFifo                          0x08006995   Thumb Code    40  stm32f4xx_ll_usb.o(i.USB_FlushTxFifo)
    USB_GetDevSpeed                          0x080069c1   Thumb Code    26  stm32f4xx_ll_usb.o(i.USB_GetDevSpeed)
    USB_GetMode                              0x080069db   Thumb Code     8  stm32f4xx_ll_usb.o(i.USB_GetMode)
    USB_ReadDevAllInEpInterrupt              0x080069e3   Thumb Code    14  stm32f4xx_ll_usb.o(i.USB_ReadDevAllInEpInterrupt)
    USB_ReadDevAllOutEpInterrupt             0x080069f1   Thumb Code    14  stm32f4xx_ll_usb.o(i.USB_ReadDevAllOutEpInterrupt)
    USB_ReadDevInEPInterrupt                 0x080069ff   Thumb Code    36  stm32f4xx_ll_usb.o(i.USB_ReadDevInEPInterrupt)
    USB_ReadDevOutEPInterrupt                0x08006a23   Thumb Code    16  stm32f4xx_ll_usb.o(i.USB_ReadDevOutEPInterrupt)
    USB_ReadInterrupts                       0x08006a33   Thumb Code     8  stm32f4xx_ll_usb.o(i.USB_ReadInterrupts)
    USB_ReadPacket                           0x08006a3b   Thumb Code    62  stm32f4xx_ll_usb.o(i.USB_ReadPacket)
    USB_SetCurrentMode                       0x08006a79   Thumb Code    92  stm32f4xx_ll_usb.o(i.USB_SetCurrentMode)
    USB_SetDevAddress                        0x08006ad5   Thumb Code    34  stm32f4xx_ll_usb.o(i.USB_SetDevAddress)
    USB_SetTurnaroundTime                    0x08006af9   Thumb Code   158  stm32f4xx_ll_usb.o(i.USB_SetTurnaroundTime)
    USB_WritePacket                          0x08006be1   Thumb Code    40  stm32f4xx_ll_usb.o(i.USB_WritePacket)
    UsageFault_Handler                       0x08006c09   Thumb Code     2  stm32f4xx_it.o(i.UsageFault_Handler)
    Usart_SendString                         0x08006c0d   Thumb Code    32  bsp_esp01s.o(i.Usart_SendString)
    WWDG_IRQHandler                          0x08006c31   Thumb Code     6  stm32f4xx_it.o(i.WWDG_IRQHandler)
    __0sprintf                               0x08006c3d   Thumb Code    34  printfa.o(i.__0sprintf)
    __1sprintf                               0x08006c3d   Thumb Code     0  printfa.o(i.__0sprintf)
    __2sprintf                               0x08006c3d   Thumb Code     0  printfa.o(i.__0sprintf)
    __c89sprintf                             0x08006c3d   Thumb Code     0  printfa.o(i.__0sprintf)
    sprintf                                  0x08006c3d   Thumb Code     0  printfa.o(i.__0sprintf)
    __0vsnprintf                             0x08006c65   Thumb Code    40  printfa.o(i.__0vsnprintf)
    __1vsnprintf                             0x08006c65   Thumb Code     0  printfa.o(i.__0vsnprintf)
    __2vsnprintf                             0x08006c65   Thumb Code     0  printfa.o(i.__0vsnprintf)
    __c89vsnprintf                           0x08006c65   Thumb Code     0  printfa.o(i.__0vsnprintf)
    vsnprintf                                0x08006c65   Thumb Code     0  printfa.o(i.__0vsnprintf)
    __scatterload_copy                       0x08006cb1   Thumb Code    14  handlers.o(i.__scatterload_copy)
    __scatterload_null                       0x08006cbf   Thumb Code     2  handlers.o(i.__scatterload_null)
    __scatterload_zeroinit                   0x08006cc1   Thumb Code    14  handlers.o(i.__scatterload_zeroinit)
    free                                     0x080075a5   Thumb Code    76  malloc.o(i.free)
    main                                     0x08007601   Thumb Code    58  main.o(i.main)
    malloc                                   0x08007649   Thumb Code    92  malloc.o(i.malloc)
    myTimer01_Callback                       0x080076b5   Thumb Code    74  freertos.o(i.myTimer01_Callback)
    osDelay                                  0x08007735   Thumb Code    14  cmsis_os.o(i.osDelay)
    osKernelStart                            0x08007743   Thumb Code    10  cmsis_os.o(i.osKernelStart)
    osMessageCreate                          0x0800774d   Thumb Code    38  cmsis_os.o(i.osMessageCreate)
    osSemaphoreCreate                        0x08007773   Thumb Code    62  cmsis_os.o(i.osSemaphoreCreate)
    osThreadCreate                           0x080077b1   Thumb Code    84  cmsis_os.o(i.osThreadCreate)
    osTimerCreate                            0x08007805   Thumb Code    60  cmsis_os.o(i.osTimerCreate)
    osTimerStart                             0x08007845   Thumb Code    88  cmsis_os.o(i.osTimerStart)
    pvPortMalloc                             0x08008099   Thumb Code   216  heap_4.o(i.pvPortMalloc)
    pvTaskIncrementMutexHeldCount            0x08008175   Thumb Code    18  tasks.o(i.pvTaskIncrementMutexHeldCount)
    pxPortInitialiseStack                    0x0800818d   Thumb Code    40  port.o(i.pxPortInitialiseStack)
    usb_printf                               0x080081b9   Thumb Code    32  usbd_cdc_if.o(i.usb_printf)
    uxListRemove                             0x080081dd   Thumb Code    38  list.o(i.uxListRemove)
    vApplicationGetIdleTaskMemory            0x08008205   Thumb Code    16  freertos.o(i.vApplicationGetIdleTaskMemory)
    vApplicationGetTimerTaskMemory           0x08008219   Thumb Code    18  freertos.o(i.vApplicationGetTimerTaskMemory)
    vListInitialise                          0x08008231   Thumb Code    22  list.o(i.vListInitialise)
    vListInitialiseItem                      0x08008247   Thumb Code     6  list.o(i.vListInitialiseItem)
    vListInsert                              0x0800824d   Thumb Code    48  list.o(i.vListInsert)
    vListInsertEnd                           0x0800827d   Thumb Code    24  list.o(i.vListInsertEnd)
    vPortEnterCritical                       0x08008295   Thumb Code    54  port.o(i.vPortEnterCritical)
    vPortExitCritical                        0x080082d5   Thumb Code    34  port.o(i.vPortExitCritical)
    vPortFree                                0x080082fd   Thumb Code    94  heap_4.o(i.vPortFree)
    vPortSetupTimerInterrupt                 0x08008361   Thumb Code    32  port.o(i.vPortSetupTimerInterrupt)
    vPortValidateInterruptPriority           0x08008385   Thumb Code    74  port.o(i.vPortValidateInterruptPriority)
    vQueueAddToRegistry                      0x080083d9   Thumb Code    34  queue.o(i.vQueueAddToRegistry)
    vQueueWaitForMessageRestricted           0x08008401   Thumb Code    68  queue.o(i.vQueueWaitForMessageRestricted)
    vTaskDelay                               0x08008445   Thumb Code    66  tasks.o(i.vTaskDelay)
    vTaskInternalSetTimeOutState             0x08008491   Thumb Code    12  tasks.o(i.vTaskInternalSetTimeOutState)
    vTaskMissedYield                         0x080084a1   Thumb Code     8  tasks.o(i.vTaskMissedYield)
    vTaskPlaceOnEventList                    0x080084ad   Thumb Code    44  tasks.o(i.vTaskPlaceOnEventList)
    vTaskPlaceOnEventListRestricted          0x080084dd   Thumb Code    52  tasks.o(i.vTaskPlaceOnEventListRestricted)
    vTaskPriorityDisinheritAfterTimeout      0x08008515   Thumb Code   152  tasks.o(i.vTaskPriorityDisinheritAfterTimeout)
    vTaskStartScheduler                      0x080085b5   Thumb Code   118  tasks.o(i.vTaskStartScheduler)
    vTaskSuspendAll                          0x0800863d   Thumb Code    10  tasks.o(i.vTaskSuspendAll)
    vTaskSwitchContext                       0x0800864d   Thumb Code    82  tasks.o(i.vTaskSwitchContext)
    xPortStartScheduler                      0x080086a9   Thumb Code   222  port.o(i.xPortStartScheduler)
    xQueueGenericCreate                      0x0800879d   Thumb Code    66  queue.o(i.xQueueGenericCreate)
    xQueueGenericCreateStatic                0x080087df   Thumb Code   102  queue.o(i.xQueueGenericCreateStatic)
    xQueueGenericReset                       0x08008845   Thumb Code   132  queue.o(i.xQueueGenericReset)
    xQueueGenericSend                        0x080088cd   Thumb Code   346  queue.o(i.xQueueGenericSend)
    xQueueGenericSendFromISR                 0x08008a2d   Thumb Code   190  queue.o(i.xQueueGenericSendFromISR)
    xQueueReceive                            0x08008aed   Thumb Code   308  queue.o(i.xQueueReceive)
    xQueueSemaphoreTake                      0x08008c25   Thumb Code   372  queue.o(i.xQueueSemaphoreTake)
    xTaskCheckForTimeOut                     0x08008d9d   Thumb Code   132  tasks.o(i.xTaskCheckForTimeOut)
    xTaskCreate                              0x08008e25   Thumb Code    90  tasks.o(i.xTaskCreate)
    xTaskCreateStatic                        0x08008e7f   Thumb Code    86  tasks.o(i.xTaskCreateStatic)
    xTaskGetSchedulerState                   0x08008ed5   Thumb Code    22  tasks.o(i.xTaskGetSchedulerState)
    xTaskGetTickCount                        0x08008ef1   Thumb Code     6  tasks.o(i.xTaskGetTickCount)
    xTaskIncrementTick                       0x08008efd   Thumb Code   194  tasks.o(i.xTaskIncrementTick)
    xTaskPriorityDisinherit                  0x08008fc9   Thumb Code   144  tasks.o(i.xTaskPriorityDisinherit)
    xTaskPriorityInherit                     0x08009061   Thumb Code   130  tasks.o(i.xTaskPriorityInherit)
    xTaskRemoveFromEventList                 0x080090ed   Thumb Code   108  tasks.o(i.xTaskRemoveFromEventList)
    xTaskResumeAll                           0x08009161   Thumb Code   182  tasks.o(i.xTaskResumeAll)
    xTimerCreate                             0x08009225   Thumb Code    52  timers.o(i.xTimerCreate)
    xTimerCreateStatic                       0x08009259   Thumb Code    46  timers.o(i.xTimerCreateStatic)
    xTimerCreateTimerTask                    0x08009289   Thumb Code    78  timers.o(i.xTimerCreateTimerTask)
    xTimerGenericCommand                     0x080092e9   Thumb Code    98  timers.o(i.xTimerGenericCommand)
    AHBPrescTable                            0x080093f0   Data          16  system_stm32f4xx.o(.constdata)
    APBPrescTable                            0x08009400   Data           8  system_stm32f4xx.o(.constdata)
    Region$$Table$$Base                      0x08009438   Number         0  anon$$obj.o(Region$$Table)
    Region$$Table$$Limit                     0x08009458   Number         0  anon$$obj.o(Region$$Table)
    FeedDog_Flag                             0x20000000   Data           1  freertos.o(.data)
    LEDS_OneNET_buf                          0x20000001   Data           1  freertos.o(.data)
    GetData                                  0x20000002   Data           4  freertos.o(.data)
    LIGH_OneNET_buf                          0x20000008   Data           4  freertos.o(.data)
    INFO_TaskHandle                          0x2000000c   Data           4  freertos.o(.data)
    BH1750_TaskHandle                        0x20000010   Data           4  freertos.o(.data)
    LED_TaskHandle                           0x20000014   Data           4  freertos.o(.data)
    OneNET_TaskHandle                        0x20000018   Data           4  freertos.o(.data)
    myQueue01Handle                          0x2000001c   Data           4  freertos.o(.data)
    myQueue02Handle                          0x20000020   Data           4  freertos.o(.data)
    myTimer01Handle                          0x20000024   Data           4  freertos.o(.data)
    LED_FLAG_SemHandle                       0x20000028   Data           4  freertos.o(.data)
    esp8266_cnt                              0x2000002c   Data           2  bsp_esp01s.o(.data)
    esp8266_cntPre                           0x2000002e   Data           2  bsp_esp01s.o(.data)
    flag_change                              0x20000030   Data           1  onenet.o(.data)
    uwTickFreq                               0x20000034   Data           1  stm32f4xx_hal.o(.data)
    uwTickPrio                               0x20000038   Data           4  stm32f4xx_hal.o(.data)
    uwTick                                   0x2000003c   Data           4  stm32f4xx_hal.o(.data)
    SystemCoreClock                          0x20000040   Data           4  system_stm32f4xx.o(.data)
    pxCurrentTCB                             0x20000044   Data           4  tasks.o(.data)
    FS_Desc                                  0x200000c0   Data          28  usbd_desc.o(.data)
    USBD_LangIDDesc                          0x200000dc   Data           4  usbd_desc.o(.data)
    USBD_FS_DeviceDesc                       0x200000e0   Data          18  usbd_desc.o(.data)
    USBD_StringSerial                        0x200000f4   Data          26  usbd_desc.o(.data)
    USBD_Interface_fops_FS                   0x20000110   Data          20  usbd_cdc_if.o(.data)
    USBD_CDC                                 0x20000200   Data          56  usbd_cdc.o(.data)
    __microlib_freelist                      0x20000238   Data           4  mvars.o(.data)
    __microlib_freelist_initialised          0x2000023c   Data           4  mvars.o(.data)
    GetTime                                  0x20000240   Data          20  freertos.o(.bss)
    hi2c1                                    0x200008fc   Data          84  i2c.o(.bss)
    hi2c2                                    0x20000950   Data          84  i2c.o(.bss)
    hrtc                                     0x200009a4   Data          32  rtc.o(.bss)
    huart1                                   0x200009c4   Data          68  usart.o(.bss)
    huart2                                   0x20000a08   Data          68  usart.o(.bss)
    huart3                                   0x20000a4c   Data          68  usart.o(.bss)
    hdma_usart3_rx                           0x20000a90   Data          96  usart.o(.bss)
    hdma_usart3_tx                           0x20000af0   Data          96  usart.o(.bss)
    hwwdg                                    0x20000b50   Data          20  wwdg.o(.bss)
    htim1                                    0x20000b64   Data          72  stm32f4xx_hal_timebase_tim.o(.bss)
    USART_TX_BUF                             0x20000bac   Data         400  bsp_esp01s.o(.bss)
    esp8266_buf                              0x20000d3c   Data         128  bsp_esp01s.o(.bss)
    text                                     0x20000dbc   Data          16  onenet.o(.bss)
    xQueueRegistry                           0x20000dcc   Data          64  queue.o(.bss)
    hUsbDeviceFS                             0x20004c0c   Data         720  usb_device.o(.bss)
    USBD_StrDesc                             0x20004edc   Data         512  usbd_desc.o(.bss)
    UserRxBufferFS                           0x200050dc   Data        2048  usbd_cdc_if.o(.bss)
    UserTxBufferFS                           0x200058dc   Data        2048  usbd_cdc_if.o(.bss)
    hpcd_USB_OTG_FS                          0x200062fc   Data        1032  usbd_conf.o(.bss)
    __heap_base                              0x20006708   Data           0  startup_stm32f407xx.o(HEAP)
    __heap_limit                             0x20006908   Data           0  startup_stm32f407xx.o(HEAP)
    __initial_sp                             0x20006d08   Data           0  startup_stm32f407xx.o(STACK)



==============================================================================

Memory Map of the image

  Image Entry point : 0x08000189

  Load Region LR_IROM1 (Base: 0x08000000, Size: 0x00009698, Max: 0x00100000, ABSOLUTE, COMPRESSED[0x00009524])

    Execution Region ER_IROM1 (Exec base: 0x08000000, Load base: 0x08000000, Size: 0x00009458, Max: 0x00100000, ABSOLUTE)

    Exec Addr    Load Addr    Size         Type   Attr      Idx    E Section Name        Object

    0x08000000   0x08000000   0x00000188   Data   RO            3    RESET               startup_stm32f407xx.o
    0x08000188   0x08000188   0x00000000   Code   RO         7440  * .ARM.Collect$$$$00000000  mc_w.l(entry.o)
    0x08000188   0x08000188   0x00000004   Code   RO         7754    .ARM.Collect$$$$00000001  mc_w.l(entry2.o)
    0x0800018c   0x0800018c   0x00000004   Code   RO         7757    .ARM.Collect$$$$00000004  mc_w.l(entry5.o)
    0x08000190   0x08000190   0x00000000   Code   RO         7759    .ARM.Collect$$$$00000008  mc_w.l(entry7b.o)
    0x08000190   0x08000190   0x00000000   Code   RO         7761    .ARM.Collect$$$$0000000A  mc_w.l(entry8b.o)
    0x08000190   0x08000190   0x00000008   Code   RO         7762    .ARM.Collect$$$$0000000B  mc_w.l(entry9a.o)
    0x08000198   0x08000198   0x00000000   Code   RO         7764    .ARM.Collect$$$$0000000D  mc_w.l(entry10a.o)
    0x08000198   0x08000198   0x00000000   Code   RO         7766    .ARM.Collect$$$$0000000F  mc_w.l(entry11a.o)
    0x08000198   0x08000198   0x00000004   Code   RO         7755    .ARM.Collect$$$$00002712  mc_w.l(entry2.o)
    0x0800019c   0x0800019c   0x000000be   Code   RO         6534    .emb_text           port.o
    0x0800025a   0x0800025a   0x00000002   PAD
    0x0800025c   0x0800025c   0x00000024   Code   RO            4    .text               startup_stm32f407xx.o
    0x08000280   0x08000280   0x00000062   Code   RO         7443    .text               mc_w.l(uldiv.o)
    0x080002e2   0x080002e2   0x00000024   Code   RO         7445    .text               mc_w.l(memcpya.o)
    0x08000306   0x08000306   0x00000024   Code   RO         7449    .text               mc_w.l(memseta.o)
    0x0800032a   0x0800032a   0x00000018   Code   RO         7451    .text               mc_w.l(strcat.o)
    0x08000342   0x08000342   0x00000024   Code   RO         7453    .text               mc_w.l(strstr.o)
    0x08000366   0x08000366   0x00000014   Code   RO         7455    .text               mc_w.l(strchr.o)
    0x0800037a   0x0800037a   0x0000000e   Code   RO         7457    .text               mc_w.l(strlen.o)
    0x08000388   0x08000388   0x00000028   Code   RO         7459    .text               mc_w.l(strncat.o)
    0x080003b0   0x080003b0   0x00000026   Code   RO         7752    .text               mf_w.l(f2d.o)
    0x080003d6   0x080003d6   0x0000002c   Code   RO         7769    .text               mc_w.l(uidiv.o)
    0x08000402   0x08000402   0x0000001e   Code   RO         7771    .text               mc_w.l(llshl.o)
    0x08000420   0x08000420   0x00000020   Code   RO         7773    .text               mc_w.l(llushr.o)
    0x08000440   0x08000440   0x00000000   Code   RO         7777    .text               mc_w.l(iusefp.o)
    0x08000440   0x08000440   0x0000014e   Code   RO         7778    .text               mf_w.l(dadd.o)
    0x0800058e   0x0800058e   0x000000e4   Code   RO         7780    .text               mf_w.l(dmul.o)
    0x08000672   0x08000672   0x000000de   Code   RO         7782    .text               mf_w.l(ddiv.o)
    0x08000750   0x08000750   0x00000030   Code   RO         7784    .text               mf_w.l(dfixul.o)
    0x08000780   0x08000780   0x00000030   Code   RO         7786    .text               mf_w.l(cdrcmple.o)
    0x080007b0   0x080007b0   0x00000024   Code   RO         7788    .text               mc_w.l(init.o)
    0x080007d4   0x080007d4   0x00000024   Code   RO         7790    .text               mc_w.l(llsshr.o)
    0x080007f8   0x080007f8   0x000000ba   Code   RO         7792    .text               mf_w.l(depilogue.o)
    0x080008b2   0x080008b2   0x00000056   Code   RO         7802    .text               mc_w.l(__dczerorl2.o)
    0x08000908   0x08000908   0x000000f8   Code   RO          329    i.BH1750Task        freertos.o
    0x08000a00   0x08000a00   0x00000002   Code   RO          632    i.BusFault_Handler  stm32f4xx_it.o
    0x08000a02   0x08000a02   0x00000008   Code   RO         6736    i.CDC_Control_FS    usbd_cdc_if.o
    0x08000a0a   0x08000a0a   0x00000004   Code   RO         6737    i.CDC_DeInit_FS     usbd_cdc_if.o
    0x08000a0e   0x08000a0e   0x00000002   PAD
    0x08000a10   0x08000a10   0x00000024   Code   RO         6738    i.CDC_Init_FS       usbd_cdc_if.o
    0x08000a34   0x08000a34   0x00000018   Code   RO         6739    i.CDC_Receive_FS    usbd_cdc_if.o
    0x08000a4c   0x08000a4c   0x00000004   Code   RO         6740    i.CDC_TransmitCplt_FS  usbd_cdc_if.o
    0x08000a50   0x08000a50   0x0000002c   Code   RO         6741    i.CDC_Transmit_FS   usbd_cdc_if.o
    0x08000a7c   0x08000a7c   0x0000000c   Code   RO          633    i.DMA1_Stream1_IRQHandler  stm32f4xx_it.o
    0x08000a88   0x08000a88   0x0000000c   Code   RO          634    i.DMA1_Stream3_IRQHandler  stm32f4xx_it.o
    0x08000a94   0x08000a94   0x00000028   Code   RO         2165    i.DMA_CalcBaseAndBitshift  stm32f4xx_hal_dma.o
    0x08000abc   0x08000abc   0x00000054   Code   RO         2166    i.DMA_CheckFifoParam  stm32f4xx_hal_dma.o
    0x08000b10   0x08000b10   0x00000002   Code   RO          635    i.DebugMon_Handler  stm32f4xx_it.o
    0x08000b12   0x08000b12   0x00000002   PAD
    0x08000b14   0x08000b14   0x0000001c   Code   RO          828    i.ESP8266_Clear     bsp_esp01s.o
    0x08000b30   0x08000b30   0x00000040   Code   RO          829    i.ESP8266_GetIPD    bsp_esp01s.o
    0x08000b70   0x08000b70   0x000001cc   Code   RO          830    i.ESP8266_Init      bsp_esp01s.o
    0x08000d3c   0x08000d3c   0x00000048   Code   RO          831    i.ESP8266_SendCmd   bsp_esp01s.o
    0x08000d84   0x08000d84   0x00000048   Code   RO          832    i.ESP8266_SendData  bsp_esp01s.o
    0x08000dcc   0x08000dcc   0x00000020   Code   RO          833    i.ESP8266_WaitRecive  bsp_esp01s.o
    0x08000dec   0x08000dec   0x00000004   Code   RO           13    i.Error_Handler     main.o
    0x08000df0   0x08000df0   0x00000038   Code   RO         6645    i.Get_SerialNum     usbd_desc.o
    0x08000e28   0x08000e28   0x00000092   Code   RO         2168    i.HAL_DMA_Abort     stm32f4xx_hal_dma.o
    0x08000eba   0x08000eba   0x00000024   Code   RO         2169    i.HAL_DMA_Abort_IT  stm32f4xx_hal_dma.o
    0x08000ede   0x08000ede   0x00000002   PAD
    0x08000ee0   0x08000ee0   0x000001a0   Code   RO         2173    i.HAL_DMA_IRQHandler  stm32f4xx_hal_dma.o
    0x08001080   0x08001080   0x000000d4   Code   RO         2174    i.HAL_DMA_Init      stm32f4xx_hal_dma.o
    0x08001154   0x08001154   0x00000024   Code   RO         2587    i.HAL_Delay         stm32f4xx_hal.o
    0x08001178   0x08001178   0x000001f0   Code   RO         2061    i.HAL_GPIO_Init     stm32f4xx_hal_gpio.o
    0x08001368   0x08001368   0x0000000a   Code   RO         2065    i.HAL_GPIO_WritePin  stm32f4xx_hal_gpio.o
    0x08001372   0x08001372   0x00000002   PAD
    0x08001374   0x08001374   0x0000000c   Code   RO         2593    i.HAL_GetTick       stm32f4xx_hal.o
    0x08001380   0x08001380   0x00000188   Code   RO         2849    i.HAL_I2C_Init      stm32f4xx_hal_i2c.o
    0x08001508   0x08001508   0x000001e0   Code   RO         2855    i.HAL_I2C_Master_Receive  stm32f4xx_hal_i2c.o
    0x080016e8   0x080016e8   0x0000012c   Code   RO         2862    i.HAL_I2C_Master_Transmit  stm32f4xx_hal_i2c.o
    0x08001814   0x08001814   0x000000a4   Code   RO          437    i.HAL_I2C_MspInit   i2c.o
    0x080018b8   0x080018b8   0x00000010   Code   RO         2599    i.HAL_IncTick       stm32f4xx_hal.o
    0x080018c8   0x080018c8   0x00000034   Code   RO         2600    i.HAL_Init          stm32f4xx_hal.o
    0x080018fc   0x080018fc   0x00000074   Code   RO          753    i.HAL_InitTick      stm32f4xx_hal_timebase_tim.o
    0x08001970   0x08001970   0x00000038   Code   RO          729    i.HAL_MspInit       stm32f4xx_hal_msp.o
    0x080019a8   0x080019a8   0x0000001a   Code   RO         2450    i.HAL_NVIC_EnableIRQ  stm32f4xx_hal_cortex.o
    0x080019c2   0x080019c2   0x00000002   PAD
    0x080019c4   0x080019c4   0x00000040   Code   RO         2456    i.HAL_NVIC_SetPriority  stm32f4xx_hal_cortex.o
    0x08001a04   0x08001a04   0x00000024   Code   RO         2457    i.HAL_NVIC_SetPriorityGrouping  stm32f4xx_hal_cortex.o
    0x08001a28   0x08001a28   0x00000002   Code   RO         1368    i.HAL_PCDEx_LPM_Callback  stm32f4xx_hal_pcd_ex.o
    0x08001a2a   0x08001a2a   0x00000008   Code   RO         1369    i.HAL_PCDEx_SetRxFiFo  stm32f4xx_hal_pcd_ex.o
    0x08001a32   0x08001a32   0x00000044   Code   RO         1370    i.HAL_PCDEx_SetTxFiFo  stm32f4xx_hal_pcd_ex.o
    0x08001a76   0x08001a76   0x00000008   Code   RO         6803    i.HAL_PCD_ConnectCallback  usbd_conf.o
    0x08001a7e   0x08001a7e   0x00000012   Code   RO         6804    i.HAL_PCD_DataInStageCallback  usbd_conf.o
    0x08001a90   0x08001a90   0x00000014   Code   RO         6805    i.HAL_PCD_DataOutStageCallback  usbd_conf.o
    0x08001aa4   0x08001aa4   0x00000008   Code   RO         6806    i.HAL_PCD_DisconnectCallback  usbd_conf.o
    0x08001aac   0x08001aac   0x0000004c   Code   RO         1150    i.HAL_PCD_EP_Close  stm32f4xx_hal_pcd.o
    0x08001af8   0x08001af8   0x0000005c   Code   RO         1151    i.HAL_PCD_EP_ClrStall  stm32f4xx_hal_pcd.o
    0x08001b54   0x08001b54   0x00000012   Code   RO         1153    i.HAL_PCD_EP_GetRxCount  stm32f4xx_hal_pcd.o
    0x08001b66   0x08001b66   0x00000060   Code   RO         1154    i.HAL_PCD_EP_Open   stm32f4xx_hal_pcd.o
    0x08001bc6   0x08001bc6   0x00000048   Code   RO         1155    i.HAL_PCD_EP_Receive  stm32f4xx_hal_pcd.o
    0x08001c0e   0x08001c0e   0x00000074   Code   RO         1156    i.HAL_PCD_EP_SetStall  stm32f4xx_hal_pcd.o
    0x08001c82   0x08001c82   0x00000040   Code   RO         1157    i.HAL_PCD_EP_Transmit  stm32f4xx_hal_pcd.o
    0x08001cc2   0x08001cc2   0x00000002   PAD
    0x08001cc4   0x08001cc4   0x00000434   Code   RO         1159    i.HAL_PCD_IRQHandler  stm32f4xx_hal_pcd.o
    0x080020f8   0x080020f8   0x00000008   Code   RO         6807    i.HAL_PCD_ISOINIncompleteCallback  usbd_conf.o
    0x08002100   0x08002100   0x00000008   Code   RO         6808    i.HAL_PCD_ISOOUTIncompleteCallback  usbd_conf.o
    0x08002108   0x08002108   0x000000e2   Code   RO         1162    i.HAL_PCD_Init      stm32f4xx_hal_pcd.o
    0x080021ea   0x080021ea   0x00000002   PAD
    0x080021ec   0x080021ec   0x00000084   Code   RO         6810    i.HAL_PCD_MspInit   usbd_conf.o
    0x08002270   0x08002270   0x0000002e   Code   RO         6811    i.HAL_PCD_ResetCallback  usbd_conf.o
    0x0800229e   0x0800229e   0x00000008   Code   RO         6812    i.HAL_PCD_ResumeCallback  usbd_conf.o
    0x080022a6   0x080022a6   0x00000008   Code   RO         6813    i.HAL_PCD_SOFCallback  usbd_conf.o
    0x080022ae   0x080022ae   0x00000028   Code   RO         1168    i.HAL_PCD_SetAddress  stm32f4xx_hal_pcd.o
    0x080022d6   0x080022d6   0x0000000e   Code   RO         6814    i.HAL_PCD_SetupStageCallback  usbd_conf.o
    0x080022e4   0x080022e4   0x00000042   Code   RO         1170    i.HAL_PCD_Start     stm32f4xx_hal_pcd.o
    0x08002326   0x08002326   0x00000002   PAD
    0x08002328   0x08002328   0x00000030   Code   RO         6815    i.HAL_PCD_SuspendCallback  usbd_conf.o
    0x08002358   0x08002358   0x0000013c   Code   RO         1812    i.HAL_RCCEx_PeriphCLKConfig  stm32f4xx_hal_rcc_ex.o
    0x08002494   0x08002494   0x00000134   Code   RO         1707    i.HAL_RCC_ClockConfig  stm32f4xx_hal_rcc.o
    0x080025c8   0x080025c8   0x00000040   Code   RO         1711    i.HAL_RCC_GetClockConfig  stm32f4xx_hal_rcc.o
    0x08002608   0x08002608   0x0000000c   Code   RO         1712    i.HAL_RCC_GetHCLKFreq  stm32f4xx_hal_rcc.o
    0x08002614   0x08002614   0x00000020   Code   RO         1714    i.HAL_RCC_GetPCLK1Freq  stm32f4xx_hal_rcc.o
    0x08002634   0x08002634   0x00000020   Code   RO         1715    i.HAL_RCC_GetPCLK2Freq  stm32f4xx_hal_rcc.o
    0x08002654   0x08002654   0x00000060   Code   RO         1716    i.HAL_RCC_GetSysClockFreq  stm32f4xx_hal_rcc.o
    0x080026b4   0x080026b4   0x0000036c   Code   RO         1719    i.HAL_RCC_OscConfig  stm32f4xx_hal_rcc.o
    0x08002a20   0x08002a20   0x00000044   Code   RO         3298    i.HAL_RTC_GetDate   stm32f4xx_hal_rtc.o
    0x08002a64   0x08002a64   0x00000058   Code   RO         3300    i.HAL_RTC_GetTime   stm32f4xx_hal_rtc.o
    0x08002abc   0x08002abc   0x000000ac   Code   RO         3301    i.HAL_RTC_Init      stm32f4xx_hal_rtc.o
    0x08002b68   0x08002b68   0x00000038   Code   RO          485    i.HAL_RTC_MspInit   rtc.o
    0x08002ba0   0x08002ba0   0x000000c8   Code   RO         3307    i.HAL_RTC_SetDate   stm32f4xx_hal_rtc.o
    0x08002c68   0x08002c68   0x000000ec   Code   RO         3308    i.HAL_RTC_SetTime   stm32f4xx_hal_rtc.o
    0x08002d54   0x08002d54   0x00000036   Code   RO         3309    i.HAL_RTC_WaitForSynchro  stm32f4xx_hal_rtc.o
    0x08002d8a   0x08002d8a   0x00000002   Code   RO         4389    i.HAL_TIMEx_BreakCallback  stm32f4xx_hal_tim_ex.o
    0x08002d8c   0x08002d8c   0x00000002   Code   RO         4390    i.HAL_TIMEx_CommutCallback  stm32f4xx_hal_tim_ex.o
    0x08002d8e   0x08002d8e   0x0000005a   Code   RO         3685    i.HAL_TIM_Base_Init  stm32f4xx_hal_tim.o
    0x08002de8   0x08002de8   0x00000002   Code   RO         3687    i.HAL_TIM_Base_MspInit  stm32f4xx_hal_tim.o
    0x08002dea   0x08002dea   0x00000002   PAD
    0x08002dec   0x08002dec   0x00000080   Code   RO         3690    i.HAL_TIM_Base_Start_IT  stm32f4xx_hal_tim.o
    0x08002e6c   0x08002e6c   0x00000002   Code   RO         3719    i.HAL_TIM_IC_CaptureCallback  stm32f4xx_hal_tim.o
    0x08002e6e   0x08002e6e   0x00000166   Code   RO         3733    i.HAL_TIM_IRQHandler  stm32f4xx_hal_tim.o
    0x08002fd4   0x08002fd4   0x00000002   Code   RO         3736    i.HAL_TIM_OC_DelayElapsedCallback  stm32f4xx_hal_tim.o
    0x08002fd6   0x08002fd6   0x00000002   Code   RO         3763    i.HAL_TIM_PWM_PulseFinishedCallback  stm32f4xx_hal_tim.o
    0x08002fd8   0x08002fd8   0x00000014   Code   RO           14    i.HAL_TIM_PeriodElapsedCallback  main.o
    0x08002fec   0x08002fec   0x00000002   Code   RO         3776    i.HAL_TIM_TriggerCallback  stm32f4xx_hal_tim.o
    0x08002fee   0x08002fee   0x00000002   Code   RO         4667    i.HAL_UARTEx_RxEventCallback  stm32f4xx_hal_uart.o
    0x08002ff0   0x08002ff0   0x00000002   Code   RO         4681    i.HAL_UART_ErrorCallback  stm32f4xx_hal_uart.o
    0x08002ff2   0x08002ff2   0x00000002   PAD
    0x08002ff4   0x08002ff4   0x00000268   Code   RO         4684    i.HAL_UART_IRQHandler  stm32f4xx_hal_uart.o
    0x0800325c   0x0800325c   0x00000062   Code   RO         4685    i.HAL_UART_Init     stm32f4xx_hal_uart.o
    0x080032be   0x080032be   0x00000002   PAD
    0x080032c0   0x080032c0   0x00000170   Code   RO          527    i.HAL_UART_MspInit  usart.o
    0x08003430   0x08003430   0x000000c0   Code   RO         4688    i.HAL_UART_Receive  stm32f4xx_hal_uart.o
    0x080034f0   0x080034f0   0x00000002   Code   RO         4691    i.HAL_UART_RxCpltCallback  stm32f4xx_hal_uart.o
    0x080034f2   0x080034f2   0x00000002   Code   RO         4696    i.HAL_UART_TxCpltCallback  stm32f4xx_hal_uart.o
    0x080034f4   0x080034f4   0x00000010   Code   RO          590    i.HAL_WWDG_EarlyWakeupCallback  wwdg.o
    0x08003504   0x08003504   0x0000001e   Code   RO         5014    i.HAL_WWDG_IRQHandler  stm32f4xx_hal_wwdg.o
    0x08003522   0x08003522   0x0000002a   Code   RO         5015    i.HAL_WWDG_Init     stm32f4xx_hal_wwdg.o
    0x0800354c   0x0800354c   0x0000003c   Code   RO          591    i.HAL_WWDG_MspInit  wwdg.o
    0x08003588   0x08003588   0x0000000a   Code   RO         5017    i.HAL_WWDG_Refresh  stm32f4xx_hal_wwdg.o
    0x08003592   0x08003592   0x00000002   Code   RO          636    i.HardFault_Handler  stm32f4xx_it.o
    0x08003594   0x08003594   0x00000018   Code   RO          792    i.I2C_BH1750_Data_Read  bsp_bh1750.o
    0x080035ac   0x080035ac   0x00000018   Code   RO          793    i.I2C_BH1750_Opecode_Write  bsp_bh1750.o
    0x080035c4   0x080035c4   0x0000002e   Code   RO         2891    i.I2C_IsAcknowledgeFailed  stm32f4xx_hal_i2c.o
    0x080035f2   0x080035f2   0x00000002   PAD
    0x080035f4   0x080035f4   0x000000ec   Code   RO         2894    i.I2C_MasterRequestRead  stm32f4xx_hal_i2c.o
    0x080036e0   0x080036e0   0x0000009c   Code   RO         2895    i.I2C_MasterRequestWrite  stm32f4xx_hal_i2c.o
    0x0800377c   0x0800377c   0x0000004c   Code   RO         2906    i.I2C_WaitOnBTFFlagUntilTimeout  stm32f4xx_hal_i2c.o
    0x080037c8   0x080037c8   0x00000068   Code   RO         2907    i.I2C_WaitOnFlagUntilTimeout  stm32f4xx_hal_i2c.o
    0x08003830   0x08003830   0x00000096   Code   RO         2908    i.I2C_WaitOnMasterAddressFlagUntilTimeout  stm32f4xx_hal_i2c.o
    0x080038c6   0x080038c6   0x00000066   Code   RO         2909    i.I2C_WaitOnRXNEFlagUntilTimeout  stm32f4xx_hal_i2c.o
    0x0800392c   0x0800392c   0x0000004c   Code   RO         2910    i.I2C_WaitOnTXEFlagUntilTimeout  stm32f4xx_hal_i2c.o
    0x08003978   0x08003978   0x00000050   Code   RO          330    i.INFOTask          freertos.o
    0x080039c8   0x080039c8   0x00000048   Code   RO          794    i.Init_BH1750       bsp_bh1750.o
    0x08003a10   0x08003a10   0x0000003e   Code   RO         6646    i.IntToUnicode      usbd_desc.o
    0x08003a4e   0x08003a4e   0x00000002   PAD
    0x08003a50   0x08003a50   0x00000088   Code   RO          331    i.LEDTask           freertos.o
    0x08003ad8   0x08003ad8   0x0000001c   Code   RO          907    i.MQTT_DeleteBuffer  mqttkit.o
    0x08003af4   0x08003af4   0x00000026   Code   RO          908    i.MQTT_DumpLength   mqttkit.o
    0x08003b1a   0x08003b1a   0x00000052   Code   RO          909    i.MQTT_NewBuffer    mqttkit.o
    0x08003b6c   0x08003b6c   0x0000007c   Code   RO          910    i.MQTT_PacketCmdResp  mqttkit.o
    0x08003be8   0x08003be8   0x00000264   Code   RO          911    i.MQTT_PacketConnect  mqttkit.o
    0x08003e4c   0x08003e4c   0x00000108   Code   RO          914    i.MQTT_PacketPublish  mqttkit.o
    0x08003f54   0x08003f54   0x00000050   Code   RO          919    i.MQTT_PacketSaveData  mqttkit.o
    0x08003fa4   0x08003fa4   0x0000003e   Code   RO          922    i.MQTT_ReadLength   mqttkit.o
    0x08003fe2   0x08003fe2   0x00000082   Code   RO          923    i.MQTT_UnPacketCmd  mqttkit.o
    0x08004064   0x08004064   0x0000001a   Code   RO          924    i.MQTT_UnPacketConnectAck  mqttkit.o
    0x0800407e   0x0800407e   0x00000018   Code   RO          926    i.MQTT_UnPacketPublishAck  mqttkit.o
    0x08004096   0x08004096   0x00000002   PAD
    0x08004098   0x08004098   0x00000060   Code   RO          930    i.MQTT_UnPacketRecv  mqttkit.o
    0x080040f8   0x080040f8   0x0000003c   Code   RO          412    i.MX_DMA_Init       dma.o
    0x08004134   0x08004134   0x000000c8   Code   RO          332    i.MX_FREERTOS_Init  freertos.o
    0x080041fc   0x080041fc   0x000000c8   Code   RO          305    i.MX_GPIO_Init      gpio.o
    0x080042c4   0x080042c4   0x00000040   Code   RO          438    i.MX_I2C1_Init      i2c.o
    0x08004304   0x08004304   0x00000040   Code   RO          439    i.MX_I2C2_Init      i2c.o
    0x08004344   0x08004344   0x00000088   Code   RO          486    i.MX_RTC_Init       rtc.o
    0x080043cc   0x080043cc   0x00000038   Code   RO          528    i.MX_USART1_UART_Init  usart.o
    0x08004404   0x08004404   0x00000038   Code   RO          529    i.MX_USART2_UART_Init  usart.o
    0x0800443c   0x0800443c   0x00000038   Code   RO          530    i.MX_USART3_UART_Init  usart.o
    0x08004474   0x08004474   0x00000054   Code   RO         6614    i.MX_USB_DEVICE_Init  usb_device.o
    0x080044c8   0x080044c8   0x00000038   Code   RO          592    i.MX_WWDG_Init      wwdg.o
    0x08004500   0x08004500   0x00000002   Code   RO          637    i.MemManage_Handler  stm32f4xx_it.o
    0x08004502   0x08004502   0x00000002   Code   RO          638    i.NMI_Handler       stm32f4xx_it.o
    0x08004504   0x08004504   0x0000000c   Code   RO          639    i.OTG_FS_IRQHandler  stm32f4xx_it.o
    0x08004510   0x08004510   0x00000054   Code   RO          333    i.OneNETTask        freertos.o
    0x08004564   0x08004564   0x0000023c   Code   RO         1080    i.OneNet_DevLink    onenet.o
    0x080047a0   0x080047a0   0x00000118   Code   RO         1081    i.OneNet_FillBuf    onenet.o
    0x080048b8   0x080048b8   0x00000128   Code   RO         1083    i.OneNet_RevPro     onenet.o
    0x080049e0   0x080049e0   0x000000b0   Code   RO         1084    i.OneNet_SendData   onenet.o
    0x08004a90   0x08004a90   0x000000cc   Code   RO         1174    i.PCD_EP_OutXfrComplete_int  stm32f4xx_hal_pcd.o
    0x08004b5c   0x08004b5c   0x000000a2   Code   RO         1175    i.PCD_WriteEmptyTxFifo  stm32f4xx_hal_pcd.o
    0x08004bfe   0x08004bfe   0x00000012   Code   RO         3310    i.RTC_Bcd2ToByte    stm32f4xx_hal_rtc.o
    0x08004c10   0x08004c10   0x00000016   Code   RO         3311    i.RTC_ByteToBcd2    stm32f4xx_hal_rtc.o
    0x08004c26   0x08004c26   0x00000002   PAD
    0x08004c28   0x08004c28   0x0000003a   Code   RO         3312    i.RTC_EnterInitMode  stm32f4xx_hal_rtc.o
    0x08004c62   0x08004c62   0x00000002   PAD
    0x08004c64   0x08004c64   0x0000002c   Code   RO         6535    i.SysTick_Handler   port.o
    0x08004c90   0x08004c90   0x0000009c   Code   RO           15    i.SystemClock_Config  main.o
    0x08004d2c   0x08004d2c   0x00000010   Code   RO         5062    i.SystemInit        system_stm32f4xx.o
    0x08004d3c   0x08004d3c   0x0000000c   Code   RO          640    i.TIM1_UP_TIM10_IRQHandler  stm32f4xx_it.o
    0x08004d48   0x08004d48   0x000000c8   Code   RO         3778    i.TIM_Base_SetConfig  stm32f4xx_hal_tim.o
    0x08004e10   0x08004e10   0x00000010   Code   RO         4698    i.UART_DMAAbortOnError  stm32f4xx_hal_uart.o
    0x08004e20   0x08004e20   0x0000004e   Code   RO         4708    i.UART_EndRxTransfer  stm32f4xx_hal_uart.o
    0x08004e6e   0x08004e6e   0x000000c0   Code   RO         4710    i.UART_Receive_IT   stm32f4xx_hal_uart.o
    0x08004f2e   0x08004f2e   0x00000002   PAD
    0x08004f30   0x08004f30   0x0000010c   Code   RO         4711    i.UART_SetConfig    stm32f4xx_hal_uart.o
    0x0800503c   0x0800503c   0x00000078   Code   RO         4714    i.UART_WaitOnFlagUntilTimeout  stm32f4xx_hal_uart.o
    0x080050b4   0x080050b4   0x0000004c   Code   RO          641    i.USART2_IRQHandler  stm32f4xx_it.o
    0x08005100   0x08005100   0x00000068   Code   RO         7306    i.USBD_CDC_DataIn   usbd_cdc.o
    0x08005168   0x08005168   0x0000002e   Code   RO         7307    i.USBD_CDC_DataOut  usbd_cdc.o
    0x08005196   0x08005196   0x0000004a   Code   RO         7308    i.USBD_CDC_DeInit   usbd_cdc.o
    0x080051e0   0x080051e0   0x00000030   Code   RO         7309    i.USBD_CDC_EP0_RxReady  usbd_cdc.o
    0x08005210   0x08005210   0x0000000c   Code   RO         7310    i.USBD_CDC_GetDeviceQualifierDescriptor  usbd_cdc.o
    0x0800521c   0x0800521c   0x0000000c   Code   RO         7311    i.USBD_CDC_GetFSCfgDesc  usbd_cdc.o
    0x08005228   0x08005228   0x0000000c   Code   RO         7312    i.USBD_CDC_GetHSCfgDesc  usbd_cdc.o
    0x08005234   0x08005234   0x0000000c   Code   RO         7313    i.USBD_CDC_GetOtherSpeedCfgDesc  usbd_cdc.o
    0x08005240   0x08005240   0x000000c4   Code   RO         7314    i.USBD_CDC_Init     usbd_cdc.o
    0x08005304   0x08005304   0x00000032   Code   RO         7315    i.USBD_CDC_ReceivePacket  usbd_cdc.o
    0x08005336   0x08005336   0x00000010   Code   RO         7316    i.USBD_CDC_RegisterInterface  usbd_cdc.o
    0x08005346   0x08005346   0x00000014   Code   RO         7317    i.USBD_CDC_SetRxBuffer  usbd_cdc.o
    0x0800535a   0x0800535a   0x00000018   Code   RO         7318    i.USBD_CDC_SetTxBuffer  usbd_cdc.o
    0x08005372   0x08005372   0x000000fa   Code   RO         7319    i.USBD_CDC_Setup    usbd_cdc.o
    0x0800546c   0x0800546c   0x00000038   Code   RO         7320    i.USBD_CDC_TransmitPacket  usbd_cdc.o
    0x080054a4   0x080054a4   0x00000012   Code   RO         7010    i.USBD_ClrClassConfig  usbd_core.o
    0x080054b6   0x080054b6   0x00000026   Code   RO         7148    i.USBD_ClrFeature   usbd_ctlreq.o
    0x080054dc   0x080054dc   0x00000010   Code   RO         7246    i.USBD_CtlContinueRx  usbd_ioreq.o
    0x080054ec   0x080054ec   0x00000010   Code   RO         7247    i.USBD_CtlContinueSendData  usbd_ioreq.o
    0x080054fc   0x080054fc   0x00000018   Code   RO         7149    i.USBD_CtlError     usbd_ctlreq.o
    0x08005514   0x08005514   0x0000001e   Code   RO         7248    i.USBD_CtlPrepareRx  usbd_ioreq.o
    0x08005532   0x08005532   0x00000016   Code   RO         7249    i.USBD_CtlReceiveStatus  usbd_ioreq.o
    0x08005548   0x08005548   0x0000001a   Code   RO         7250    i.USBD_CtlSendData  usbd_ioreq.o
    0x08005562   0x08005562   0x00000016   Code   RO         7251    i.USBD_CtlSendStatus  usbd_ioreq.o
    0x08005578   0x08005578   0x00000030   Code   RO         6647    i.USBD_FS_ConfigStrDescriptor  usbd_desc.o
    0x080055a8   0x080055a8   0x0000000c   Code   RO         6648    i.USBD_FS_DeviceDescriptor  usbd_desc.o
    0x080055b4   0x080055b4   0x00000034   Code   RO         6649    i.USBD_FS_InterfaceStrDescriptor  usbd_desc.o
    0x080055e8   0x080055e8   0x0000000c   Code   RO         6650    i.USBD_FS_LangIDStrDescriptor  usbd_desc.o
    0x080055f4   0x080055f4   0x00000028   Code   RO         6651    i.USBD_FS_ManufacturerStrDescriptor  usbd_desc.o
    0x0800561c   0x0800561c   0x0000003c   Code   RO         6652    i.USBD_FS_ProductStrDescriptor  usbd_desc.o
    0x08005658   0x08005658   0x00000014   Code   RO         6653    i.USBD_FS_SerialStrDescriptor  usbd_desc.o
    0x0800566c   0x0800566c   0x00000034   Code   RO         7150    i.USBD_GetConfig    usbd_ctlreq.o
    0x080056a0   0x080056a0   0x000001b4   Code   RO         7151    i.USBD_GetDescriptor  usbd_ctlreq.o
    0x08005854   0x08005854   0x00000018   Code   RO         7152    i.USBD_GetLen       usbd_ctlreq.o
    0x0800586c   0x0800586c   0x00000036   Code   RO         7153    i.USBD_GetStatus    usbd_ctlreq.o
    0x080058a2   0x080058a2   0x00000044   Code   RO         7154    i.USBD_GetString    usbd_ctlreq.o
    0x080058e6   0x080058e6   0x00000024   Code   RO         6816    i.USBD_Get_USB_Status  usbd_conf.o
    0x0800590a   0x0800590a   0x00000028   Code   RO         7012    i.USBD_Init         usbd_core.o
    0x08005932   0x08005932   0x00000012   Code   RO         6817    i.USBD_LL_ClearStallEP  usbd_conf.o
    0x08005944   0x08005944   0x00000012   Code   RO         6818    i.USBD_LL_CloseEP   usbd_conf.o
    0x08005956   0x08005956   0x000000bc   Code   RO         7013    i.USBD_LL_DataInStage  usbd_core.o
    0x08005a12   0x08005a12   0x00000070   Code   RO         7014    i.USBD_LL_DataOutStage  usbd_core.o
    0x08005a82   0x08005a82   0x00000004   Code   RO         7015    i.USBD_LL_DevConnected  usbd_core.o
    0x08005a86   0x08005a86   0x0000001a   Code   RO         7016    i.USBD_LL_DevDisconnected  usbd_core.o
    0x08005aa0   0x08005aa0   0x00000008   Code   RO         6822    i.USBD_LL_GetRxDataSize  usbd_conf.o
    0x08005aa8   0x08005aa8   0x00000060   Code   RO         6823    i.USBD_LL_Init      usbd_conf.o
    0x08005b08   0x08005b08   0x00000022   Code   RO         6824    i.USBD_LL_IsStallEP  usbd_conf.o
    0x08005b2a   0x08005b2a   0x00000022   Code   RO         7017    i.USBD_LL_IsoINIncomplete  usbd_core.o
    0x08005b4c   0x08005b4c   0x00000022   Code   RO         7018    i.USBD_LL_IsoOUTIncomplete  usbd_core.o
    0x08005b6e   0x08005b6e   0x00000018   Code   RO         6825    i.USBD_LL_OpenEP    usbd_conf.o
    0x08005b86   0x08005b86   0x00000012   Code   RO         6826    i.USBD_LL_PrepareReceive  usbd_conf.o
    0x08005b98   0x08005b98   0x0000005c   Code   RO         7019    i.USBD_LL_Reset     usbd_core.o
    0x08005bf4   0x08005bf4   0x00000014   Code   RO         7020    i.USBD_LL_Resume    usbd_core.o
    0x08005c08   0x08005c08   0x00000022   Code   RO         7021    i.USBD_LL_SOF       usbd_core.o
    0x08005c2a   0x08005c2a   0x00000006   Code   RO         7022    i.USBD_LL_SetSpeed  usbd_core.o
    0x08005c30   0x08005c30   0x00000012   Code   RO         6827    i.USBD_LL_SetUSBAddress  usbd_conf.o
    0x08005c42   0x08005c42   0x00000064   Code   RO         7023    i.USBD_LL_SetupStage  usbd_core.o
    0x08005ca6   0x08005ca6   0x00000012   Code   RO         6828    i.USBD_LL_StallEP   usbd_conf.o
    0x08005cb8   0x08005cb8   0x00000012   Code   RO         6829    i.USBD_LL_Start     usbd_conf.o
    0x08005cca   0x08005cca   0x00000012   Code   RO         7024    i.USBD_LL_Suspend   usbd_core.o
    0x08005cdc   0x08005cdc   0x00000012   Code   RO         6831    i.USBD_LL_Transmit  usbd_conf.o
    0x08005cee   0x08005cee   0x00000032   Code   RO         7155    i.USBD_ParseSetupRequest  usbd_ctlreq.o
    0x08005d20   0x08005d20   0x00000024   Code   RO         7025    i.USBD_RegisterClass  usbd_core.o
    0x08005d44   0x08005d44   0x00000004   Code   RO         7026    i.USBD_RunTestMode  usbd_core.o
    0x08005d48   0x08005d48   0x00000058   Code   RO         7156    i.USBD_SetAddress   usbd_ctlreq.o
    0x08005da0   0x08005da0   0x00000014   Code   RO         7027    i.USBD_SetClassConfig  usbd_core.o
    0x08005db4   0x08005db4   0x000000d8   Code   RO         7157    i.USBD_SetConfig    usbd_ctlreq.o
    0x08005e8c   0x08005e8c   0x00000010   Code   RO         7158    i.USBD_SetFeature   usbd_ctlreq.o
    0x08005e9c   0x08005e9c   0x00000004   Code   RO         7028    i.USBD_Start        usbd_core.o
    0x08005ea0   0x08005ea0   0x00000084   Code   RO         7159    i.USBD_StdDevReq    usbd_ctlreq.o
    0x08005f24   0x08005f24   0x000001e8   Code   RO         7160    i.USBD_StdEPReq     usbd_ctlreq.o
    0x0800610c   0x0800610c   0x0000006e   Code   RO         7161    i.USBD_StdItfReq    usbd_ctlreq.o
    0x0800617a   0x0800617a   0x00000002   Code   RO         6832    i.USBD_static_free  usbd_conf.o
    0x0800617c   0x0800617c   0x00000008   Code   RO         6833    i.USBD_static_malloc  usbd_conf.o
    0x08006184   0x08006184   0x00000080   Code   RO         1410    i.USB_ActivateEndpoint  stm32f4xx_ll_usb.o
    0x08006204   0x08006204   0x0000001c   Code   RO         1412    i.USB_ActivateSetup  stm32f4xx_ll_usb.o
    0x08006220   0x08006220   0x00000074   Code   RO         1414    i.USB_CoreInit      stm32f4xx_ll_usb.o
    0x08006294   0x08006294   0x00000040   Code   RO         1415    i.USB_CoreReset     stm32f4xx_ll_usb.o
    0x080062d4   0x080062d4   0x000000cc   Code   RO         1418    i.USB_DeactivateEndpoint  stm32f4xx_ll_usb.o
    0x080063a0   0x080063a0   0x0000001c   Code   RO         1419    i.USB_DevConnect    stm32f4xx_ll_usb.o
    0x080063bc   0x080063bc   0x0000001c   Code   RO         1420    i.USB_DevDisconnect  stm32f4xx_ll_usb.o
    0x080063d8   0x080063d8   0x00000174   Code   RO         1421    i.USB_DevInit       stm32f4xx_ll_usb.o
    0x0800654c   0x0800654c   0x0000000c   Code   RO         1422    i.USB_DisableGlobalInt  stm32f4xx_ll_usb.o
    0x08006558   0x08006558   0x00000118   Code   RO         1425    i.USB_EP0StartXfer  stm32f4xx_ll_usb.o
    0x08006670   0x08006670   0x00000058   Code   RO         1426    i.USB_EP0_OutStart  stm32f4xx_ll_usb.o
    0x080066c8   0x080066c8   0x00000058   Code   RO         1427    i.USB_EPClearStall  stm32f4xx_ll_usb.o
    0x08006720   0x08006720   0x00000058   Code   RO         1428    i.USB_EPSetStall    stm32f4xx_ll_usb.o
    0x08006778   0x08006778   0x000001e8   Code   RO         1429    i.USB_EPStartXfer   stm32f4xx_ll_usb.o
    0x08006960   0x08006960   0x0000000c   Code   RO         1430    i.USB_EnableGlobalInt  stm32f4xx_ll_usb.o
    0x0800696c   0x0800696c   0x00000028   Code   RO         1431    i.USB_FlushRxFifo   stm32f4xx_ll_usb.o
    0x08006994   0x08006994   0x0000002c   Code   RO         1432    i.USB_FlushTxFifo   stm32f4xx_ll_usb.o
    0x080069c0   0x080069c0   0x0000001a   Code   RO         1434    i.USB_GetDevSpeed   stm32f4xx_ll_usb.o
    0x080069da   0x080069da   0x00000008   Code   RO         1436    i.USB_GetMode       stm32f4xx_ll_usb.o
    0x080069e2   0x080069e2   0x0000000e   Code   RO         1443    i.USB_ReadDevAllInEpInterrupt  stm32f4xx_ll_usb.o
    0x080069f0   0x080069f0   0x0000000e   Code   RO         1444    i.USB_ReadDevAllOutEpInterrupt  stm32f4xx_ll_usb.o
    0x080069fe   0x080069fe   0x00000024   Code   RO         1445    i.USB_ReadDevInEPInterrupt  stm32f4xx_ll_usb.o
    0x08006a22   0x08006a22   0x00000010   Code   RO         1446    i.USB_ReadDevOutEPInterrupt  stm32f4xx_ll_usb.o
    0x08006a32   0x08006a32   0x00000008   Code   RO         1447    i.USB_ReadInterrupts  stm32f4xx_ll_usb.o
    0x08006a3a   0x08006a3a   0x0000003e   Code   RO         1448    i.USB_ReadPacket    stm32f4xx_ll_usb.o
    0x08006a78   0x08006a78   0x0000005c   Code   RO         1450    i.USB_SetCurrentMode  stm32f4xx_ll_usb.o
    0x08006ad4   0x08006ad4   0x00000022   Code   RO         1451    i.USB_SetDevAddress  stm32f4xx_ll_usb.o
    0x08006af6   0x08006af6   0x00000002   PAD
    0x08006af8   0x08006af8   0x000000e8   Code   RO         1453    i.USB_SetTurnaroundTime  stm32f4xx_ll_usb.o
    0x08006be0   0x08006be0   0x00000028   Code   RO         1456    i.USB_WritePacket   stm32f4xx_ll_usb.o
    0x08006c08   0x08006c08   0x00000002   Code   RO          642    i.UsageFault_Handler  stm32f4xx_it.o
    0x08006c0a   0x08006c0a   0x00000002   PAD
    0x08006c0c   0x08006c0c   0x00000024   Code   RO          835    i.Usart_SendString  bsp_esp01s.o
    0x08006c30   0x08006c30   0x0000000c   Code   RO          643    i.WWDG_IRQHandler   stm32f4xx_it.o
    0x08006c3c   0x08006c3c   0x00000028   Code   RO         7698    i.__0sprintf        mc_w.l(printfa.o)
    0x08006c64   0x08006c64   0x0000002c   Code   RO         7701    i.__0vsnprintf      mc_w.l(printfa.o)
    0x08006c90   0x08006c90   0x00000020   Code   RO         2463    i.__NVIC_SetPriority  stm32f4xx_hal_cortex.o
    0x08006cb0   0x08006cb0   0x0000000e   Code   RO         7796    i.__scatterload_copy  mc_w.l(handlers.o)
    0x08006cbe   0x08006cbe   0x00000002   Code   RO         7797    i.__scatterload_null  mc_w.l(handlers.o)
    0x08006cc0   0x08006cc0   0x0000000e   Code   RO         7798    i.__scatterload_zeroinit  mc_w.l(handlers.o)
    0x08006cce   0x08006cce   0x00000002   PAD
    0x08006cd0   0x08006cd0   0x00000184   Code   RO         7703    i._fp_digits        mc_w.l(printfa.o)
    0x08006e54   0x08006e54   0x000006dc   Code   RO         7704    i._printf_core      mc_w.l(printfa.o)
    0x08007530   0x08007530   0x00000024   Code   RO         7705    i._printf_post_padding  mc_w.l(printfa.o)
    0x08007554   0x08007554   0x0000002e   Code   RO         7706    i._printf_pre_padding  mc_w.l(printfa.o)
    0x08007582   0x08007582   0x00000016   Code   RO         7707    i._snputc           mc_w.l(printfa.o)
    0x08007598   0x08007598   0x0000000a   Code   RO         7708    i._sputc            mc_w.l(printfa.o)
    0x080075a2   0x080075a2   0x00000002   PAD
    0x080075a4   0x080075a4   0x00000050   Code   RO         7724    i.free              mc_w.l(malloc.o)
    0x080075f4   0x080075f4   0x0000000c   Code   RO         6098    i.inHandlerMode     cmsis_os.o
    0x08007600   0x08007600   0x0000003a   Code   RO           16    i.main              main.o
    0x0800763a   0x0800763a   0x0000000c   Code   RO         6100    i.makeFreeRtosPriority  cmsis_os.o
    0x08007646   0x08007646   0x00000002   PAD
    0x08007648   0x08007648   0x0000006c   Code   RO         7725    i.malloc            mc_w.l(malloc.o)
    0x080076b4   0x080076b4   0x00000080   Code   RO          334    i.myTimer01_Callback  freertos.o
    0x08007734   0x08007734   0x0000000e   Code   RO         6102    i.osDelay           cmsis_os.o
    0x08007742   0x08007742   0x0000000a   Code   RO         6105    i.osKernelStart     cmsis_os.o
    0x0800774c   0x0800774c   0x00000026   Code   RO         6114    i.osMessageCreate   cmsis_os.o
    0x08007772   0x08007772   0x0000003e   Code   RO         6131    i.osSemaphoreCreate  cmsis_os.o
    0x080077b0   0x080077b0   0x00000054   Code   RO         6139    i.osThreadCreate    cmsis_os.o
    0x08007804   0x08007804   0x00000040   Code   RO         6152    i.osTimerCreate     cmsis_os.o
    0x08007844   0x08007844   0x0000005c   Code   RO         6154    i.osTimerStart      cmsis_os.o
    0x080078a0   0x080078a0   0x00000078   Code   RO         5583    i.prvAddCurrentTaskToDelayedList  tasks.o
    0x08007918   0x08007918   0x000000d0   Code   RO         5584    i.prvAddNewTaskToReadyList  tasks.o
    0x080079e8   0x080079e8   0x00000058   Code   RO         5942    i.prvCheckForValidListAndQueue  timers.o
    0x08007a40   0x08007a40   0x00000026   Code   RO         5240    i.prvCopyDataFromQueue  queue.o
    0x08007a66   0x08007a66   0x0000006c   Code   RO         5241    i.prvCopyDataToQueue  queue.o
    0x08007ad2   0x08007ad2   0x00000034   Code   RO         5585    i.prvDeleteTCB      tasks.o
    0x08007b06   0x08007b06   0x00000002   PAD
    0x08007b08   0x08007b08   0x0000004c   Code   RO         6479    i.prvHeapInit       heap_4.o
    0x08007b54   0x08007b54   0x00000060   Code   RO         5586    i.prvIdleTask       tasks.o
    0x08007bb4   0x08007bb4   0x00000016   Code   RO         5243    i.prvInitialiseNewQueue  queue.o
    0x08007bca   0x08007bca   0x00000002   PAD
    0x08007bcc   0x08007bcc   0x000000b4   Code   RO         5587    i.prvInitialiseNewTask  tasks.o
    0x08007c80   0x08007c80   0x0000004e   Code   RO         5943    i.prvInitialiseNewTimer  timers.o
    0x08007cce   0x08007cce   0x00000002   PAD
    0x08007cd0   0x08007cd0   0x0000004c   Code   RO         6480    i.prvInsertBlockIntoFreeList  heap_4.o
    0x08007d1c   0x08007d1c   0x00000038   Code   RO         5944    i.prvInsertTimerInActiveList  timers.o
    0x08007d54   0x08007d54   0x0000001c   Code   RO         5244    i.prvIsQueueEmpty   queue.o
    0x08007d70   0x08007d70   0x000000fc   Code   RO         5945    i.prvProcessReceivedCommands  timers.o
    0x08007e6c   0x08007e6c   0x000000c0   Code   RO         5946    i.prvProcessTimerOrBlockTask  timers.o
    0x08007f2c   0x08007f2c   0x00000020   Code   RO         5588    i.prvResetNextTaskUnblockTime  tasks.o
    0x08007f4c   0x08007f4c   0x00000028   Code   RO         5947    i.prvSampleTimeNow  timers.o
    0x08007f74   0x08007f74   0x0000006c   Code   RO         5948    i.prvSwitchTimerLists  timers.o
    0x08007fe0   0x08007fe0   0x00000028   Code   RO         6536    i.prvTaskExitError  port.o
    0x08008008   0x08008008   0x00000024   Code   RO         5949    i.prvTimerTask      timers.o
    0x0800802c   0x0800802c   0x0000006a   Code   RO         5245    i.prvUnlockQueue    queue.o
    0x08008096   0x08008096   0x00000002   PAD
    0x08008098   0x08008098   0x000000dc   Code   RO         6481    i.pvPortMalloc      heap_4.o
    0x08008174   0x08008174   0x00000018   Code   RO         5592    i.pvTaskIncrementMutexHeldCount  tasks.o
    0x0800818c   0x0800818c   0x0000002c   Code   RO         6537    i.pxPortInitialiseStack  port.o
    0x080081b8   0x080081b8   0x00000024   Code   RO         6742    i.usb_printf        usbd_cdc_if.o
    0x080081dc   0x080081dc   0x00000026   Code   RO         5200    i.uxListRemove      list.o
    0x08008202   0x08008202   0x00000002   PAD
    0x08008204   0x08008204   0x00000014   Code   RO          335    i.vApplicationGetIdleTaskMemory  freertos.o
    0x08008218   0x08008218   0x00000018   Code   RO          336    i.vApplicationGetTimerTaskMemory  freertos.o
    0x08008230   0x08008230   0x00000016   Code   RO         5201    i.vListInitialise   list.o
    0x08008246   0x08008246   0x00000006   Code   RO         5202    i.vListInitialiseItem  list.o
    0x0800824c   0x0800824c   0x00000030   Code   RO         5203    i.vListInsert       list.o
    0x0800827c   0x0800827c   0x00000018   Code   RO         5204    i.vListInsertEnd    list.o
    0x08008294   0x08008294   0x00000040   Code   RO         6539    i.vPortEnterCritical  port.o
    0x080082d4   0x080082d4   0x00000028   Code   RO         6540    i.vPortExitCritical  port.o
    0x080082fc   0x080082fc   0x00000064   Code   RO         6482    i.vPortFree         heap_4.o
    0x08008360   0x08008360   0x00000024   Code   RO         6541    i.vPortSetupTimerInterrupt  port.o
    0x08008384   0x08008384   0x00000054   Code   RO         6542    i.vPortValidateInterruptPriority  port.o
    0x080083d8   0x080083d8   0x00000028   Code   RO         5249    i.vQueueAddToRegistry  queue.o
    0x08008400   0x08008400   0x00000044   Code   RO         5252    i.vQueueWaitForMessageRestricted  queue.o
    0x08008444   0x08008444   0x0000004c   Code   RO         5601    i.vTaskDelay        tasks.o
    0x08008490   0x08008490   0x00000010   Code   RO         5605    i.vTaskInternalSetTimeOutState  tasks.o
    0x080084a0   0x080084a0   0x0000000c   Code   RO         5606    i.vTaskMissedYield  tasks.o
    0x080084ac   0x080084ac   0x00000030   Code   RO         5608    i.vTaskPlaceOnEventList  tasks.o
    0x080084dc   0x080084dc   0x00000038   Code   RO         5609    i.vTaskPlaceOnEventListRestricted  tasks.o
    0x08008514   0x08008514   0x000000a0   Code   RO         5611    i.vTaskPriorityDisinheritAfterTimeout  tasks.o
    0x080085b4   0x080085b4   0x00000088   Code   RO         5616    i.vTaskStartScheduler  tasks.o
    0x0800863c   0x0800863c   0x00000010   Code   RO         5618    i.vTaskSuspendAll   tasks.o
    0x0800864c   0x0800864c   0x0000005c   Code   RO         5619    i.vTaskSwitchContext  tasks.o
    0x080086a8   0x080086a8   0x000000f4   Code   RO         6543    i.xPortStartScheduler  port.o
    0x0800879c   0x0800879c   0x00000042   Code   RO         5255    i.xQueueGenericCreate  queue.o
    0x080087de   0x080087de   0x00000066   Code   RO         5256    i.xQueueGenericCreateStatic  queue.o
    0x08008844   0x08008844   0x00000088   Code   RO         5257    i.xQueueGenericReset  queue.o
    0x080088cc   0x080088cc   0x00000160   Code   RO         5258    i.xQueueGenericSend  queue.o
    0x08008a2c   0x08008a2c   0x000000be   Code   RO         5259    i.xQueueGenericSendFromISR  queue.o
    0x08008aea   0x08008aea   0x00000002   PAD
    0x08008aec   0x08008aec   0x00000138   Code   RO         5267    i.xQueueReceive     queue.o
    0x08008c24   0x08008c24   0x00000178   Code   RO         5269    i.xQueueSemaphoreTake  queue.o
    0x08008d9c   0x08008d9c   0x00000088   Code   RO         5622    i.xTaskCheckForTimeOut  tasks.o
    0x08008e24   0x08008e24   0x0000005a   Code   RO         5623    i.xTaskCreate       tasks.o
    0x08008e7e   0x08008e7e   0x00000056   Code   RO         5624    i.xTaskCreateStatic  tasks.o
    0x08008ed4   0x08008ed4   0x0000001c   Code   RO         5629    i.xTaskGetSchedulerState  tasks.o
    0x08008ef0   0x08008ef0   0x0000000c   Code   RO         5630    i.xTaskGetTickCount  tasks.o
    0x08008efc   0x08008efc   0x000000cc   Code   RO         5632    i.xTaskIncrementTick  tasks.o
    0x08008fc8   0x08008fc8   0x00000098   Code   RO         5635    i.xTaskPriorityDisinherit  tasks.o
    0x08009060   0x08009060   0x0000008c   Code   RO         5636    i.xTaskPriorityInherit  tasks.o
    0x080090ec   0x080090ec   0x00000074   Code   RO         5637    i.xTaskRemoveFromEventList  tasks.o
    0x08009160   0x08009160   0x000000c4   Code   RO         5638    i.xTaskResumeAll    tasks.o
    0x08009224   0x08009224   0x00000034   Code   RO         5954    i.xTimerCreate      timers.o
    0x08009258   0x08009258   0x0000002e   Code   RO         5955    i.xTimerCreateStatic  timers.o
    0x08009286   0x08009286   0x00000002   PAD
    0x08009288   0x08009288   0x00000060   Code   RO         5956    i.xTimerCreateTimerTask  timers.o
    0x080092e8   0x080092e8   0x00000068   Code   RO         5957    i.xTimerGenericCommand  timers.o
    0x08009350   0x08009350   0x00000098   Data   RO          338    .constdata          freertos.o
    0x080093e8   0x080093e8   0x00000008   Data   RO         2180    .constdata          stm32f4xx_hal_dma.o
    0x080093f0   0x080093f0   0x00000010   Data   RO         5063    .constdata          system_stm32f4xx.o
    0x08009400   0x08009400   0x00000008   Data   RO         5064    .constdata          system_stm32f4xx.o
    0x08009408   0x08009408   0x00000030   Data   RO          339    .conststring        freertos.o
    0x08009438   0x08009438   0x00000020   Data   RO         7794    Region$$Table       anon$$obj.o


    Execution Region RW_IRAM2 (Exec base: 0x10000000, Load base: 0x08009524, Size: 0x00000000, Max: 0x00010000, ABSOLUTE)

    **** No section assigned to this execution region ****


    Execution Region RW_IRAM1 (Exec base: 0x20000000, Load base: 0x08009458, Size: 0x00006d08, Max: 0x00020000, ABSOLUTE, COMPRESSED[0x000000cc])

    Exec Addr    Load Addr    Size         Type   Attr      Idx    E Section Name        Object

    0x20000000   COMPRESSED   0x0000002c   Data   RW          340    .data               freertos.o
    0x2000002c   COMPRESSED   0x00000004   Data   RW          837    .data               bsp_esp01s.o
    0x20000030   COMPRESSED   0x00000001   Data   RW         1087    .data               onenet.o
    0x20000031   COMPRESSED   0x00000003   PAD
    0x20000034   COMPRESSED   0x0000000c   Data   RW         2607    .data               stm32f4xx_hal.o
    0x20000040   COMPRESSED   0x00000004   Data   RW         5065    .data               system_stm32f4xx.o
    0x20000044   COMPRESSED   0x0000003c   Data   RW         5641    .data               tasks.o
    0x20000080   COMPRESSED   0x00000014   Data   RW         5965    .data               timers.o
    0x20000094   COMPRESSED   0x00000020   Data   RW         6488    .data               heap_4.o
    0x200000b4   COMPRESSED   0x0000000c   Data   RW         6544    .data               port.o
    0x200000c0   COMPRESSED   0x0000001c   Data   RW         6655    .data               usbd_desc.o
    0x200000dc   COMPRESSED   0x00000032   Data   RW         6656    .data               usbd_desc.o
    0x2000010e   COMPRESSED   0x00000002   PAD
    0x20000110   COMPRESSED   0x00000014   Data   RW         6744    .data               usbd_cdc_if.o
    0x20000124   COMPRESSED   0x00000001   Data   RW         7162    .data               usbd_ctlreq.o
    0x20000125   COMPRESSED   0x00000003   PAD
    0x20000128   COMPRESSED   0x000000d7   Data   RW         7321    .data               usbd_cdc.o
    0x200001ff   COMPRESSED   0x00000001   PAD
    0x20000200   COMPRESSED   0x00000038   Data   RW         7322    .data               usbd_cdc.o
    0x20000238   COMPRESSED   0x00000004   Data   RW         7775    .data               mc_w.l(mvars.o)
    0x2000023c   COMPRESSED   0x00000004   Data   RW         7776    .data               mc_w.l(mvars.o)
    0x20000240        -       0x000006bc   Zero   RW          337    .bss                freertos.o
    0x200008fc        -       0x000000a8   Zero   RW          440    .bss                i2c.o
    0x200009a4        -       0x00000020   Zero   RW          487    .bss                rtc.o
    0x200009c4        -       0x0000018c   Zero   RW          532    .bss                usart.o
    0x20000b50        -       0x00000014   Zero   RW          593    .bss                wwdg.o
    0x20000b64        -       0x00000048   Zero   RW          756    .bss                stm32f4xx_hal_timebase_tim.o
    0x20000bac        -       0x00000210   Zero   RW          836    .bss                bsp_esp01s.o
    0x20000dbc        -       0x00000010   Zero   RW         1086    .bss                onenet.o
    0x20000dcc        -       0x00000040   Zero   RW         5270    .bss                queue.o
    0x20000e0c        -       0x000000f0   Zero   RW         5640    .bss                tasks.o
    0x20000efc        -       0x00000110   Zero   RW         5964    .bss                timers.o
    0x2000100c        -       0x00003c00   Zero   RW         6487    .bss                heap_4.o
    0x20004c0c        -       0x000002d0   Zero   RW         6615    .bss                usb_device.o
    0x20004edc        -       0x00000200   Zero   RW         6654    .bss                usbd_desc.o
    0x200050dc        -       0x00001000   Zero   RW         6743    .bss                usbd_cdc_if.o
    0x200060dc        -       0x00000628   Zero   RW         6834    .bss                usbd_conf.o
    0x20006704   COMPRESSED   0x00000004   PAD
    0x20006708        -       0x00000200   Zero   RW            2    HEAP                startup_stm32f407xx.o
    0x20006908        -       0x00000400   Zero   RW            1    STACK               startup_stm32f407xx.o


==============================================================================

Image component sizes


      Code (inc. data)   RO Data    RW Data    ZI Data      Debug   Object Name

       120         50          0          0          0       2204   bsp_bh1750.o
       764        332          0          4        528       6001   bsp_esp01s.o
       388          8          0          0          0      32090   cmsis_os.o
        60          4          0          0          0        814   dma.o
         0          0          0          0          0      19712   event_groups.o
       920        224        200         44       1724       7045   freertos.o
       200         12          0          0          0       1079   gpio.o
       472         24          0         32      15360       4955   heap_4.o
       292         48          0          0        168       2426   i2c.o
       138          0          0          0          0       3630   list.o
       238         16          0          0          0     762551   main.o
      1566         30          0          0          0      11275   mqttkit.o
      1324        672          0          1         16       5395   onenet.o
       786         82          0         12          0      12013   port.o
      1944         24          0          0         64      20368   queue.o
       192         18          0          0         32       1711   rtc.o
        36          8        392          0       1536        836   startup_stm32f407xx.o
       116         18          0         12          0       8822   stm32f4xx_hal.o
       158         14          0          0          0      33226   stm32f4xx_hal_cortex.o
       934         16          8          0          0       5723   stm32f4xx_hal_dma.o
       506         46          0          0          0       2240   stm32f4xx_hal_gpio.o
      2118         50          0          0          0      12754   stm32f4xx_hal_i2c.o
        56          4          0          0          0        898   stm32f4xx_hal_msp.o
      2308         14          0          0          0      12965   stm32f4xx_hal_pcd.o
        78          0          0          0          0       2457   stm32f4xx_hal_pcd_ex.o
      1420         88          0          0          0       6497   stm32f4xx_hal_rcc.o
       316         20          0          0          0       1416   stm32f4xx_hal_rcc_ex.o
       916         30          0          0          0       7660   stm32f4xx_hal_rtc.o
       786         72          0          0          0       7504   stm32f4xx_hal_tim.o
         4          0          0          0          0       1645   stm32f4xx_hal_tim_ex.o
       116         16          0          0         72       1467   stm32f4xx_hal_timebase_tim.o
      1588         16          0          0          0      10711   stm32f4xx_hal_uart.o
        82          0          0          0          0       2309   stm32f4xx_hal_wwdg.o
       148         44          0          0          0       5886   stm32f4xx_it.o
      2690        132          0          0          0      23550   stm32f4xx_ll_usb.o
         0          0          0          0          0        392   stream_buffer.o
        16          4         24          4          0       1175   system_stm32f4xx.o
      2484        184          0         60        240      29901   tasks.o
      1148         80          0         20        272      33087   timers.o
       536         58          0          0        396       3518   usart.o
        84         18          0          0        720        840   usb_device.o
       932         16          0        271          0      14261   usbd_cdc.o
       156         24          0         20       4096       4937   usbd_cdc_if.o
       660         28          0          0       1576      17288   usbd_conf.o
       790          0          0          0          0      13577   usbd_core.o
      1796         28          0          1          0      17692   usbd_ctlreq.o
       362        110          0         78        512       7113   usbd_desc.o
       132          0          0          0          0       4624   usbd_ioreq.o
       132         26          0          0         20       2185   wwdg.o

    ----------------------------------------------------------------------
     33064       2708        656        568      27336    1192425   Object Totals
         0          0         32          0          0          0   (incl. Generated)
        56          0          0          9          4          0   (incl. Padding)

    ----------------------------------------------------------------------

      Code (inc. data)   RO Data    RW Data    ZI Data      Debug   Library Member Name

        86          0          0          0          0          0   __dczerorl2.o
         0          0          0          0          0          0   entry.o
         0          0          0          0          0          0   entry10a.o
         0          0          0          0          0          0   entry11a.o
         8          4          0          0          0          0   entry2.o
         4          0          0          0          0          0   entry5.o
         0          0          0          0          0          0   entry7b.o
         0          0          0          0          0          0   entry8b.o
         8          4          0          0          0          0   entry9a.o
        30          0          0          0          0          0   handlers.o
        36          8          0          0          0         68   init.o
         0          0          0          0          0          0   iusefp.o
        30          0          0          0          0         68   llshl.o
        36          0          0          0          0         68   llsshr.o
        32          0          0          0          0         68   llushr.o
       188         20          0          0          0        160   malloc.o
        36          0          0          0          0         68   memcpya.o
        36          0          0          0          0        108   memseta.o
         0          0          0          8          0          0   mvars.o
      2342         90          0          0          0        668   printfa.o
        24          0          0          0          0         68   strcat.o
        20          0          0          0          0         68   strchr.o
        14          0          0          0          0         68   strlen.o
        40          0          0          0          0         76   strncat.o
        36          0          0          0          0         80   strstr.o
        44          0          0          0          0         80   uidiv.o
        98          0          0          0          0         92   uldiv.o
        48          0          0          0          0         68   cdrcmple.o
       334          0          0          0          0        148   dadd.o
       222          0          0          0          0        100   ddiv.o
       186          0          0          0          0        176   depilogue.o
        48          0          0          0          0         68   dfixul.o
       228          0          0          0          0         96   dmul.o
        38          0          0          0          0         68   f2d.o

    ----------------------------------------------------------------------
      4256        126          0          8          0       2532   Library Totals
         4          0          0          0          0          0   (incl. Padding)

    ----------------------------------------------------------------------

      Code (inc. data)   RO Data    RW Data    ZI Data      Debug   Library Name

      3148        126          0          8          0       1808   mc_w.l
      1104          0          0          0          0        724   mf_w.l

    ----------------------------------------------------------------------
      4256        126          0          8          0       2532   Library Totals

    ----------------------------------------------------------------------

==============================================================================


      Code (inc. data)   RO Data    RW Data    ZI Data      Debug   

     37320       2834        656        576      27336    1159137   Grand Totals
     37320       2834        656        204      27336    1159137   ELF Image Totals (compressed)
     37320       2834        656        204          0          0   ROM Totals

==============================================================================

    Total RO  Size (Code + RO Data)                37976 (  37.09kB)
    Total RW  Size (RW Data + ZI Data)             27912 (  27.26kB)
    Total ROM Size (Code + RO Data + RW Data)      38180 (  37.29kB)

==============================================================================

