Component: ARM Compiler 5.06 update 6 (build 750) Tool: armlink [4d35ed]

==============================================================================

Section Cross References

    startup_stm32f407xx.o(RESET) refers to startup_stm32f407xx.o(STACK) for __initial_sp
    startup_stm32f407xx.o(RESET) refers to startup_stm32f407xx.o(.text) for Reset_Handler
    startup_stm32f407xx.o(RESET) refers to stm32f4xx_it.o(i.NMI_Handler) for NMI_Handler
    startup_stm32f407xx.o(RESET) refers to stm32f4xx_it.o(i.HardFault_Handler) for HardFault_Handler
    startup_stm32f407xx.o(RESET) refers to stm32f4xx_it.o(i.MemManage_Handler) for MemManage_Handler
    startup_stm32f407xx.o(RESET) refers to stm32f4xx_it.o(i.BusFault_Handler) for BusFault_Handler
    startup_stm32f407xx.o(RESET) refers to stm32f4xx_it.o(i.UsageFault_Handler) for UsageFault_Handler
    startup_stm32f407xx.o(RESET) refers to port.o(.emb_text) for SVC_Handler
    startup_stm32f407xx.o(RESET) refers to stm32f4xx_it.o(i.DebugMon_Handler) for DebugMon_Handler
    startup_stm32f407xx.o(RESET) refers to port.o(i.SysTick_Handler) for SysTick_Handler
    startup_stm32f407xx.o(RESET) refers to stm32f4xx_it.o(i.WWDG_IRQHandler) for WWDG_IRQHandler
    startup_stm32f407xx.o(RESET) refers to stm32f4xx_it.o(i.EXTI0_IRQHandler) for EXTI0_IRQHandler
    startup_stm32f407xx.o(RESET) refers to stm32f4xx_it.o(i.DMA1_Stream1_IRQHandler) for DMA1_Stream1_IRQHandler
    startup_stm32f407xx.o(RESET) refers to stm32f4xx_it.o(i.DMA1_Stream3_IRQHandler) for DMA1_Stream3_IRQHandler
    startup_stm32f407xx.o(RESET) refers to stm32f4xx_it.o(i.TIM1_UP_TIM10_IRQHandler) for TIM1_UP_TIM10_IRQHandler
    startup_stm32f407xx.o(RESET) refers to stm32f4xx_it.o(i.USART2_IRQHandler) for USART2_IRQHandler
    startup_stm32f407xx.o(RESET) refers to stm32f4xx_it.o(i.OTG_FS_IRQHandler) for OTG_FS_IRQHandler
    startup_stm32f407xx.o(.text) refers to system_stm32f4xx.o(i.SystemInit) for SystemInit
    startup_stm32f407xx.o(.text) refers to entry.o(.ARM.Collect$$$$00000000) for __main
    main.o(i.HAL_TIM_PeriodElapsedCallback) refers to stm32f4xx_hal.o(i.HAL_IncTick) for HAL_IncTick
    main.o(i.SystemClock_Config) refers to memseta.o(.text) for __aeabi_memclr4
    main.o(i.SystemClock_Config) refers to stm32f4xx_hal_rcc.o(i.HAL_RCC_OscConfig) for HAL_RCC_OscConfig
    main.o(i.SystemClock_Config) refers to stm32f4xx_hal_rcc.o(i.HAL_RCC_ClockConfig) for HAL_RCC_ClockConfig
    main.o(i.main) refers to stm32f4xx_hal.o(i.HAL_Init) for HAL_Init
    main.o(i.main) refers to main.o(i.SystemClock_Config) for SystemClock_Config
    main.o(i.main) refers to gpio.o(i.MX_GPIO_Init) for MX_GPIO_Init
    main.o(i.main) refers to usart.o(i.MX_USART1_UART_Init) for MX_USART1_UART_Init
    main.o(i.main) refers to i2c.o(i.MX_I2C1_Init) for MX_I2C1_Init
    main.o(i.main) refers to usart.o(i.MX_USART2_UART_Init) for MX_USART2_UART_Init
    main.o(i.main) refers to i2c.o(i.MX_I2C2_Init) for MX_I2C2_Init
    main.o(i.main) refers to dma.o(i.MX_DMA_Init) for MX_DMA_Init
    main.o(i.main) refers to usart.o(i.MX_USART3_UART_Init) for MX_USART3_UART_Init
    main.o(i.main) refers to wwdg.o(i.MX_WWDG_Init) for MX_WWDG_Init
    main.o(i.main) refers to rtc.o(i.MX_RTC_Init) for MX_RTC_Init
    main.o(i.main) refers to usb_device.o(i.MX_USB_DEVICE_Init) for MX_USB_DEVICE_Init
    main.o(i.main) refers to freertos.o(i.MX_FREERTOS_Init) for MX_FREERTOS_Init
    main.o(i.main) refers to cmsis_os.o(i.osKernelStart) for osKernelStart
    gpio.o(i.MX_GPIO_Init) refers to memseta.o(.text) for __aeabi_memclr4
    gpio.o(i.MX_GPIO_Init) refers to stm32f4xx_hal_gpio.o(i.HAL_GPIO_WritePin) for HAL_GPIO_WritePin
    gpio.o(i.MX_GPIO_Init) refers to stm32f4xx_hal_gpio.o(i.HAL_GPIO_Init) for HAL_GPIO_Init
    gpio.o(i.MX_GPIO_Init) refers to stm32f4xx_hal_cortex.o(i.HAL_NVIC_SetPriority) for HAL_NVIC_SetPriority
    gpio.o(i.MX_GPIO_Init) refers to stm32f4xx_hal_cortex.o(i.HAL_NVIC_EnableIRQ) for HAL_NVIC_EnableIRQ
    freertos.o(i.BH1750Task) refers to bsp_bh1750.o(i.Init_BH1750) for Init_BH1750
    freertos.o(i.BH1750Task) refers to stm32f4xx_hal.o(i.HAL_Delay) for HAL_Delay
    freertos.o(i.BH1750Task) refers to bsp_bh1750.o(i.I2C_BH1750_Opecode_Write) for I2C_BH1750_Opecode_Write
    freertos.o(i.BH1750Task) refers to usbd_cdc_if.o(i.usb_printf) for usb_printf
    freertos.o(i.BH1750Task) refers to bsp_bh1750.o(i.I2C_BH1750_Data_Read) for I2C_BH1750_Data_Read
    freertos.o(i.BH1750Task) refers to queue.o(i.xQueueGenericSend) for xQueueGenericSend
    freertos.o(i.BH1750Task) refers to cmsis_os.o(i.osDelay) for osDelay
    freertos.o(i.BH1750Task) refers to freertos.o(.data) for .data
    freertos.o(i.INFOTask) refers to usb_device.o(i.MX_USB_DEVICE_Init) for MX_USB_DEVICE_Init
    freertos.o(i.INFOTask) refers to queue.o(i.xQueueReceive) for xQueueReceive
    freertos.o(i.INFOTask) refers to usbd_cdc_if.o(i.usb_printf) for usb_printf
    freertos.o(i.INFOTask) refers to cmsis_os.o(i.osDelay) for osDelay
[...]
    HAL_TIMEx_BreakCallback                  0x080037e3   Thumb Code     2  stm32f4xx_hal_tim_ex.o(i.HAL_TIMEx_BreakCallback)
    HAL_TIMEx_CommutCallback                 0x080037e5   Thumb Code     2  stm32f4xx_hal_tim_ex.o(i.HAL_TIMEx_CommutCallback)
    HAL_TIM_Base_Init                        0x080037e7   Thumb Code    90  stm32f4xx_hal_tim.o(i.HAL_TIM_Base_Init)
    HAL_TIM_Base_MspInit                     0x08003841   Thumb Code     2  stm32f4xx_hal_tim.o(i.HAL_TIM_Base_MspInit)
    HAL_TIM_Base_Start_IT                    0x08003845   Thumb Code   100  stm32f4xx_hal_tim.o(i.HAL_TIM_Base_Start_IT)
    HAL_TIM_IC_CaptureCallback               0x080038c5   Thumb Code     2  stm32f4xx_hal_tim.o(i.HAL_TIM_IC_CaptureCallback)
    HAL_TIM_IRQHandler                       0x080038c7   Thumb Code   358  stm32f4xx_hal_tim.o(i.HAL_TIM_IRQHandler)
    HAL_TIM_OC_DelayElapsedCallback          0x08003a2d   Thumb Code     2  stm32f4xx_hal_tim.o(i.HAL_TIM_OC_DelayElapsedCallback)
    HAL_TIM_PWM_PulseFinishedCallback        0x08003a2f   Thumb Code     2  stm32f4xx_hal_tim.o(i.HAL_TIM_PWM_PulseFinishedCallback)
    HAL_TIM_PeriodElapsedCallback            0x08003a31   Thumb Code    14  main.o(i.HAL_TIM_PeriodElapsedCallback)
    HAL_TIM_TriggerCallback                  0x08003a45   Thumb Code     2  stm32f4xx_hal_tim.o(i.HAL_TIM_TriggerCallback)
    HAL_UARTEx_RxEventCallback               0x08003a47   Thumb Code     2  stm32f4xx_hal_uart.o(i.HAL_UARTEx_RxEventCallback)
    HAL_UART_ErrorCallback                   0x08003a49   Thumb Code     2  stm32f4xx_hal_uart.o(i.HAL_UART_ErrorCallback)
    HAL_UART_IRQHandler                      0x08003a4d   Thumb Code   610  stm32f4xx_hal_uart.o(i.HAL_UART_IRQHandler)
    HAL_UART_Init                            0x08003cb5   Thumb Code    98  stm32f4xx_hal_uart.o(i.HAL_UART_Init)
    HAL_UART_MspInit                         0x08003d19   Thumb Code   334  usart.o(i.HAL_UART_MspInit)
    HAL_UART_Receive                         0x08003e89   Thumb Code   192  stm32f4xx_hal_uart.o(i.HAL_UART_Receive)
    HAL_UART_RxCpltCallback                  0x08003f49   Thumb Code     2  stm32f4xx_hal_uart.o(i.HAL_UART_RxCpltCallback)
    HAL_UART_TxCpltCallback                  0x08003f4b   Thumb Code     2  stm32f4xx_hal_uart.o(i.HAL_UART_TxCpltCallback)
    HAL_WWDG_EarlyWakeupCallback             0x08003f4d   Thumb Code    10  wwdg.o(i.HAL_WWDG_EarlyWakeupCallback)
    HAL_WWDG_IRQHandler                      0x08003f5d   Thumb Code    30  stm32f4xx_hal_wwdg.o(i.HAL_WWDG_IRQHandler)
    HAL_WWDG_Init                            0x08003f7b   Thumb Code    42  stm32f4xx_hal_wwdg.o(i.HAL_WWDG_Init)
    HAL_WWDG_MspInit                         0x08003fa5   Thumb Code    50  wwdg.o(i.HAL_WWDG_MspInit)
    HAL_WWDG_Refresh                         0x08003fe1   Thumb Code    10  stm32f4xx_hal_wwdg.o(i.HAL_WWDG_Refresh)
    HardFault_Handler                        0x08003feb   Thumb Code     2  stm32f4xx_it.o(i.HardFault_Handler)
    I2C_BH1750_Data_Read                     0x08003fed   Thumb Code    20  bsp_bh1750.o(i.I2C_BH1750_Data_Read)
    I2C_BH1750_Opecode_Write                 0x08004005   Thumb Code    20  bsp_bh1750.o(i.I2C_BH1750_Opecode_Write)
    INFOTask                                 0x080043d1   Thumb Code    52  freertos.o(i.INFOTask)
    Init_BH1750                              0x08004421   Thumb Code    30  bsp_bh1750.o(i.Init_BH1750)
    LEDTask                                  0x080044a9   Thumb Code   120  freertos.o(i.LEDTask)
    MAX30102Task                             0x08004531   Thumb Code    84  freertos.o(i.MAX30102Task)
    MAX30102_Get_DATA                        0x080045c1   Thumb Code   140  bsp_max30102.o(i.MAX30102_Get_DATA)
    MQTT_DeleteBuffer                        0x0800465d   Thumb Code    28  mqttkit.o(i.MQTT_DeleteBuffer)
    MQTT_DumpLength                          0x08004679   Thumb Code    38  mqttkit.o(i.MQTT_DumpLength)
    MQTT_NewBuffer                           0x0800469f   Thumb Code    82  mqttkit.o(i.MQTT_NewBuffer)
    MQTT_PacketCmdResp                       0x080046f1   Thumb Code   114  mqttkit.o(i.MQTT_PacketCmdResp)
    MQTT_PacketConnect                       0x0800476d   Thumb Code   606  mqttkit.o(i.MQTT_PacketConnect)
    MQTT_PacketPublish                       0x080049d1   Thumb Code   264  mqttkit.o(i.MQTT_PacketPublish)
    MQTT_PacketSaveData                      0x08004ad9   Thumb Code    76  mqttkit.o(i.MQTT_PacketSaveData)
    MQTT_ReadLength                          0x08004b29   Thumb Code    62  mqttkit.o(i.MQTT_ReadLength)
    MQTT_UnPacketCmd                         0x08004b67   Thumb Code   130  mqttkit.o(i.MQTT_UnPacketCmd)
    MQTT_UnPacketConnectAck                  0x08004be9   Thumb Code    26  mqttkit.o(i.MQTT_UnPacketConnectAck)
    MQTT_UnPacketPublishAck                  0x08004c03   Thumb Code    24  mqttkit.o(i.MQTT_UnPacketPublishAck)
    MQTT_UnPacketRecv                        0x08004c1d   Thumb Code    86  mqttkit.o(i.MQTT_UnPacketRecv)
    MX_DMA_Init                              0x08004c7d   Thumb Code    56  dma.o(i.MX_DMA_Init)
    MX_FREERTOS_Init                         0x08004cb9   Thumb Code   214  freertos.o(i.MX_FREERTOS_Init)
    MX_GPIO_Init                             0x08004d99   Thumb Code   222  gpio.o(i.MX_GPIO_Init)
    MX_I2C1_Init                             0x08004e89   Thumb Code    50  i2c.o(i.MX_I2C1_Init)
    MX_I2C2_Init                             0x08004ec9   Thumb Code    50  i2c.o(i.MX_I2C2_Init)
    MX_RTC_Init                              0x08004f09   Thumb Code   124  rtc.o(i.MX_RTC_Init)
    MX_USART1_UART_Init                      0x08004f8d   Thumb Code    48  usart.o(i.MX_USART1_UART_Init)
    MX_USART2_UART_Init                      0x08004fc5   Thumb Code    48  usart.o(i.MX_USART2_UART_Init)
    MX_USART3_UART_Init                      0x08004ffd   Thumb Code    48  usart.o(i.MX_USART3_UART_Init)
    MX_USB_DEVICE_Init                       0x08005035   Thumb Code    66  usb_device.o(i.MX_USB_DEVICE_Init)
    MX_WWDG_Init                             0x08005089   Thumb Code    46  wwdg.o(i.MX_WWDG_Init)
    MemManage_Handler                        0x080050c1   Thumb Code     2  stm32f4xx_it.o(i.MemManage_Handler)
    NMI_Handler                              0x080050c3   Thumb Code     2  stm32f4xx_it.o(i.NMI_Handler)
    OTG_FS_IRQHandler                        0x080050c5   Thumb Code     6  stm32f4xx_it.o(i.OTG_FS_IRQHandler)
    OneNETTask                               0x080050d1   Thumb Code    60  freertos.o(i.OneNETTask)
    OneNet_DevLink                           0x08005125   Thumb Code   180  onenet.o(i.OneNet_DevLink)
    OneNet_FillBuf                           0x08005361   Thumb Code   176  onenet.o(i.OneNet_FillBuf)
    OneNet_RevPro                            0x08005479   Thumb Code   188  onenet.o(i.OneNet_RevPro)
    OneNet_SendData                          0x080055a1   Thumb Code   114  onenet.o(i.OneNet_SendData)
    RTC_Bcd2ToByte                           0x080057bf   Thumb Code    18  stm32f4xx_hal_rtc.o(i.RTC_Bcd2ToByte)
    RTC_ByteToBcd2                           0x080057d1   Thumb Code    22  stm32f4xx_hal_rtc.o(i.RTC_ByteToBcd2)
    RTC_EnterInitMode                        0x080057e9   Thumb Code    58  stm32f4xx_hal_rtc.o(i.RTC_EnterInitMode)
    SysTick_Handler                          0x08005825   Thumb Code    38  port.o(i.SysTick_Handler)
    SystemClock_Config                       0x08005851   Thumb Code   146  main.o(i.SystemClock_Config)
    SystemInit                               0x080058ed   Thumb Code    12  system_stm32f4xx.o(i.SystemInit)
    TIM1_UP_TIM10_IRQHandler                 0x080058fd   Thumb Code     6  stm32f4xx_it.o(i.TIM1_UP_TIM10_IRQHandler)
    TIM_Base_SetConfig                       0x08005909   Thumb Code   156  stm32f4xx_hal_tim.o(i.TIM_Base_SetConfig)
    USART2_IRQHandler                        0x08005c75   Thumb Code    62  stm32f4xx_it.o(i.USART2_IRQHandler)
    USBD_CDC_GetDeviceQualifierDescriptor    0x08005dd1   Thumb Code     8  usbd_cdc.o(i.USBD_CDC_GetDeviceQualifierDescriptor)
    USBD_CDC_ReceivePacket                   0x08005ec5   Thumb Code    50  usbd_cdc.o(i.USBD_CDC_ReceivePacket)
    USBD_CDC_RegisterInterface               0x08005ef7   Thumb Code    16  usbd_cdc.o(i.USBD_CDC_RegisterInterface)
    USBD_CDC_SetRxBuffer                     0x08005f07   Thumb Code    20  usbd_cdc.o(i.USBD_CDC_SetRxBuffer)
    USBD_CDC_SetTxBuffer                     0x08005f1b   Thumb Code    24  usbd_cdc.o(i.USBD_CDC_SetTxBuffer)
    USBD_CDC_TransmitPacket                  0x0800602d   Thumb Code    56  usbd_cdc.o(i.USBD_CDC_TransmitPacket)
    USBD_ClrClassConfig                      0x08006065   Thumb Code    18  usbd_core.o(i.USBD_ClrClassConfig)
    USBD_CtlContinueRx                       0x0800609d   Thumb Code    16  usbd_ioreq.o(i.USBD_CtlContinueRx)
    USBD_CtlContinueSendData                 0x080060ad   Thumb Code    16  usbd_ioreq.o(i.USBD_CtlContinueSendData)
    USBD_CtlError                            0x080060bd   Thumb Code    24  usbd_ctlreq.o(i.USBD_CtlError)
    USBD_CtlPrepareRx                        0x080060d5   Thumb Code    30  usbd_ioreq.o(i.USBD_CtlPrepareRx)
    USBD_CtlReceiveStatus                    0x080060f3   Thumb Code    22  usbd_ioreq.o(i.USBD_CtlReceiveStatus)
    USBD_CtlSendData                         0x08006109   Thumb Code    26  usbd_ioreq.o(i.USBD_CtlSendData)
    USBD_CtlSendStatus                       0x08006123   Thumb Code    22  usbd_ioreq.o(i.USBD_CtlSendStatus)
    USBD_FS_ConfigStrDescriptor              0x08006139   Thumb Code    32  usbd_desc.o(i.USBD_FS_ConfigStrDescriptor)
    USBD_FS_DeviceDescriptor                 0x08006169   Thumb Code     8  usbd_desc.o(i.USBD_FS_DeviceDescriptor)
    USBD_FS_InterfaceStrDescriptor           0x08006175   Thumb Code    32  usbd_desc.o(i.USBD_FS_InterfaceStrDescriptor)
    USBD_FS_LangIDStrDescriptor              0x080061a9   Thumb Code     8  usbd_desc.o(i.USBD_FS_LangIDStrDescriptor)
    USBD_FS_ManufacturerStrDescriptor        0x080061b5   Thumb Code    16  usbd_desc.o(i.USBD_FS_ManufacturerStrDescriptor)
    USBD_FS_ProductStrDescriptor             0x080061dd   Thumb Code    32  usbd_desc.o(i.USBD_FS_ProductStrDescriptor)
    USBD_FS_SerialStrDescriptor              0x08006219   Thumb Code    14  usbd_desc.o(i.USBD_FS_SerialStrDescriptor)
    USBD_GetString                           0x08006463   Thumb Code    68  usbd_ctlreq.o(i.USBD_GetString)
    USBD_Get_USB_Status                      0x080064a7   Thumb Code    36  usbd_conf.o(i.USBD_Get_USB_Status)
    USBD_Init                                0x080064cb   Thumb Code    40  usbd_core.o(i.USBD_Init)
    USBD_LL_ClearStallEP                     0x080064f3   Thumb Code    18  usbd_conf.o(i.USBD_LL_ClearStallEP)
    USBD_LL_CloseEP                          0x08006505   Thumb Code    18  usbd_conf.o(i.USBD_LL_CloseEP)
    USBD_LL_DataInStage                      0x08006517   Thumb Code   188  usbd_core.o(i.USBD_LL_DataInStage)
    USBD_LL_DataOutStage                     0x080065d3   Thumb Code   112  usbd_core.o(i.USBD_LL_DataOutStage)
    USBD_LL_DevConnected                     0x08006643   Thumb Code     4  usbd_core.o(i.USBD_LL_DevConnected)
    USBD_LL_DevDisconnected                  0x08006647   Thumb Code    26  usbd_core.o(i.USBD_LL_DevDisconnected)
    USBD_LL_GetRxDataSize                    0x08006661   Thumb Code     8  usbd_conf.o(i.USBD_LL_GetRxDataSize)
    USBD_LL_Init                             0x08006669   Thumb Code    92  usbd_conf.o(i.USBD_LL_Init)
    USBD_LL_IsStallEP                        0x080066c9   Thumb Code    34  usbd_conf.o(i.USBD_LL_IsStallEP)
    USBD_LL_IsoINIncomplete                  0x080066eb   Thumb Code    34  usbd_core.o(i.USBD_LL_IsoINIncomplete)
    USBD_LL_IsoOUTIncomplete                 0x0800670d   Thumb Code    34  usbd_core.o(i.USBD_LL_IsoOUTIncomplete)
    USBD_LL_OpenEP                           0x0800672f   Thumb Code    24  usbd_conf.o(i.USBD_LL_OpenEP)
    USBD_LL_PrepareReceive                   0x08006747   Thumb Code    18  usbd_conf.o(i.USBD_LL_PrepareReceive)
    USBD_LL_Reset                            0x08006759   Thumb Code    92  usbd_core.o(i.USBD_LL_Reset)
    USBD_LL_Resume                           0x080067b5   Thumb Code    20  usbd_core.o(i.USBD_LL_Resume)
    USBD_LL_SOF                              0x080067c9   Thumb Code    34  usbd_core.o(i.USBD_LL_SOF)
    USBD_LL_SetSpeed                         0x080067eb   Thumb Code     6  usbd_core.o(i.USBD_LL_SetSpeed)
    USBD_LL_SetUSBAddress                    0x080067f1   Thumb Code    18  usbd_conf.o(i.USBD_LL_SetUSBAddress)
    USBD_LL_SetupStage                       0x08006803   Thumb Code   100  usbd_core.o(i.USBD_LL_SetupStage)
    USBD_LL_StallEP                          0x08006867   Thumb Code    18  usbd_conf.o(i.USBD_LL_StallEP)
    USBD_LL_Start                            0x08006879   Thumb Code    18  usbd_conf.o(i.USBD_LL_Start)
    USBD_LL_Suspend                          0x0800688b   Thumb Code    18  usbd_core.o(i.USBD_LL_Suspend)
    USBD_LL_Transmit                         0x0800689d   Thumb Code    18  usbd_conf.o(i.USBD_LL_Transmit)
    USBD_ParseSetupRequest                   0x080068af   Thumb Code    50  usbd_ctlreq.o(i.USBD_ParseSetupRequest)
    USBD_RegisterClass                       0x080068e1   Thumb Code    36  usbd_core.o(i.USBD_RegisterClass)
    USBD_RunTestMode                         0x08006905   Thumb Code     4  usbd_core.o(i.USBD_RunTestMode)
    USBD_SetClassConfig                      0x08006961   Thumb Code    20  usbd_core.o(i.USBD_SetClassConfig)
    USBD_Start                               0x08006a5d   Thumb Code     4  usbd_core.o(i.USBD_Start)
    USBD_StdDevReq                           0x08006a61   Thumb Code   132  usbd_ctlreq.o(i.USBD_StdDevReq)
    USBD_StdEPReq                            0x08006ae5   Thumb Code   488  usbd_ctlreq.o(i.USBD_StdEPReq)
    USBD_StdItfReq                           0x08006ccd   Thumb Code   110  usbd_ctlreq.o(i.USBD_StdItfReq)
    USBD_static_free                         0x08006d3b   Thumb Code     2  usbd_conf.o(i.USBD_static_free)
    USBD_static_malloc                       0x08006d3d   Thumb Code     4  usbd_conf.o(i.USBD_static_malloc)
    USB_ActivateEndpoint                     0x08006d45   Thumb Code   122  stm32f4xx_ll_usb.o(i.USB_ActivateEndpoint)
    USB_ActivateSetup                        0x08006dc5   Thumb Code    28  stm32f4xx_ll_usb.o(i.USB_ActivateSetup)
    USB_CoreInit                             0x08006de1   Thumb Code   112  stm32f4xx_ll_usb.o(i.USB_CoreInit)
    USB_DeactivateEndpoint                   0x08006e95   Thumb Code   194  stm32f4xx_ll_usb.o(i.USB_DeactivateEndpoint)
    USB_DevConnect                           0x08006f61   Thumb Code    28  stm32f4xx_ll_usb.o(i.USB_DevConnect)
    USB_DevDisconnect                        0x08006f7d   Thumb Code    28  stm32f4xx_ll_usb.o(i.USB_DevDisconnect)
    USB_DevInit                              0x08006f99   Thumb Code   362  stm32f4xx_ll_usb.o(i.USB_DevInit)
    USB_DisableGlobalInt                     0x0800710d   Thumb Code    12  stm32f4xx_ll_usb.o(i.USB_DisableGlobalInt)
    USB_EP0StartXfer                         0x08007119   Thumb Code   276  stm32f4xx_ll_usb.o(i.USB_EP0StartXfer)
    USB_EP0_OutStart                         0x08007231   Thumb Code    84  stm32f4xx_ll_usb.o(i.USB_EP0_OutStart)
    USB_EPClearStall                         0x08007289   Thumb Code    88  stm32f4xx_ll_usb.o(i.USB_EPClearStall)
    USB_EPSetStall                           0x080072e1   Thumb Code    88  stm32f4xx_ll_usb.o(i.USB_EPSetStall)
    USB_EPStartXfer                          0x08007339   Thumb Code   482  stm32f4xx_ll_usb.o(i.USB_EPStartXfer)
    USB_EnableGlobalInt                      0x08007521   Thumb Code    12  stm32f4xx_ll_usb.o(i.USB_EnableGlobalInt)
    USB_FlushRxFifo                          0x0800752d   Thumb Code    36  stm32f4xx_ll_usb.o(i.USB_FlushRxFifo)
    USB_FlushTxFifo                          0x08007555   Thumb Code    40  stm32f4xx_ll_usb.o(i.USB_FlushTxFifo)
    USB_GetDevSpeed                          0x08007581   Thumb Code    26  stm32f4xx_ll_usb.o(i.USB_GetDevSpeed)
    USB_GetMode                              0x0800759b   Thumb Code     8  stm32f4xx_ll_usb.o(i.USB_GetMode)
    USB_ReadDevAllInEpInterrupt              0x080075a3   Thumb Code    14  stm32f4xx_ll_usb.o(i.USB_ReadDevAllInEpInterrupt)
    USB_ReadDevAllOutEpInterrupt             0x080075b1   Thumb Code    14  stm32f4xx_ll_usb.o(i.USB_ReadDevAllOutEpInterrupt)
    USB_ReadDevInEPInterrupt                 0x080075bf   Thumb Code    36  stm32f4xx_ll_usb.o(i.USB_ReadDevInEPInterrupt)
    USB_ReadDevOutEPInterrupt                0x080075e3   Thumb Code    16  stm32f4xx_ll_usb.o(i.USB_ReadDevOutEPInterrupt)
    USB_ReadInterrupts                       0x080075f3   Thumb Code     8  stm32f4xx_ll_usb.o(i.USB_ReadInterrupts)
    USB_ReadPacket                           0x080075fb   Thumb Code    62  stm32f4xx_ll_usb.o(i.USB_ReadPacket)
    USB_SetCurrentMode                       0x08007639   Thumb Code    92  stm32f4xx_ll_usb.o(i.USB_SetCurrentMode)
    USB_SetDevAddress                        0x08007695   Thumb Code    34  stm32f4xx_ll_usb.o(i.USB_SetDevAddress)
    USB_SetTurnaroundTime                    0x080076b9   Thumb Code   158  stm32f4xx_ll_usb.o(i.USB_SetTurnaroundTime)
    USB_WritePacket                          0x080077a1   Thumb Code    40  stm32f4xx_ll_usb.o(i.USB_WritePacket)
    UsageFault_Handler                       0x080077c9   Thumb Code     2  stm32f4xx_it.o(i.UsageFault_Handler)
    Usart_SendString                         0x080077cd   Thumb Code    32  bsp_esp01s.o(i.Usart_SendString)
    WWDG_IRQHandler                          0x080077f1   Thumb Code     6  stm32f4xx_it.o(i.WWDG_IRQHandler)
    __0sprintf                               0x080077fd   Thumb Code    34  printfa.o(i.__0sprintf)
    __1sprintf                               0x080077fd   Thumb Code     0  printfa.o(i.__0sprintf)
    __2sprintf                               0x080077fd   Thumb Code     0  printfa.o(i.__0sprintf)
    __c89sprintf                             0x080077fd   Thumb Code     0  printfa.o(i.__0sprintf)
    sprintf                                  0x080077fd   Thumb Code     0  printfa.o(i.__0sprintf)
    __0vsnprintf                             0x08007825   Thumb Code    40  printfa.o(i.__0vsnprintf)
    __1vsnprintf                             0x08007825   Thumb Code     0  printfa.o(i.__0vsnprintf)
    __2vsnprintf                             0x08007825   Thumb Code     0  printfa.o(i.__0vsnprintf)
    __c89vsnprintf                           0x08007825   Thumb Code     0  printfa.o(i.__0vsnprintf)
    vsnprintf                                0x08007825   Thumb Code     0  printfa.o(i.__0vsnprintf)
    __scatterload_copy                       0x08007871   Thumb Code    14  handlers.o(i.__scatterload_copy)
    __scatterload_null                       0x0800787f   Thumb Code     2  handlers.o(i.__scatterload_null)
    __scatterload_zeroinit                   0x08007881   Thumb Code    14  handlers.o(i.__scatterload_zeroinit)
    free                                     0x08008165   Thumb Code    76  malloc.o(i.free)
    ir_max30102_fir                          0x080081c1   Thumb Code    14  bsp_max30102_fir.o(i.ir_max30102_fir)
    main                                     0x080081d9   Thumb Code    58  main.o(i.main)
    malloc                                   0x08008221   Thumb Code    92  malloc.o(i.malloc)
    max30102_fifo_read                       0x0800828d   Thumb Code    88  bsp_max30102.o(i.max30102_fifo_read)
    max30102_fir_init                        0x080082e5   Thumb Code    44  bsp_max30102_fir.o(i.max30102_fir_init)
    max30102_getHeartRate                    0x0800831d   Thumb Code   158  bsp_max30102.o(i.max30102_getHeartRate)
    max30102_getSpO2                         0x080083c1   Thumb Code   234  bsp_max30102.o(i.max30102_getSpO2)
    max30102_i2c_read                        0x080084c5   Thumb Code    42  bsp_max30102.o(i.max30102_i2c_read)
    max30102_i2c_write                       0x080084f5   Thumb Code    28  bsp_max30102.o(i.max30102_i2c_write)
    max30102_init                            0x08008515   Thumb Code   126  bsp_max30102.o(i.max30102_init)
    myTimer01_Callback                       0x08008595   Thumb Code    74  freertos.o(i.myTimer01_Callback)
    osDelay                                  0x08008615   Thumb Code    14  cmsis_os.o(i.osDelay)
    osKernelStart                            0x08008623   Thumb Code    10  cmsis_os.o(i.osKernelStart)
    osMessageCreate                          0x0800862d   Thumb Code    38  cmsis_os.o(i.osMessageCreate)
    osSemaphoreCreate                        0x08008653   Thumb Code    62  cmsis_os.o(i.osSemaphoreCreate)
    osThreadCreate                           0x08008691   Thumb Code    84  cmsis_os.o(i.osThreadCreate)
    osTimerCreate                            0x080086e5   Thumb Code    60  cmsis_os.o(i.osTimerCreate)
    osTimerStart                             0x08008725   Thumb Code    88  cmsis_os.o(i.osTimerStart)
    pvPortMalloc                             0x08008f79   Thumb Code   216  heap_4.o(i.pvPortMalloc)
    pvTaskIncrementMutexHeldCount            0x08009055   Thumb Code    18  tasks.o(i.pvTaskIncrementMutexHeldCount)
    pxPortInitialiseStack                    0x0800906d   Thumb Code    40  port.o(i.pxPortInitialiseStack)
    red_max30102_fir                         0x08009099   Thumb Code    14  bsp_max30102_fir.o(i.red_max30102_fir)
    usb_printf                               0x080090b1   Thumb Code    32  usbd_cdc_if.o(i.usb_printf)
    uxListRemove                             0x080090d5   Thumb Code    38  list.o(i.uxListRemove)
    vApplicationGetIdleTaskMemory            0x080090fd   Thumb Code    16  freertos.o(i.vApplicationGetIdleTaskMemory)
    vApplicationGetTimerTaskMemory           0x08009111   Thumb Code    18  freertos.o(i.vApplicationGetTimerTaskMemory)
    vListInitialise                          0x08009129   Thumb Code    22  list.o(i.vListInitialise)
    vListInitialiseItem                      0x0800913f   Thumb Code     6  list.o(i.vListInitialiseItem)
    vListInsert                              0x08009145   Thumb Code    48  list.o(i.vListInsert)
    vListInsertEnd                           0x08009175   Thumb Code    24  list.o(i.vListInsertEnd)
    vPortEnterCritical                       0x0800918d   Thumb Code    54  port.o(i.vPortEnterCritical)
    vPortExitCritical                        0x080091cd   Thumb Code    34  port.o(i.vPortExitCritical)
    vPortFree                                0x080091f5   Thumb Code    94  heap_4.o(i.vPortFree)
    vPortSetupTimerInterrupt                 0x08009259   Thumb Code    32  port.o(i.vPortSetupTimerInterrupt)
    vPortValidateInterruptPriority           0x0800927d   Thumb Code    74  port.o(i.vPortValidateInterruptPriority)
    vQueueAddToRegistry                      0x080092d1   Thumb Code    34  queue.o(i.vQueueAddToRegistry)
    vQueueWaitForMessageRestricted           0x080092f9   Thumb Code    68  queue.o(i.vQueueWaitForMessageRestricted)
    vTaskDelay                               0x0800933d   Thumb Code    66  tasks.o(i.vTaskDelay)
    vTaskInternalSetTimeOutState             0x08009389   Thumb Code    12  tasks.o(i.vTaskInternalSetTimeOutState)
    vTaskMissedYield                         0x08009399   Thumb Code     8  tasks.o(i.vTaskMissedYield)
    vTaskPlaceOnEventList                    0x080093a5   Thumb Code    44  tasks.o(i.vTaskPlaceOnEventList)
    vTaskPlaceOnEventListRestricted          0x080093d5   Thumb Code    52  tasks.o(i.vTaskPlaceOnEventListRestricted)
    vTaskPriorityDisinheritAfterTimeout      0x0800940d   Thumb Code   152  tasks.o(i.vTaskPriorityDisinheritAfterTimeout)
    vTaskStartScheduler                      0x080094ad   Thumb Code   118  tasks.o(i.vTaskStartScheduler)
    vTaskSuspendAll                          0x08009535   Thumb Code    10  tasks.o(i.vTaskSuspendAll)
    vTaskSwitchContext                       0x08009545   Thumb Code    82  tasks.o(i.vTaskSwitchContext)
    xPortStartScheduler                      0x080095a1   Thumb Code   222  port.o(i.xPortStartScheduler)
    xQueueGenericCreate                      0x08009695   Thumb Code    66  queue.o(i.xQueueGenericCreate)
    xQueueGenericCreateStatic                0x080096d7   Thumb Code   102  queue.o(i.xQueueGenericCreateStatic)
    xQueueGenericReset                       0x0800973d   Thumb Code   132  queue.o(i.xQueueGenericReset)
    xQueueGenericSend                        0x080097c5   Thumb Code   346  queue.o(i.xQueueGenericSend)
    xQueueGenericSendFromISR                 0x08009925   Thumb Code   190  queue.o(i.xQueueGenericSendFromISR)
    xQueueReceive                            0x080099e5   Thumb Code   308  queue.o(i.xQueueReceive)
    xQueueSemaphoreTake                      0x08009b1d   Thumb Code   372  queue.o(i.xQueueSemaphoreTake)
    xTaskCheckForTimeOut                     0x08009c95   Thumb Code   132  tasks.o(i.xTaskCheckForTimeOut)
    xTaskCreate                              0x08009d1d   Thumb Code    90  tasks.o(i.xTaskCreate)
    xTaskCreateStatic                        0x08009d77   Thumb Code    86  tasks.o(i.xTaskCreateStatic)
    xTaskGetSchedulerState                   0x08009dcd   Thumb Code    22  tasks.o(i.xTaskGetSchedulerState)
    xTaskGetTickCount                        0x08009de9   Thumb Code     6  tasks.o(i.xTaskGetTickCount)
    xTaskIncrementTick                       0x08009df5   Thumb Code   194  tasks.o(i.xTaskIncrementTick)
    xTaskPriorityDisinherit                  0x08009ec1   Thumb Code   144  tasks.o(i.xTaskPriorityDisinherit)
    xTaskPriorityInherit                     0x08009f59   Thumb Code   130  tasks.o(i.xTaskPriorityInherit)
    xTaskRemoveFromEventList                 0x08009fe5   Thumb Code   108  tasks.o(i.xTaskRemoveFromEventList)
    xTaskResumeAll                           0x0800a059   Thumb Code   182  tasks.o(i.xTaskResumeAll)
    xTimerCreate                             0x0800a11d   Thumb Code    52  timers.o(i.xTimerCreate)
    xTimerCreateStatic                       0x0800a151   Thumb Code    46  timers.o(i.xTimerCreateStatic)
    xTimerCreateTimerTask                    0x0800a181   Thumb Code    78  timers.o(i.xTimerCreateTimerTask)
    xTimerGenericCommand                     0x0800a1e1   Thumb Code    98  timers.o(i.xTimerGenericCommand)
    firCoeffs32LP                            0x0800a2fc   Data         116  bsp_max30102_fir.o(.constdata)
    AHBPrescTable                            0x0800a378   Data          16  system_stm32f4xx.o(.constdata)
    APBPrescTable                            0x0800a388   Data           8  system_stm32f4xx.o(.constdata)
    Region$$Table$$Base                      0x0800a3d0   Number         0  anon$$obj.o(Region$$Table)
    Region$$Table$$Limit                     0x0800a3f0   Number         0  anon$$obj.o(Region$$Table)
    FeedDog_Flag                             0x20000000   Data           1  freertos.o(.data)
    LEDS_OneNET_buf                          0x20000001   Data           1  freertos.o(.data)
    GetData                                  0x20000002   Data           4  freertos.o(.data)
    LIGH_OneNET_buf                          0x20000008   Data           4  freertos.o(.data)
    INFO_TaskHandle                          0x2000000c   Data           4  freertos.o(.data)
    BH1750_TaskHandle                        0x20000010   Data           4  freertos.o(.data)
    LED_TaskHandle                           0x20000014   Data           4  freertos.o(.data)
    OneNET_TaskHandle                        0x20000018   Data           4  freertos.o(.data)
    MAX30102_TaskHandle                      0x2000001c   Data           4  freertos.o(.data)
    myQueue01Handle                          0x20000020   Data           4  freertos.o(.data)
    myQueue02Handle                          0x20000024   Data           4  freertos.o(.data)
    myTimer01Handle                          0x20000028   Data           4  freertos.o(.data)
    LED_FLAG_SemHandle                       0x2000002c   Data           4  freertos.o(.data)
    esp8266_cnt                              0x20000030   Data           2  bsp_esp01s.o(.data)
    esp8266_cntPre                           0x20000032   Data           2  bsp_esp01s.o(.data)
    flag_change                              0x20000034   Data           1  onenet.o(.data)
    max30102_int_flag                        0x20000036   Data           1  bsp_max30102.o(.data)
    cache_counter                            0x20000038   Data           2  bsp_max30102.o(.data)
    blockSize                                0x2000003c   Data           4  bsp_max30102_fir.o(.data)
    uwTickFreq                               0x20000040   Data           1  stm32f4xx_hal.o(.data)
    uwTickPrio                               0x20000044   Data           4  stm32f4xx_hal.o(.data)
    uwTick                                   0x20000048   Data           4  stm32f4xx_hal.o(.data)
    SystemCoreClock                          0x2000004c   Data           4  system_stm32f4xx.o(.data)
    pxCurrentTCB                             0x20000050   Data           4  tasks.o(.data)
    FS_Desc                                  0x200000cc   Data          28  usbd_desc.o(.data)
    USBD_LangIDDesc                          0x200000e8   Data           4  usbd_desc.o(.data)
    USBD_FS_DeviceDesc                       0x200000ec   Data          18  usbd_desc.o(.data)
    USBD_StringSerial                        0x20000100   Data          26  usbd_desc.o(.data)
    USBD_Interface_fops_FS                   0x2000011c   Data          20  usbd_cdc_if.o(.data)
    USBD_CDC                                 0x2000020c   Data          56  usbd_cdc.o(.data)
    __microlib_freelist                      0x20000244   Data           4  mvars.o(.data)
    __microlib_freelist_initialised          0x20000248   Data           4  mvars.o(.data)
    GetTime                                  0x2000024c   Data          20  freertos.o(.bss)
    hi2c1                                    0x20000908   Data          84  i2c.o(.bss)
    hi2c2                                    0x2000095c   Data          84  i2c.o(.bss)
    hrtc                                     0x200009b0   Data          32  rtc.o(.bss)
    huart1                                   0x200009d0   Data          68  usart.o(.bss)
    huart2                                   0x20000a14   Data          68  usart.o(.bss)
    huart3                                   0x20000a58   Data          68  usart.o(.bss)
    hdma_usart3_rx                           0x20000a9c   Data          96  usart.o(.bss)
    hdma_usart3_tx                           0x20000afc   Data          96  usart.o(.bss)
    hwwdg                                    0x20000b5c   Data          20  wwdg.o(.bss)
    htim1                                    0x20000b70   Data          72  stm32f4xx_hal_timebase_tim.o(.bss)
    USART_TX_BUF                             0x20000bb8   Data         400  bsp_esp01s.o(.bss)
    esp8266_buf                              0x20000d48   Data         128  bsp_esp01s.o(.bss)
    text                                     0x20000dc8   Data          16  onenet.o(.bss)
    ppg_data_cache_RED                       0x20000dd8   Data         600  bsp_max30102.o(.bss)
    ppg_data_cache_IR                        0x20001030   Data         600  bsp_max30102.o(.bss)
    S_ir                                     0x20001288   Data          12  bsp_max30102_fir.o(.bss)
    S_red                                    0x20001294   Data          12  bsp_max30102_fir.o(.bss)
    xQueueRegistry                           0x20001388   Data          64  queue.o(.bss)
    hUsbDeviceFS                             0x200051c8   Data         720  usb_device.o(.bss)
    USBD_StrDesc                             0x20005498   Data         512  usbd_desc.o(.bss)
    UserRxBufferFS                           0x20005698   Data        2048  usbd_cdc_if.o(.bss)
    UserTxBufferFS                           0x20005e98   Data        2048  usbd_cdc_if.o(.bss)
    hpcd_USB_OTG_FS                          0x200068b8   Data        1032  usbd_conf.o(.bss)
    __heap_base                              0x20006cc0   Data           0  startup_stm32f407xx.o(HEAP)
    __heap_limit                             0x20006ec0   Data           0  startup_stm32f407xx.o(HEAP)
    __initial_sp                             0x200072c0   Data           0  startup_stm32f407xx.o(STACK)



==============================================================================

Memory Map of the image

  Image Entry point : 0x08000189

  Load Region LR_IROM1 (Base: 0x08000000, Size: 0x0000a63c, Max: 0x00100000, ABSOLUTE, COMPRESSED[0x0000a4bc])

    Execution Region ER_IROM1 (Exec base: 0x08000000, Load base: 0x08000000, Size: 0x0000a3f0, Max: 0x00100000, ABSOLUTE)

    Exec Addr    Load Addr    Size         Type   Attr      Idx    E Section Name        Object

    0x08000000   0x08000000   0x00000188   Data   RO            3    RESET               startup_stm32f407xx.o
    0x08000188   0x08000188   0x00000000   Code   RO         7627  * .ARM.Collect$$$$00000000  mc_w.l(entry.o)
    0x08000188   0x08000188   0x00000004   Code   RO         7951    .ARM.Collect$$$$00000001  mc_w.l(entry2.o)
    0x0800018c   0x0800018c   0x00000004   Code   RO         7954    .ARM.Collect$$$$00000004  mc_w.l(entry5.o)
    0x08000190   0x08000190   0x00000000   Code   RO         7956    .ARM.Collect$$$$00000008  mc_w.l(entry7b.o)
    0x08000190   0x08000190   0x00000000   Code   RO         7958    .ARM.Collect$$$$0000000A  mc_w.l(entry8b.o)
    0x08000190   0x08000190   0x00000008   Code   RO         7959    .ARM.Collect$$$$0000000B  mc_w.l(entry9a.o)
    0x08000198   0x08000198   0x00000000   Code   RO         7961    .ARM.Collect$$$$0000000D  mc_w.l(entry10a.o)
    0x08000198   0x08000198   0x00000000   Code   RO         7963    .ARM.Collect$$$$0000000F  mc_w.l(entry11a.o)
    0x08000198   0x08000198   0x00000004   Code   RO         7952    .ARM.Collect$$$$00002712  mc_w.l(entry2.o)
    0x0800019c   0x0800019c   0x000000be   Code   RO         6701    .emb_text           port.o
    0x0800025a   0x0800025a   0x00000002   PAD
    0x0800025c   0x0800025c   0x00000024   Code   RO            4    .text               startup_stm32f407xx.o
    0x08000280   0x08000280   0x00000062   Code   RO         7630    .text               mc_w.l(uldiv.o)
    0x080002e2   0x080002e2   0x00000024   Code   RO         7632    .text               mc_w.l(memcpya.o)
    0x08000306   0x08000306   0x00000024   Code   RO         7636    .text               mc_w.l(memseta.o)
    0x0800032a   0x0800032a   0x00000018   Code   RO         7638    .text               mc_w.l(strcat.o)
    0x08000342   0x08000342   0x00000024   Code   RO         7640    .text               mc_w.l(strstr.o)
    0x08000366   0x08000366   0x00000014   Code   RO         7642    .text               mc_w.l(strchr.o)
    0x0800037a   0x0800037a   0x0000000e   Code   RO         7644    .text               mc_w.l(strlen.o)
    0x08000388   0x08000388   0x00000028   Code   RO         7646    .text               mc_w.l(strncat.o)
    0x080003b0   0x080003b0   0x000000b0   Code   RO         7939    .text               mf_w.l(fadd.o)
    0x08000460   0x08000460   0x00000064   Code   RO         7941    .text               mf_w.l(fmul.o)
    0x080004c4   0x080004c4   0x0000014e   Code   RO         7943    .text               mf_w.l(dadd.o)
    0x08000612   0x08000612   0x000000e4   Code   RO         7945    .text               mf_w.l(dmul.o)
    0x080006f6   0x080006f6   0x00000026   Code   RO         7947    .text               mf_w.l(f2d.o)
    0x0800071c   0x0800071c   0x00000038   Code   RO         7949    .text               mf_w.l(d2f.o)
    0x08000754   0x08000754   0x0000002c   Code   RO         7966    .text               mc_w.l(uidiv.o)
    0x08000780   0x08000780   0x0000001e   Code   RO         7968    .text               mc_w.l(llshl.o)
    0x0800079e   0x0800079e   0x00000020   Code   RO         7970    .text               mc_w.l(llushr.o)
    0x080007be   0x080007be   0x00000024   Code   RO         7972    .text               mc_w.l(llsshr.o)
    0x080007e2   0x080007e2   0x00000000   Code   RO         7976    .text               mc_w.l(iusefp.o)
    0x080007e2   0x080007e2   0x0000006e   Code   RO         7977    .text               mf_w.l(fepilogue.o)
    0x08000850   0x08000850   0x000000ba   Code   RO         7979    .text               mf_w.l(depilogue.o)
    0x0800090a   0x0800090a   0x000000de   Code   RO         7981    .text               mf_w.l(ddiv.o)
    0x080009e8   0x080009e8   0x00000030   Code   RO         7983    .text               mf_w.l(dfixul.o)
    0x08000a18   0x08000a18   0x00000030   Code   RO         7985    .text               mf_w.l(cdrcmple.o)
    0x08000a48   0x08000a48   0x00000024   Code   RO         7987    .text               mc_w.l(init.o)
    0x08000a6c   0x08000a6c   0x00000056   Code   RO         7997    .text               mc_w.l(__dczerorl2.o)
    0x08000ac2   0x08000ac2   0x00000002   PAD
    0x08000ac4   0x08000ac4   0x0000084a   Code   RO         7608    .text.arm_fir_f32   arm_cortexM4l_math.lib(arm_fir_f32.o)
    0x0800130e   0x0800130e   0x00000020   Code   RO         7618    .text.arm_fir_init_f32  arm_cortexM4l_math.lib(arm_fir_init_f32.o)
    0x0800132e   0x0800132e   0x00000002   PAD
    0x08001330   0x08001330   0x000000f8   Code   RO          351    i.BH1750Task        freertos.o
    0x08001428   0x08001428   0x00000002   Code   RO          660    i.BusFault_Handler  stm32f4xx_it.o
    0x0800142a   0x0800142a   0x00000008   Code   RO         6903    i.CDC_Control_FS    usbd_cdc_if.o
    0x08001432   0x08001432   0x00000004   Code   RO         6904    i.CDC_DeInit_FS     usbd_cdc_if.o
    0x08001436   0x08001436   0x00000002   PAD
    0x08001438   0x08001438   0x00000024   Code   RO         6905    i.CDC_Init_FS       usbd_cdc_if.o
    0x0800145c   0x0800145c   0x00000018   Code   RO         6906    i.CDC_Receive_FS    usbd_cdc_if.o
    0x08001474   0x08001474   0x00000004   Code   RO         6907    i.CDC_TransmitCplt_FS  usbd_cdc_if.o
    0x08001478   0x08001478   0x0000002c   Code   RO         6908    i.CDC_Transmit_FS   usbd_cdc_if.o
    0x080014a4   0x080014a4   0x0000000c   Code   RO          661    i.DMA1_Stream1_IRQHandler  stm32f4xx_it.o
    0x080014b0   0x080014b0   0x0000000c   Code   RO          662    i.DMA1_Stream3_IRQHandler  stm32f4xx_it.o
    0x080014bc   0x080014bc   0x00000028   Code   RO         2338    i.DMA_CalcBaseAndBitshift  stm32f4xx_hal_dma.o
    0x080014e4   0x080014e4   0x00000054   Code   RO         2339    i.DMA_CheckFifoParam  stm32f4xx_hal_dma.o
    0x08001538   0x08001538   0x00000002   Code   RO          663    i.DebugMon_Handler  stm32f4xx_it.o
    0x0800153a   0x0800153a   0x00000002   PAD
    0x0800153c   0x0800153c   0x0000001c   Code   RO          862    i.ESP8266_Clear     bsp_esp01s.o
    0x08001558   0x08001558   0x00000040   Code   RO          863    i.ESP8266_GetIPD    bsp_esp01s.o
    0x08001598   0x08001598   0x000001cc   Code   RO          864    i.ESP8266_Init      bsp_esp01s.o
    0x08001764   0x08001764   0x00000048   Code   RO          865    i.ESP8266_SendCmd   bsp_esp01s.o
    0x080017ac   0x080017ac   0x00000048   Code   RO          866    i.ESP8266_SendData  bsp_esp01s.o
    0x080017f4   0x080017f4   0x00000020   Code   RO          867    i.ESP8266_WaitRecive  bsp_esp01s.o
    0x08001814   0x08001814   0x00000006   Code   RO          664    i.EXTI0_IRQHandler  stm32f4xx_it.o
    0x0800181a   0x0800181a   0x00000004   Code   RO           13    i.Error_Handler     main.o
    0x0800181e   0x0800181e   0x00000002   PAD
    0x08001820   0x08001820   0x00000038   Code   RO         6812    i.Get_SerialNum     usbd_desc.o
    0x08001858   0x08001858   0x00000092   Code   RO         2341    i.HAL_DMA_Abort     stm32f4xx_hal_dma.o
    0x080018ea   0x080018ea   0x00000024   Code   RO         2342    i.HAL_DMA_Abort_IT  stm32f4xx_hal_dma.o
    0x0800190e   0x0800190e   0x00000002   PAD
    0x08001910   0x08001910   0x000001a0   Code   RO         2346    i.HAL_DMA_IRQHandler  stm32f4xx_hal_dma.o
    0x08001ab0   0x08001ab0   0x000000d4   Code   RO         2347    i.HAL_DMA_Init      stm32f4xx_hal_dma.o
    0x08001b84   0x08001b84   0x00000024   Code   RO         2760    i.HAL_Delay         stm32f4xx_hal.o
    0x08001ba8   0x08001ba8   0x00000010   Code   RO         1175    i.HAL_GPIO_EXTI_Callback  bsp_max30102.o
    0x08001bb8   0x08001bb8   0x00000018   Code   RO         2233    i.HAL_GPIO_EXTI_IRQHandler  stm32f4xx_hal_gpio.o
    0x08001bd0   0x08001bd0   0x000001f0   Code   RO         2234    i.HAL_GPIO_Init     stm32f4xx_hal_gpio.o
    0x08001dc0   0x08001dc0   0x0000000a   Code   RO         2238    i.HAL_GPIO_WritePin  stm32f4xx_hal_gpio.o
    0x08001dca   0x08001dca   0x00000002   PAD
    0x08001dcc   0x08001dcc   0x0000000c   Code   RO         2766    i.HAL_GetTick       stm32f4xx_hal.o
    0x08001dd8   0x08001dd8   0x00000188   Code   RO         3022    i.HAL_I2C_Init      stm32f4xx_hal_i2c.o
    0x08001f60   0x08001f60   0x000001e0   Code   RO         3028    i.HAL_I2C_Master_Receive  stm32f4xx_hal_i2c.o
    0x08002140   0x08002140   0x0000012c   Code   RO         3035    i.HAL_I2C_Master_Transmit  stm32f4xx_hal_i2c.o
    0x0800226c   0x0800226c   0x000000a4   Code   RO          465    i.HAL_I2C_MspInit   i2c.o
    0x08002310   0x08002310   0x00000010   Code   RO         2772    i.HAL_IncTick       stm32f4xx_hal.o
    0x08002320   0x08002320   0x00000034   Code   RO         2773    i.HAL_Init          stm32f4xx_hal.o
    0x08002354   0x08002354   0x00000074   Code   RO          787    i.HAL_InitTick      stm32f4xx_hal_timebase_tim.o
    0x080023c8   0x080023c8   0x00000038   Code   RO          763    i.HAL_MspInit       stm32f4xx_hal_msp.o
    0x08002400   0x08002400   0x0000001a   Code   RO         2623    i.HAL_NVIC_EnableIRQ  stm32f4xx_hal_cortex.o
    0x0800241a   0x0800241a   0x00000002   PAD
    0x0800241c   0x0800241c   0x00000040   Code   RO         2629    i.HAL_NVIC_SetPriority  stm32f4xx_hal_cortex.o
    0x0800245c   0x0800245c   0x00000024   Code   RO         2630    i.HAL_NVIC_SetPriorityGrouping  stm32f4xx_hal_cortex.o
    0x08002480   0x08002480   0x00000002   Code   RO         1541    i.HAL_PCDEx_LPM_Callback  stm32f4xx_hal_pcd_ex.o
    0x08002482   0x08002482   0x00000008   Code   RO         1542    i.HAL_PCDEx_SetRxFiFo  stm32f4xx_hal_pcd_ex.o
    0x0800248a   0x0800248a   0x00000044   Code   RO         1543    i.HAL_PCDEx_SetTxFiFo  stm32f4xx_hal_pcd_ex.o
    0x080024ce   0x080024ce   0x00000008   Code   RO         6970    i.HAL_PCD_ConnectCallback  usbd_conf.o
    0x080024d6   0x080024d6   0x00000012   Code   RO         6971    i.HAL_PCD_DataInStageCallback  usbd_conf.o
    0x080024e8   0x080024e8   0x00000014   Code   RO         6972    i.HAL_PCD_DataOutStageCallback  usbd_conf.o
    0x080024fc   0x080024fc   0x00000008   Code   RO         6973    i.HAL_PCD_DisconnectCallback  usbd_conf.o
    0x08002504   0x08002504   0x0000004c   Code   RO         1323    i.HAL_PCD_EP_Close  stm32f4xx_hal_pcd.o
    0x08002550   0x08002550   0x0000005c   Code   RO         1324    i.HAL_PCD_EP_ClrStall  stm32f4xx_hal_pcd.o
    0x080025ac   0x080025ac   0x00000012   Code   RO         1326    i.HAL_PCD_EP_GetRxCount  stm32f4xx_hal_pcd.o
    0x080025be   0x080025be   0x00000060   Code   RO         1327    i.HAL_PCD_EP_Open   stm32f4xx_hal_pcd.o
    0x0800261e   0x0800261e   0x00000048   Code   RO         1328    i.HAL_PCD_EP_Receive  stm32f4xx_hal_pcd.o
    0x08002666   0x08002666   0x00000074   Code   RO         1329    i.HAL_PCD_EP_SetStall  stm32f4xx_hal_pcd.o
    0x080026da   0x080026da   0x00000040   Code   RO         1330    i.HAL_PCD_EP_Transmit  stm32f4xx_hal_pcd.o
    0x0800271a   0x0800271a   0x00000002   PAD
    0x0800271c   0x0800271c   0x00000434   Code   RO         1332    i.HAL_PCD_IRQHandler  stm32f4xx_hal_pcd.o
    0x08002b50   0x08002b50   0x00000008   Code   RO         6974    i.HAL_PCD_ISOINIncompleteCallback  usbd_conf.o
    0x08002b58   0x08002b58   0x00000008   Code   RO         6975    i.HAL_PCD_ISOOUTIncompleteCallback  usbd_conf.o
    0x08002b60   0x08002b60   0x000000e2   Code   RO         1335    i.HAL_PCD_Init      stm32f4xx_hal_pcd.o
    0x08002c42   0x08002c42   0x00000002   PAD
    0x08002c44   0x08002c44   0x00000084   Code   RO         6977    i.HAL_PCD_MspInit   usbd_conf.o
    0x08002cc8   0x08002cc8   0x0000002e   Code   RO         6978    i.HAL_PCD_ResetCallback  usbd_conf.o
    0x08002cf6   0x08002cf6   0x00000008   Code   RO         6979    i.HAL_PCD_ResumeCallback  usbd_conf.o
    0x08002cfe   0x08002cfe   0x00000008   Code   RO         6980    i.HAL_PCD_SOFCallback  usbd_conf.o
    0x08002d06   0x08002d06   0x00000028   Code   RO         1341    i.HAL_PCD_SetAddress  stm32f4xx_hal_pcd.o
    0x08002d2e   0x08002d2e   0x0000000e   Code   RO         6981    i.HAL_PCD_SetupStageCallback  usbd_conf.o
    0x08002d3c   0x08002d3c   0x00000042   Code   RO         1343    i.HAL_PCD_Start     stm32f4xx_hal_pcd.o
    0x08002d7e   0x08002d7e   0x00000002   PAD
    0x08002d80   0x08002d80   0x00000030   Code   RO         6982    i.HAL_PCD_SuspendCallback  usbd_conf.o
    0x08002db0   0x08002db0   0x0000013c   Code   RO         1985    i.HAL_RCCEx_PeriphCLKConfig  stm32f4xx_hal_rcc_ex.o
    0x08002eec   0x08002eec   0x00000134   Code   RO         1880    i.HAL_RCC_ClockConfig  stm32f4xx_hal_rcc.o
    0x08003020   0x08003020   0x00000040   Code   RO         1884    i.HAL_RCC_GetClockConfig  stm32f4xx_hal_rcc.o
    0x08003060   0x08003060   0x0000000c   Code   RO         1885    i.HAL_RCC_GetHCLKFreq  stm32f4xx_hal_rcc.o
    0x0800306c   0x0800306c   0x00000020   Code   RO         1887    i.HAL_RCC_GetPCLK1Freq  stm32f4xx_hal_rcc.o
    0x0800308c   0x0800308c   0x00000020   Code   RO         1888    i.HAL_RCC_GetPCLK2Freq  stm32f4xx_hal_rcc.o
    0x080030ac   0x080030ac   0x00000060   Code   RO         1889    i.HAL_RCC_GetSysClockFreq  stm32f4xx_hal_rcc.o
    0x0800310c   0x0800310c   0x0000036c   Code   RO         1892    i.HAL_RCC_OscConfig  stm32f4xx_hal_rcc.o
    0x08003478   0x08003478   0x00000044   Code   RO         3471    i.HAL_RTC_GetDate   stm32f4xx_hal_rtc.o
    0x080034bc   0x080034bc   0x00000058   Code   RO         3473    i.HAL_RTC_GetTime   stm32f4xx_hal_rtc.o
    0x08003514   0x08003514   0x000000ac   Code   RO         3474    i.HAL_RTC_Init      stm32f4xx_hal_rtc.o
    0x080035c0   0x080035c0   0x00000038   Code   RO          513    i.HAL_RTC_MspInit   rtc.o
    0x080035f8   0x080035f8   0x000000c8   Code   RO         3480    i.HAL_RTC_SetDate   stm32f4xx_hal_rtc.o
    0x080036c0   0x080036c0   0x000000ec   Code   RO         3481    i.HAL_RTC_SetTime   stm32f4xx_hal_rtc.o
    0x080037ac   0x080037ac   0x00000036   Code   RO         3482    i.HAL_RTC_WaitForSynchro  stm32f4xx_hal_rtc.o
    0x080037e2   0x080037e2   0x00000002   Code   RO         4562    i.HAL_TIMEx_BreakCallback  stm32f4xx_hal_tim_ex.o
    0x080037e4   0x080037e4   0x00000002   Code   RO         4563    i.HAL_TIMEx_CommutCallback  stm32f4xx_hal_tim_ex.o
    0x080037e6   0x080037e6   0x0000005a   Code   RO         3858    i.HAL_TIM_Base_Init  stm32f4xx_hal_tim.o
    0x08003840   0x08003840   0x00000002   Code   RO         3860    i.HAL_TIM_Base_MspInit  stm32f4xx_hal_tim.o
    0x08003842   0x08003842   0x00000002   PAD
    0x08003844   0x08003844   0x00000080   Code   RO         3863    i.HAL_TIM_Base_Start_IT  stm32f4xx_hal_tim.o
    0x080038c4   0x080038c4   0x00000002   Code   RO         3892    i.HAL_TIM_IC_CaptureCallback  stm32f4xx_hal_tim.o
    0x080038c6   0x080038c6   0x00000166   Code   RO         3906    i.HAL_TIM_IRQHandler  stm32f4xx_hal_tim.o
    0x08003a2c   0x08003a2c   0x00000002   Code   RO         3909    i.HAL_TIM_OC_DelayElapsedCallback  stm32f4xx_hal_tim.o
    0x08003a2e   0x08003a2e   0x00000002   Code   RO         3936    i.HAL_TIM_PWM_PulseFinishedCallback  stm32f4xx_hal_tim.o
    0x08003a30   0x08003a30   0x00000014   Code   RO           14    i.HAL_TIM_PeriodElapsedCallback  main.o
    0x08003a44   0x08003a44   0x00000002   Code   RO         3949    i.HAL_TIM_TriggerCallback  stm32f4xx_hal_tim.o
    0x08003a46   0x08003a46   0x00000002   Code   RO         4840    i.HAL_UARTEx_RxEventCallback  stm32f4xx_hal_uart.o
    0x08003a48   0x08003a48   0x00000002   Code   RO         4854    i.HAL_UART_ErrorCallback  stm32f4xx_hal_uart.o
    0x08003a4a   0x08003a4a   0x00000002   PAD
    0x08003a4c   0x08003a4c   0x00000268   Code   RO         4857    i.HAL_UART_IRQHandler  stm32f4xx_hal_uart.o
    0x08003cb4   0x08003cb4   0x00000062   Code   RO         4858    i.HAL_UART_Init     stm32f4xx_hal_uart.o
    0x08003d16   0x08003d16   0x00000002   PAD
    0x08003d18   0x08003d18   0x00000170   Code   RO          555    i.HAL_UART_MspInit  usart.o
    0x08003e88   0x08003e88   0x000000c0   Code   RO         4861    i.HAL_UART_Receive  stm32f4xx_hal_uart.o
    0x08003f48   0x08003f48   0x00000002   Code   RO         4864    i.HAL_UART_RxCpltCallback  stm32f4xx_hal_uart.o
    0x08003f4a   0x08003f4a   0x00000002   Code   RO         4869    i.HAL_UART_TxCpltCallback  stm32f4xx_hal_uart.o
    0x08003f4c   0x08003f4c   0x00000010   Code   RO          618    i.HAL_WWDG_EarlyWakeupCallback  wwdg.o
    0x08003f5c   0x08003f5c   0x0000001e   Code   RO         5187    i.HAL_WWDG_IRQHandler  stm32f4xx_hal_wwdg.o
    0x08003f7a   0x08003f7a   0x0000002a   Code   RO         5188    i.HAL_WWDG_Init     stm32f4xx_hal_wwdg.o
    0x08003fa4   0x08003fa4   0x0000003c   Code   RO          619    i.HAL_WWDG_MspInit  wwdg.o
    0x08003fe0   0x08003fe0   0x0000000a   Code   RO         5190    i.HAL_WWDG_Refresh  stm32f4xx_hal_wwdg.o
    0x08003fea   0x08003fea   0x00000002   Code   RO          665    i.HardFault_Handler  stm32f4xx_it.o
    0x08003fec   0x08003fec   0x00000018   Code   RO          826    i.I2C_BH1750_Data_Read  bsp_bh1750.o
    0x08004004   0x08004004   0x00000018   Code   RO          827    i.I2C_BH1750_Opecode_Write  bsp_bh1750.o
    0x0800401c   0x0800401c   0x0000002e   Code   RO         3064    i.I2C_IsAcknowledgeFailed  stm32f4xx_hal_i2c.o
    0x0800404a   0x0800404a   0x00000002   PAD
    0x0800404c   0x0800404c   0x000000ec   Code   RO         3067    i.I2C_MasterRequestRead  stm32f4xx_hal_i2c.o
    0x08004138   0x08004138   0x0000009c   Code   RO         3068    i.I2C_MasterRequestWrite  stm32f4xx_hal_i2c.o
    0x080041d4   0x080041d4   0x0000004c   Code   RO         3079    i.I2C_WaitOnBTFFlagUntilTimeout  stm32f4xx_hal_i2c.o
    0x08004220   0x08004220   0x00000068   Code   RO         3080    i.I2C_WaitOnFlagUntilTimeout  stm32f4xx_hal_i2c.o
    0x08004288   0x08004288   0x00000096   Code   RO         3081    i.I2C_WaitOnMasterAddressFlagUntilTimeout  stm32f4xx_hal_i2c.o
    0x0800431e   0x0800431e   0x00000066   Code   RO         3082    i.I2C_WaitOnRXNEFlagUntilTimeout  stm32f4xx_hal_i2c.o
    0x08004384   0x08004384   0x0000004c   Code   RO         3083    i.I2C_WaitOnTXEFlagUntilTimeout  stm32f4xx_hal_i2c.o
    0x080043d0   0x080043d0   0x00000050   Code   RO          352    i.INFOTask          freertos.o
    0x08004420   0x08004420   0x00000048   Code   RO          828    i.Init_BH1750       bsp_bh1750.o
    0x08004468   0x08004468   0x0000003e   Code   RO         6813    i.IntToUnicode      usbd_desc.o
    0x080044a6   0x080044a6   0x00000002   PAD
    0x080044a8   0x080044a8   0x00000088   Code   RO          353    i.LEDTask           freertos.o
    0x08004530   0x08004530   0x00000090   Code   RO          354    i.MAX30102Task      freertos.o
    0x080045c0   0x080045c0   0x0000009c   Code   RO         1176    i.MAX30102_Get_DATA  bsp_max30102.o
    0x0800465c   0x0800465c   0x0000001c   Code   RO          941    i.MQTT_DeleteBuffer  mqttkit.o
    0x08004678   0x08004678   0x00000026   Code   RO          942    i.MQTT_DumpLength   mqttkit.o
    0x0800469e   0x0800469e   0x00000052   Code   RO          943    i.MQTT_NewBuffer    mqttkit.o
    0x080046f0   0x080046f0   0x0000007c   Code   RO          944    i.MQTT_PacketCmdResp  mqttkit.o
    0x0800476c   0x0800476c   0x00000264   Code   RO          945    i.MQTT_PacketConnect  mqttkit.o
    0x080049d0   0x080049d0   0x00000108   Code   RO          948    i.MQTT_PacketPublish  mqttkit.o
    0x08004ad8   0x08004ad8   0x00000050   Code   RO          953    i.MQTT_PacketSaveData  mqttkit.o
    0x08004b28   0x08004b28   0x0000003e   Code   RO          956    i.MQTT_ReadLength   mqttkit.o
    0x08004b66   0x08004b66   0x00000082   Code   RO          957    i.MQTT_UnPacketCmd  mqttkit.o
    0x08004be8   0x08004be8   0x0000001a   Code   RO          958    i.MQTT_UnPacketConnectAck  mqttkit.o
    0x08004c02   0x08004c02   0x00000018   Code   RO          960    i.MQTT_UnPacketPublishAck  mqttkit.o
    0x08004c1a   0x08004c1a   0x00000002   PAD
    0x08004c1c   0x08004c1c   0x00000060   Code   RO          964    i.MQTT_UnPacketRecv  mqttkit.o
    0x08004c7c   0x08004c7c   0x0000003c   Code   RO          440    i.MX_DMA_Init       dma.o
    0x08004cb8   0x08004cb8   0x000000e0   Code   RO          355    i.MX_FREERTOS_Init  freertos.o
    0x08004d98   0x08004d98   0x000000f0   Code   RO          327    i.MX_GPIO_Init      gpio.o
    0x08004e88   0x08004e88   0x00000040   Code   RO          466    i.MX_I2C1_Init      i2c.o
    0x08004ec8   0x08004ec8   0x00000040   Code   RO          467    i.MX_I2C2_Init      i2c.o
    0x08004f08   0x08004f08   0x00000084   Code   RO          514    i.MX_RTC_Init       rtc.o
    0x08004f8c   0x08004f8c   0x00000038   Code   RO          556    i.MX_USART1_UART_Init  usart.o
    0x08004fc4   0x08004fc4   0x00000038   Code   RO          557    i.MX_USART2_UART_Init  usart.o
    0x08004ffc   0x08004ffc   0x00000038   Code   RO          558    i.MX_USART3_UART_Init  usart.o
    0x08005034   0x08005034   0x00000054   Code   RO         6781    i.MX_USB_DEVICE_Init  usb_device.o
    0x08005088   0x08005088   0x00000038   Code   RO          620    i.MX_WWDG_Init      wwdg.o
    0x080050c0   0x080050c0   0x00000002   Code   RO          666    i.MemManage_Handler  stm32f4xx_it.o
    0x080050c2   0x080050c2   0x00000002   Code   RO          667    i.NMI_Handler       stm32f4xx_it.o
    0x080050c4   0x080050c4   0x0000000c   Code   RO          668    i.OTG_FS_IRQHandler  stm32f4xx_it.o
    0x080050d0   0x080050d0   0x00000054   Code   RO          356    i.OneNETTask        freertos.o
    0x08005124   0x08005124   0x0000023c   Code   RO         1114    i.OneNet_DevLink    onenet.o
    0x08005360   0x08005360   0x00000118   Code   RO         1115    i.OneNet_FillBuf    onenet.o
    0x08005478   0x08005478   0x00000128   Code   RO         1117    i.OneNet_RevPro     onenet.o
    0x080055a0   0x080055a0   0x000000b0   Code   RO         1118    i.OneNet_SendData   onenet.o
    0x08005650   0x08005650   0x000000cc   Code   RO         1347    i.PCD_EP_OutXfrComplete_int  stm32f4xx_hal_pcd.o
    0x0800571c   0x0800571c   0x000000a2   Code   RO         1348    i.PCD_WriteEmptyTxFifo  stm32f4xx_hal_pcd.o
    0x080057be   0x080057be   0x00000012   Code   RO         3483    i.RTC_Bcd2ToByte    stm32f4xx_hal_rtc.o
    0x080057d0   0x080057d0   0x00000016   Code   RO         3484    i.RTC_ByteToBcd2    stm32f4xx_hal_rtc.o
    0x080057e6   0x080057e6   0x00000002   PAD
    0x080057e8   0x080057e8   0x0000003a   Code   RO         3485    i.RTC_EnterInitMode  stm32f4xx_hal_rtc.o
    0x08005822   0x08005822   0x00000002   PAD
    0x08005824   0x08005824   0x0000002c   Code   RO         6702    i.SysTick_Handler   port.o
    0x08005850   0x08005850   0x0000009c   Code   RO           15    i.SystemClock_Config  main.o
    0x080058ec   0x080058ec   0x00000010   Code   RO         5235    i.SystemInit        system_stm32f4xx.o
    0x080058fc   0x080058fc   0x0000000c   Code   RO          669    i.TIM1_UP_TIM10_IRQHandler  stm32f4xx_it.o
    0x08005908   0x08005908   0x000000c8   Code   RO         3951    i.TIM_Base_SetConfig  stm32f4xx_hal_tim.o
    0x080059d0   0x080059d0   0x00000010   Code   RO         4871    i.UART_DMAAbortOnError  stm32f4xx_hal_uart.o
    0x080059e0   0x080059e0   0x0000004e   Code   RO         4881    i.UART_EndRxTransfer  stm32f4xx_hal_uart.o
    0x08005a2e   0x08005a2e   0x000000c0   Code   RO         4883    i.UART_Receive_IT   stm32f4xx_hal_uart.o
    0x08005aee   0x08005aee   0x00000002   PAD
    0x08005af0   0x08005af0   0x0000010c   Code   RO         4884    i.UART_SetConfig    stm32f4xx_hal_uart.o
    0x08005bfc   0x08005bfc   0x00000078   Code   RO         4887    i.UART_WaitOnFlagUntilTimeout  stm32f4xx_hal_uart.o
    0x08005c74   0x08005c74   0x0000004c   Code   RO          670    i.USART2_IRQHandler  stm32f4xx_it.o
    0x08005cc0   0x08005cc0   0x00000068   Code   RO         7473    i.USBD_CDC_DataIn   usbd_cdc.o
    0x08005d28   0x08005d28   0x0000002e   Code   RO         7474    i.USBD_CDC_DataOut  usbd_cdc.o
    0x08005d56   0x08005d56   0x0000004a   Code   RO         7475    i.USBD_CDC_DeInit   usbd_cdc.o
    0x08005da0   0x08005da0   0x00000030   Code   RO         7476    i.USBD_CDC_EP0_RxReady  usbd_cdc.o
    0x08005dd0   0x08005dd0   0x0000000c   Code   RO         7477    i.USBD_CDC_GetDeviceQualifierDescriptor  usbd_cdc.o
    0x08005ddc   0x08005ddc   0x0000000c   Code   RO         7478    i.USBD_CDC_GetFSCfgDesc  usbd_cdc.o
    0x08005de8   0x08005de8   0x0000000c   Code   RO         7479    i.USBD_CDC_GetHSCfgDesc  usbd_cdc.o
    0x08005df4   0x08005df4   0x0000000c   Code   RO         7480    i.USBD_CDC_GetOtherSpeedCfgDesc  usbd_cdc.o
    0x08005e00   0x08005e00   0x000000c4   Code   RO         7481    i.USBD_CDC_Init     usbd_cdc.o
    0x08005ec4   0x08005ec4   0x00000032   Code   RO         7482    i.USBD_CDC_ReceivePacket  usbd_cdc.o
    0x08005ef6   0x08005ef6   0x00000010   Code   RO         7483    i.USBD_CDC_RegisterInterface  usbd_cdc.o
    0x08005f06   0x08005f06   0x00000014   Code   RO         7484    i.USBD_CDC_SetRxBuffer  usbd_cdc.o
    0x08005f1a   0x08005f1a   0x00000018   Code   RO         7485    i.USBD_CDC_SetTxBuffer  usbd_cdc.o
    0x08005f32   0x08005f32   0x000000fa   Code   RO         7486    i.USBD_CDC_Setup    usbd_cdc.o
    0x0800602c   0x0800602c   0x00000038   Code   RO         7487    i.USBD_CDC_TransmitPacket  usbd_cdc.o
    0x08006064   0x08006064   0x00000012   Code   RO         7177    i.USBD_ClrClassConfig  usbd_core.o
    0x08006076   0x08006076   0x00000026   Code   RO         7315    i.USBD_ClrFeature   usbd_ctlreq.o
    0x0800609c   0x0800609c   0x00000010   Code   RO         7413    i.USBD_CtlContinueRx  usbd_ioreq.o
    0x080060ac   0x080060ac   0x00000010   Code   RO         7414    i.USBD_CtlContinueSendData  usbd_ioreq.o
    0x080060bc   0x080060bc   0x00000018   Code   RO         7316    i.USBD_CtlError     usbd_ctlreq.o
    0x080060d4   0x080060d4   0x0000001e   Code   RO         7415    i.USBD_CtlPrepareRx  usbd_ioreq.o
    0x080060f2   0x080060f2   0x00000016   Code   RO         7416    i.USBD_CtlReceiveStatus  usbd_ioreq.o
    0x08006108   0x08006108   0x0000001a   Code   RO         7417    i.USBD_CtlSendData  usbd_ioreq.o
    0x08006122   0x08006122   0x00000016   Code   RO         7418    i.USBD_CtlSendStatus  usbd_ioreq.o
    0x08006138   0x08006138   0x00000030   Code   RO         6814    i.USBD_FS_ConfigStrDescriptor  usbd_desc.o
    0x08006168   0x08006168   0x0000000c   Code   RO         6815    i.USBD_FS_DeviceDescriptor  usbd_desc.o
    0x08006174   0x08006174   0x00000034   Code   RO         6816    i.USBD_FS_InterfaceStrDescriptor  usbd_desc.o
    0x080061a8   0x080061a8   0x0000000c   Code   RO         6817    i.USBD_FS_LangIDStrDescriptor  usbd_desc.o
    0x080061b4   0x080061b4   0x00000028   Code   RO         6818    i.USBD_FS_ManufacturerStrDescriptor  usbd_desc.o
    0x080061dc   0x080061dc   0x0000003c   Code   RO         6819    i.USBD_FS_ProductStrDescriptor  usbd_desc.o
    0x08006218   0x08006218   0x00000014   Code   RO         6820    i.USBD_FS_SerialStrDescriptor  usbd_desc.o
    0x0800622c   0x0800622c   0x00000034   Code   RO         7317    i.USBD_GetConfig    usbd_ctlreq.o
    0x08006260   0x08006260   0x000001b4   Code   RO         7318    i.USBD_GetDescriptor  usbd_ctlreq.o
    0x08006414   0x08006414   0x00000018   Code   RO         7319    i.USBD_GetLen       usbd_ctlreq.o
    0x0800642c   0x0800642c   0x00000036   Code   RO         7320    i.USBD_GetStatus    usbd_ctlreq.o
    0x08006462   0x08006462   0x00000044   Code   RO         7321    i.USBD_GetString    usbd_ctlreq.o
    0x080064a6   0x080064a6   0x00000024   Code   RO         6983    i.USBD_Get_USB_Status  usbd_conf.o
    0x080064ca   0x080064ca   0x00000028   Code   RO         7179    i.USBD_Init         usbd_core.o
    0x080064f2   0x080064f2   0x00000012   Code   RO         6984    i.USBD_LL_ClearStallEP  usbd_conf.o
    0x08006504   0x08006504   0x00000012   Code   RO         6985    i.USBD_LL_CloseEP   usbd_conf.o
    0x08006516   0x08006516   0x000000bc   Code   RO         7180    i.USBD_LL_DataInStage  usbd_core.o
    0x080065d2   0x080065d2   0x00000070   Code   RO         7181    i.USBD_LL_DataOutStage  usbd_core.o
    0x08006642   0x08006642   0x00000004   Code   RO         7182    i.USBD_LL_DevConnected  usbd_core.o
    0x08006646   0x08006646   0x0000001a   Code   RO         7183    i.USBD_LL_DevDisconnected  usbd_core.o
    0x08006660   0x08006660   0x00000008   Code   RO         6989    i.USBD_LL_GetRxDataSize  usbd_conf.o
    0x08006668   0x08006668   0x00000060   Code   RO         6990    i.USBD_LL_Init      usbd_conf.o
    0x080066c8   0x080066c8   0x00000022   Code   RO         6991    i.USBD_LL_IsStallEP  usbd_conf.o
    0x080066ea   0x080066ea   0x00000022   Code   RO         7184    i.USBD_LL_IsoINIncomplete  usbd_core.o
    0x0800670c   0x0800670c   0x00000022   Code   RO         7185    i.USBD_LL_IsoOUTIncomplete  usbd_core.o
    0x0800672e   0x0800672e   0x00000018   Code   RO         6992    i.USBD_LL_OpenEP    usbd_conf.o
    0x08006746   0x08006746   0x00000012   Code   RO         6993    i.USBD_LL_PrepareReceive  usbd_conf.o
    0x08006758   0x08006758   0x0000005c   Code   RO         7186    i.USBD_LL_Reset     usbd_core.o
    0x080067b4   0x080067b4   0x00000014   Code   RO         7187    i.USBD_LL_Resume    usbd_core.o
    0x080067c8   0x080067c8   0x00000022   Code   RO         7188    i.USBD_LL_SOF       usbd_core.o
    0x080067ea   0x080067ea   0x00000006   Code   RO         7189    i.USBD_LL_SetSpeed  usbd_core.o
    0x080067f0   0x080067f0   0x00000012   Code   RO         6994    i.USBD_LL_SetUSBAddress  usbd_conf.o
    0x08006802   0x08006802   0x00000064   Code   RO         7190    i.USBD_LL_SetupStage  usbd_core.o
    0x08006866   0x08006866   0x00000012   Code   RO         6995    i.USBD_LL_StallEP   usbd_conf.o
    0x08006878   0x08006878   0x00000012   Code   RO         6996    i.USBD_LL_Start     usbd_conf.o
    0x0800688a   0x0800688a   0x00000012   Code   RO         7191    i.USBD_LL_Suspend   usbd_core.o
    0x0800689c   0x0800689c   0x00000012   Code   RO         6998    i.USBD_LL_Transmit  usbd_conf.o
    0x080068ae   0x080068ae   0x00000032   Code   RO         7322    i.USBD_ParseSetupRequest  usbd_ctlreq.o
    0x080068e0   0x080068e0   0x00000024   Code   RO         7192    i.USBD_RegisterClass  usbd_core.o
    0x08006904   0x08006904   0x00000004   Code   RO         7193    i.USBD_RunTestMode  usbd_core.o
    0x08006908   0x08006908   0x00000058   Code   RO         7323    i.USBD_SetAddress   usbd_ctlreq.o
    0x08006960   0x08006960   0x00000014   Code   RO         7194    i.USBD_SetClassConfig  usbd_core.o
    0x08006974   0x08006974   0x000000d8   Code   RO         7324    i.USBD_SetConfig    usbd_ctlreq.o
    0x08006a4c   0x08006a4c   0x00000010   Code   RO         7325    i.USBD_SetFeature   usbd_ctlreq.o
    0x08006a5c   0x08006a5c   0x00000004   Code   RO         7195    i.USBD_Start        usbd_core.o
    0x08006a60   0x08006a60   0x00000084   Code   RO         7326    i.USBD_StdDevReq    usbd_ctlreq.o
    0x08006ae4   0x08006ae4   0x000001e8   Code   RO         7327    i.USBD_StdEPReq     usbd_ctlreq.o
    0x08006ccc   0x08006ccc   0x0000006e   Code   RO         7328    i.USBD_StdItfReq    usbd_ctlreq.o
    0x08006d3a   0x08006d3a   0x00000002   Code   RO         6999    i.USBD_static_free  usbd_conf.o
    0x08006d3c   0x08006d3c   0x00000008   Code   RO         7000    i.USBD_static_malloc  usbd_conf.o
    0x08006d44   0x08006d44   0x00000080   Code   RO         1583    i.USB_ActivateEndpoint  stm32f4xx_ll_usb.o
    0x08006dc4   0x08006dc4   0x0000001c   Code   RO         1585    i.USB_ActivateSetup  stm32f4xx_ll_usb.o
    0x08006de0   0x08006de0   0x00000074   Code   RO         1587    i.USB_CoreInit      stm32f4xx_ll_usb.o
    0x08006e54   0x08006e54   0x00000040   Code   RO         1588    i.USB_CoreReset     stm32f4xx_ll_usb.o
    0x08006e94   0x08006e94   0x000000cc   Code   RO         1591    i.USB_DeactivateEndpoint  stm32f4xx_ll_usb.o
    0x08006f60   0x08006f60   0x0000001c   Code   RO         1592    i.USB_DevConnect    stm32f4xx_ll_usb.o
    0x08006f7c   0x08006f7c   0x0000001c   Code   RO         1593    i.USB_DevDisconnect  stm32f4xx_ll_usb.o
    0x08006f98   0x08006f98   0x00000174   Code   RO         1594    i.USB_DevInit       stm32f4xx_ll_usb.o
    0x0800710c   0x0800710c   0x0000000c   Code   RO         1595    i.USB_DisableGlobalInt  stm32f4xx_ll_usb.o
    0x08007118   0x08007118   0x00000118   Code   RO         1598    i.USB_EP0StartXfer  stm32f4xx_ll_usb.o
    0x08007230   0x08007230   0x00000058   Code   RO         1599    i.USB_EP0_OutStart  stm32f4xx_ll_usb.o
    0x08007288   0x08007288   0x00000058   Code   RO         1600    i.USB_EPClearStall  stm32f4xx_ll_usb.o
    0x080072e0   0x080072e0   0x00000058   Code   RO         1601    i.USB_EPSetStall    stm32f4xx_ll_usb.o
    0x08007338   0x08007338   0x000001e8   Code   RO         1602    i.USB_EPStartXfer   stm32f4xx_ll_usb.o
    0x08007520   0x08007520   0x0000000c   Code   RO         1603    i.USB_EnableGlobalInt  stm32f4xx_ll_usb.o
    0x0800752c   0x0800752c   0x00000028   Code   RO         1604    i.USB_FlushRxFifo   stm32f4xx_ll_usb.o
    0x08007554   0x08007554   0x0000002c   Code   RO         1605    i.USB_FlushTxFifo   stm32f4xx_ll_usb.o
    0x08007580   0x08007580   0x0000001a   Code   RO         1607    i.USB_GetDevSpeed   stm32f4xx_ll_usb.o
    0x0800759a   0x0800759a   0x00000008   Code   RO         1609    i.USB_GetMode       stm32f4xx_ll_usb.o
    0x080075a2   0x080075a2   0x0000000e   Code   RO         1616    i.USB_ReadDevAllInEpInterrupt  stm32f4xx_ll_usb.o
    0x080075b0   0x080075b0   0x0000000e   Code   RO         1617    i.USB_ReadDevAllOutEpInterrupt  stm32f4xx_ll_usb.o
    0x080075be   0x080075be   0x00000024   Code   RO         1618    i.USB_ReadDevInEPInterrupt  stm32f4xx_ll_usb.o
    0x080075e2   0x080075e2   0x00000010   Code   RO         1619    i.USB_ReadDevOutEPInterrupt  stm32f4xx_ll_usb.o
    0x080075f2   0x080075f2   0x00000008   Code   RO         1620    i.USB_ReadInterrupts  stm32f4xx_ll_usb.o
    0x080075fa   0x080075fa   0x0000003e   Code   RO         1621    i.USB_ReadPacket    stm32f4xx_ll_usb.o
    0x08007638   0x08007638   0x0000005c   Code   RO         1623    i.USB_SetCurrentMode  stm32f4xx_ll_usb.o
    0x08007694   0x08007694   0x00000022   Code   RO         1624    i.USB_SetDevAddress  stm32f4xx_ll_usb.o
    0x080076b6   0x080076b6   0x00000002   PAD
    0x080076b8   0x080076b8   0x000000e8   Code   RO         1626    i.USB_SetTurnaroundTime  stm32f4xx_ll_usb.o
    0x080077a0   0x080077a0   0x00000028   Code   RO         1629    i.USB_WritePacket   stm32f4xx_ll_usb.o
    0x080077c8   0x080077c8   0x00000002   Code   RO          671    i.UsageFault_Handler  stm32f4xx_it.o
    0x080077ca   0x080077ca   0x00000002   PAD
    0x080077cc   0x080077cc   0x00000024   Code   RO          869    i.Usart_SendString  bsp_esp01s.o
    0x080077f0   0x080077f0   0x0000000c   Code   RO          672    i.WWDG_IRQHandler   stm32f4xx_it.o
    0x080077fc   0x080077fc   0x00000028   Code   RO         7885    i.__0sprintf        mc_w.l(printfa.o)
    0x08007824   0x08007824   0x0000002c   Code   RO         7888    i.__0vsnprintf      mc_w.l(printfa.o)
    0x08007850   0x08007850   0x00000020   Code   RO         2636    i.__NVIC_SetPriority  stm32f4xx_hal_cortex.o
    0x08007870   0x08007870   0x0000000e   Code   RO         7991    i.__scatterload_copy  mc_w.l(handlers.o)
    0x0800787e   0x0800787e   0x00000002   Code   RO         7992    i.__scatterload_null  mc_w.l(handlers.o)
    0x08007880   0x08007880   0x0000000e   Code   RO         7993    i.__scatterload_zeroinit  mc_w.l(handlers.o)
    0x0800788e   0x0800788e   0x00000002   PAD
    0x08007890   0x08007890   0x00000184   Code   RO         7890    i._fp_digits        mc_w.l(printfa.o)
    0x08007a14   0x08007a14   0x000006dc   Code   RO         7891    i._printf_core      mc_w.l(printfa.o)
    0x080080f0   0x080080f0   0x00000024   Code   RO         7892    i._printf_post_padding  mc_w.l(printfa.o)
    0x08008114   0x08008114   0x0000002e   Code   RO         7893    i._printf_pre_padding  mc_w.l(printfa.o)
    0x08008142   0x08008142   0x00000016   Code   RO         7894    i._snputc           mc_w.l(printfa.o)
    0x08008158   0x08008158   0x0000000a   Code   RO         7895    i._sputc            mc_w.l(printfa.o)
    0x08008162   0x08008162   0x00000002   PAD
    0x08008164   0x08008164   0x00000050   Code   RO         7911    i.free              mc_w.l(malloc.o)
    0x080081b4   0x080081b4   0x0000000c   Code   RO         6265    i.inHandlerMode     cmsis_os.o
    0x080081c0   0x080081c0   0x00000018   Code   RO         1247    i.ir_max30102_fir   bsp_max30102_fir.o
    0x080081d8   0x080081d8   0x0000003a   Code   RO           16    i.main              main.o
    0x08008212   0x08008212   0x0000000c   Code   RO         6267    i.makeFreeRtosPriority  cmsis_os.o
    0x0800821e   0x0800821e   0x00000002   PAD
    0x08008220   0x08008220   0x0000006c   Code   RO         7912    i.malloc            mc_w.l(malloc.o)
    0x0800828c   0x0800828c   0x00000058   Code   RO         1177    i.max30102_fifo_read  bsp_max30102.o
    0x080082e4   0x080082e4   0x00000038   Code   RO         1248    i.max30102_fir_init  bsp_max30102_fir.o
    0x0800831c   0x0800831c   0x000000a4   Code   RO         1178    i.max30102_getHeartRate  bsp_max30102.o
    0x080083c0   0x080083c0   0x00000104   Code   RO         1179    i.max30102_getSpO2  bsp_max30102.o
    0x080084c4   0x080084c4   0x00000030   Code   RO         1180    i.max30102_i2c_read  bsp_max30102.o
    0x080084f4   0x080084f4   0x00000020   Code   RO         1181    i.max30102_i2c_write  bsp_max30102.o
    0x08008514   0x08008514   0x0000007e   Code   RO         1182    i.max30102_init     bsp_max30102.o
    0x08008592   0x08008592   0x00000002   PAD
    0x08008594   0x08008594   0x00000080   Code   RO          357    i.myTimer01_Callback  freertos.o
    0x08008614   0x08008614   0x0000000e   Code   RO         6269    i.osDelay           cmsis_os.o
    0x08008622   0x08008622   0x0000000a   Code   RO         6272    i.osKernelStart     cmsis_os.o
    0x0800862c   0x0800862c   0x00000026   Code   RO         6281    i.osMessageCreate   cmsis_os.o
    0x08008652   0x08008652   0x0000003e   Code   RO         6298    i.osSemaphoreCreate  cmsis_os.o
    0x08008690   0x08008690   0x00000054   Code   RO         6306    i.osThreadCreate    cmsis_os.o
    0x080086e4   0x080086e4   0x00000040   Code   RO         6319    i.osTimerCreate     cmsis_os.o
    0x08008724   0x08008724   0x0000005c   Code   RO         6321    i.osTimerStart      cmsis_os.o
    0x08008780   0x08008780   0x00000078   Code   RO         5750    i.prvAddCurrentTaskToDelayedList  tasks.o
    0x080087f8   0x080087f8   0x000000d0   Code   RO         5751    i.prvAddNewTaskToReadyList  tasks.o
    0x080088c8   0x080088c8   0x00000058   Code   RO         6109    i.prvCheckForValidListAndQueue  timers.o
    0x08008920   0x08008920   0x00000026   Code   RO         5413    i.prvCopyDataFromQueue  queue.o
    0x08008946   0x08008946   0x0000006c   Code   RO         5414    i.prvCopyDataToQueue  queue.o
    0x080089b2   0x080089b2   0x00000034   Code   RO         5752    i.prvDeleteTCB      tasks.o
    0x080089e6   0x080089e6   0x00000002   PAD
    0x080089e8   0x080089e8   0x0000004c   Code   RO         6646    i.prvHeapInit       heap_4.o
    0x08008a34   0x08008a34   0x00000060   Code   RO         5753    i.prvIdleTask       tasks.o
    0x08008a94   0x08008a94   0x00000016   Code   RO         5416    i.prvInitialiseNewQueue  queue.o
    0x08008aaa   0x08008aaa   0x00000002   PAD
    0x08008aac   0x08008aac   0x000000b4   Code   RO         5754    i.prvInitialiseNewTask  tasks.o
    0x08008b60   0x08008b60   0x0000004e   Code   RO         6110    i.prvInitialiseNewTimer  timers.o
    0x08008bae   0x08008bae   0x00000002   PAD
    0x08008bb0   0x08008bb0   0x0000004c   Code   RO         6647    i.prvInsertBlockIntoFreeList  heap_4.o
    0x08008bfc   0x08008bfc   0x00000038   Code   RO         6111    i.prvInsertTimerInActiveList  timers.o
    0x08008c34   0x08008c34   0x0000001c   Code   RO         5417    i.prvIsQueueEmpty   queue.o
    0x08008c50   0x08008c50   0x000000fc   Code   RO         6112    i.prvProcessReceivedCommands  timers.o
    0x08008d4c   0x08008d4c   0x000000c0   Code   RO         6113    i.prvProcessTimerOrBlockTask  timers.o
    0x08008e0c   0x08008e0c   0x00000020   Code   RO         5755    i.prvResetNextTaskUnblockTime  tasks.o
    0x08008e2c   0x08008e2c   0x00000028   Code   RO         6114    i.prvSampleTimeNow  timers.o
    0x08008e54   0x08008e54   0x0000006c   Code   RO         6115    i.prvSwitchTimerLists  timers.o
    0x08008ec0   0x08008ec0   0x00000028   Code   RO         6703    i.prvTaskExitError  port.o
    0x08008ee8   0x08008ee8   0x00000024   Code   RO         6116    i.prvTimerTask      timers.o
    0x08008f0c   0x08008f0c   0x0000006a   Code   RO         5418    i.prvUnlockQueue    queue.o
    0x08008f76   0x08008f76   0x00000002   PAD
    0x08008f78   0x08008f78   0x000000dc   Code   RO         6648    i.pvPortMalloc      heap_4.o
    0x08009054   0x08009054   0x00000018   Code   RO         5759    i.pvTaskIncrementMutexHeldCount  tasks.o
    0x0800906c   0x0800906c   0x0000002c   Code   RO         6704    i.pxPortInitialiseStack  port.o
    0x08009098   0x08009098   0x00000018   Code   RO         1249    i.red_max30102_fir  bsp_max30102_fir.o
    0x080090b0   0x080090b0   0x00000024   Code   RO         6909    i.usb_printf        usbd_cdc_if.o
    0x080090d4   0x080090d4   0x00000026   Code   RO         5373    i.uxListRemove      list.o
    0x080090fa   0x080090fa   0x00000002   PAD
    0x080090fc   0x080090fc   0x00000014   Code   RO          358    i.vApplicationGetIdleTaskMemory  freertos.o
    0x08009110   0x08009110   0x00000018   Code   RO          359    i.vApplicationGetTimerTaskMemory  freertos.o
    0x08009128   0x08009128   0x00000016   Code   RO         5374    i.vListInitialise   list.o
    0x0800913e   0x0800913e   0x00000006   Code   RO         5375    i.vListInitialiseItem  list.o
    0x08009144   0x08009144   0x00000030   Code   RO         5376    i.vListInsert       list.o
    0x08009174   0x08009174   0x00000018   Code   RO         5377    i.vListInsertEnd    list.o
    0x0800918c   0x0800918c   0x00000040   Code   RO         6706    i.vPortEnterCritical  port.o
    0x080091cc   0x080091cc   0x00000028   Code   RO         6707    i.vPortExitCritical  port.o
    0x080091f4   0x080091f4   0x00000064   Code   RO         6649    i.vPortFree         heap_4.o
    0x08009258   0x08009258   0x00000024   Code   RO         6708    i.vPortSetupTimerInterrupt  port.o
    0x0800927c   0x0800927c   0x00000054   Code   RO         6709    i.vPortValidateInterruptPriority  port.o
    0x080092d0   0x080092d0   0x00000028   Code   RO         5422    i.vQueueAddToRegistry  queue.o
    0x080092f8   0x080092f8   0x00000044   Code   RO         5425    i.vQueueWaitForMessageRestricted  queue.o
    0x0800933c   0x0800933c   0x0000004c   Code   RO         5768    i.vTaskDelay        tasks.o
    0x08009388   0x08009388   0x00000010   Code   RO         5772    i.vTaskInternalSetTimeOutState  tasks.o
    0x08009398   0x08009398   0x0000000c   Code   RO         5773    i.vTaskMissedYield  tasks.o
    0x080093a4   0x080093a4   0x00000030   Code   RO         5775    i.vTaskPlaceOnEventList  tasks.o
    0x080093d4   0x080093d4   0x00000038   Code   RO         5776    i.vTaskPlaceOnEventListRestricted  tasks.o
    0x0800940c   0x0800940c   0x000000a0   Code   RO         5778    i.vTaskPriorityDisinheritAfterTimeout  tasks.o
    0x080094ac   0x080094ac   0x00000088   Code   RO         5783    i.vTaskStartScheduler  tasks.o
    0x08009534   0x08009534   0x00000010   Code   RO         5785    i.vTaskSuspendAll   tasks.o
    0x08009544   0x08009544   0x0000005c   Code   RO         5786    i.vTaskSwitchContext  tasks.o
    0x080095a0   0x080095a0   0x000000f4   Code   RO         6710    i.xPortStartScheduler  port.o
    0x08009694   0x08009694   0x00000042   Code   RO         5428    i.xQueueGenericCreate  queue.o
    0x080096d6   0x080096d6   0x00000066   Code   RO         5429    i.xQueueGenericCreateStatic  queue.o
    0x0800973c   0x0800973c   0x00000088   Code   RO         5430    i.xQueueGenericReset  queue.o
    0x080097c4   0x080097c4   0x00000160   Code   RO         5431    i.xQueueGenericSend  queue.o
    0x08009924   0x08009924   0x000000be   Code   RO         5432    i.xQueueGenericSendFromISR  queue.o
    0x080099e2   0x080099e2   0x00000002   PAD
    0x080099e4   0x080099e4   0x00000138   Code   RO         5440    i.xQueueReceive     queue.o
    0x08009b1c   0x08009b1c   0x00000178   Code   RO         5442    i.xQueueSemaphoreTake  queue.o
    0x08009c94   0x08009c94   0x00000088   Code   RO         5789    i.xTaskCheckForTimeOut  tasks.o
    0x08009d1c   0x08009d1c   0x0000005a   Code   RO         5790    i.xTaskCreate       tasks.o
    0x08009d76   0x08009d76   0x00000056   Code   RO         5791    i.xTaskCreateStatic  tasks.o
    0x08009dcc   0x08009dcc   0x0000001c   Code   RO         5796    i.xTaskGetSchedulerState  tasks.o
    0x08009de8   0x08009de8   0x0000000c   Code   RO         5797    i.xTaskGetTickCount  tasks.o
    0x08009df4   0x08009df4   0x000000cc   Code   RO         5799    i.xTaskIncrementTick  tasks.o
    0x08009ec0   0x08009ec0   0x00000098   Code   RO         5802    i.xTaskPriorityDisinherit  tasks.o
    0x08009f58   0x08009f58   0x0000008c   Code   RO         5803    i.xTaskPriorityInherit  tasks.o
    0x08009fe4   0x08009fe4   0x00000074   Code   RO         5804    i.xTaskRemoveFromEventList  tasks.o
    0x0800a058   0x0800a058   0x000000c4   Code   RO         5805    i.xTaskResumeAll    tasks.o
    0x0800a11c   0x0800a11c   0x00000034   Code   RO         6121    i.xTimerCreate      timers.o
    0x0800a150   0x0800a150   0x0000002e   Code   RO         6122    i.xTimerCreateStatic  timers.o
    0x0800a17e   0x0800a17e   0x00000002   PAD
    0x0800a180   0x0800a180   0x00000060   Code   RO         6123    i.xTimerCreateTimerTask  timers.o
    0x0800a1e0   0x0800a1e0   0x00000068   Code   RO         6124    i.xTimerGenericCommand  timers.o
    0x0800a248   0x0800a248   0x000000b4   Data   RO          361    .constdata          freertos.o
    0x0800a2fc   0x0800a2fc   0x00000074   Data   RO         1251    .constdata          bsp_max30102_fir.o
    0x0800a370   0x0800a370   0x00000008   Data   RO         2353    .constdata          stm32f4xx_hal_dma.o
    0x0800a378   0x0800a378   0x00000010   Data   RO         5236    .constdata          system_stm32f4xx.o
    0x0800a388   0x0800a388   0x00000008   Data   RO         5237    .constdata          system_stm32f4xx.o
    0x0800a390   0x0800a390   0x00000040   Data   RO          362    .conststring        freertos.o
    0x0800a3d0   0x0800a3d0   0x00000020   Data   RO         7989    Region$$Table       anon$$obj.o


    Execution Region RW_IRAM2 (Exec base: 0x10000000, Load base: 0x0800a4bc, Size: 0x00000000, Max: 0x00010000, ABSOLUTE)

    **** No section assigned to this execution region ****


    Execution Region RW_IRAM1 (Exec base: 0x20000000, Load base: 0x0800a3f0, Size: 0x000072c0, Max: 0x00020000, ABSOLUTE, COMPRESSED[0x000000cc])

    Exec Addr    Load Addr    Size         Type   Attr      Idx    E Section Name        Object

    0x20000000   COMPRESSED   0x00000030   Data   RW          363    .data               freertos.o
    0x20000030   COMPRESSED   0x00000004   Data   RW          871    .data               bsp_esp01s.o
    0x20000034   COMPRESSED   0x00000001   Data   RW         1121    .data               onenet.o
    0x20000035   COMPRESSED   0x00000001   PAD
    0x20000036   COMPRESSED   0x00000004   Data   RW         1184    .data               bsp_max30102.o
    0x2000003a   COMPRESSED   0x00000002   PAD
    0x2000003c   COMPRESSED   0x00000004   Data   RW         1252    .data               bsp_max30102_fir.o
    0x20000040   COMPRESSED   0x0000000c   Data   RW         2780    .data               stm32f4xx_hal.o
    0x2000004c   COMPRESSED   0x00000004   Data   RW         5238    .data               system_stm32f4xx.o
    0x20000050   COMPRESSED   0x0000003c   Data   RW         5808    .data               tasks.o
    0x2000008c   COMPRESSED   0x00000014   Data   RW         6132    .data               timers.o
    0x200000a0   COMPRESSED   0x00000020   Data   RW         6655    .data               heap_4.o
    0x200000c0   COMPRESSED   0x0000000c   Data   RW         6711    .data               port.o
    0x200000cc   COMPRESSED   0x0000001c   Data   RW         6822    .data               usbd_desc.o
    0x200000e8   COMPRESSED   0x00000032   Data   RW         6823    .data               usbd_desc.o
    0x2000011a   COMPRESSED   0x00000002   PAD
    0x2000011c   COMPRESSED   0x00000014   Data   RW         6911    .data               usbd_cdc_if.o
    0x20000130   COMPRESSED   0x00000001   Data   RW         7329    .data               usbd_ctlreq.o
    0x20000131   COMPRESSED   0x00000003   PAD
    0x20000134   COMPRESSED   0x000000d7   Data   RW         7488    .data               usbd_cdc.o
    0x2000020b   COMPRESSED   0x00000001   PAD
    0x2000020c   COMPRESSED   0x00000038   Data   RW         7489    .data               usbd_cdc.o
    0x20000244   COMPRESSED   0x00000004   Data   RW         7974    .data               mc_w.l(mvars.o)
    0x20000248   COMPRESSED   0x00000004   Data   RW         7975    .data               mc_w.l(mvars.o)
    0x2000024c        -       0x000006bc   Zero   RW          360    .bss                freertos.o
    0x20000908        -       0x000000a8   Zero   RW          468    .bss                i2c.o
    0x200009b0        -       0x00000020   Zero   RW          515    .bss                rtc.o
    0x200009d0        -       0x0000018c   Zero   RW          560    .bss                usart.o
    0x20000b5c        -       0x00000014   Zero   RW          621    .bss                wwdg.o
    0x20000b70        -       0x00000048   Zero   RW          790    .bss                stm32f4xx_hal_timebase_tim.o
    0x20000bb8        -       0x00000210   Zero   RW          870    .bss                bsp_esp01s.o
    0x20000dc8        -       0x00000010   Zero   RW         1120    .bss                onenet.o
    0x20000dd8        -       0x000004b0   Zero   RW         1183    .bss                bsp_max30102.o
    0x20001288        -       0x00000100   Zero   RW         1250    .bss                bsp_max30102_fir.o
    0x20001388        -       0x00000040   Zero   RW         5443    .bss                queue.o
    0x200013c8        -       0x000000f0   Zero   RW         5807    .bss                tasks.o
    0x200014b8        -       0x00000110   Zero   RW         6131    .bss                timers.o
    0x200015c8        -       0x00003c00   Zero   RW         6654    .bss                heap_4.o
    0x200051c8        -       0x000002d0   Zero   RW         6782    .bss                usb_device.o
    0x20005498        -       0x00000200   Zero   RW         6821    .bss                usbd_desc.o
    0x20005698        -       0x00001000   Zero   RW         6910    .bss                usbd_cdc_if.o
    0x20006698        -       0x00000628   Zero   RW         7001    .bss                usbd_conf.o
    0x20006cc0        -       0x00000200   Zero   RW            2    HEAP                startup_stm32f407xx.o
    0x20006ec0        -       0x00000400   Zero   RW            1    STACK               startup_stm32f407xx.o


==============================================================================

Image component sizes


      Code (inc. data)   RO Data    RW Data    ZI Data      Debug   Object Name

       120         50          0          0          0       2252   bsp_bh1750.o
       764        332          0          4        528       6109   bsp_esp01s.o
       890         64          0          4       1200       7071   bsp_max30102.o
       104         32        116          4        256       3032   bsp_max30102_fir.o
       388          8          0          0          0      32270   cmsis_os.o
        60          4          0          0          0        838   dma.o
         0          0          0          0          0      19772   event_groups.o
      1088        286        244         48       1724       8004   freertos.o
       240         18          0          0          0       1115   gpio.o
       472         24          0         32      15360       5027   heap_4.o
       292         48          0          0        168       2486   i2c.o
       138          0          0          0          0       3702   list.o
       238         16          0          0          0     776435   main.o
      1566         30          0          0          0      11431   mqttkit.o
      1324        672          0          1         16       5479   onenet.o
       786         82          0         12          0      12153   port.o
      1944         24          0          0         64      20572   queue.o
       188         16          0          0         32       1759   rtc.o
        36          8        392          0       1536        848   startup_stm32f407xx.o
       116         18          0         12          0       8906   stm32f4xx_hal.o
       158         14          0          0          0      33286   stm32f4xx_hal_cortex.o
       934         16          8          0          0       5807   stm32f4xx_hal_dma.o
       530         52          0          0          0       2931   stm32f4xx_hal_gpio.o
      2118         50          0          0          0      12898   stm32f4xx_hal_i2c.o
        56          4          0          0          0        922   stm32f4xx_hal_msp.o
      2308         14          0          0          0      13133   stm32f4xx_hal_pcd.o
        78          0          0          0          0       2505   stm32f4xx_hal_pcd_ex.o
      1420         88          0          0          0       6593   stm32f4xx_hal_rcc.o
       316         20          0          0          0       1440   stm32f4xx_hal_rcc_ex.o
       916         30          0          0          0       7780   stm32f4xx_hal_rtc.o
       786         72          0          0          0       7624   stm32f4xx_hal_tim.o
         4          0          0          0          0       1681   stm32f4xx_hal_tim_ex.o
       116         16          0          0         72       1503   stm32f4xx_hal_timebase_tim.o
      1588         16          0          0          0      10867   stm32f4xx_hal_uart.o
        82          0          0          0          0       2357   stm32f4xx_hal_wwdg.o
       154         44          0          0          0       6521   stm32f4xx_it.o
      2690        132          0          0          0      23910   stm32f4xx_ll_usb.o
        16          4         24          4          0       1211   system_stm32f4xx.o
      2484        184          0         60        240      30249   tasks.o
      1148         80          0         20        272      33315   timers.o
       536         58          0          0        396       3590   usart.o
        84         18          0          0        720        864   usb_device.o
       932         16          0        271          0      14477   usbd_cdc.o
       156         24          0         20       4096       5045   usbd_cdc_if.o
       660         28          0          0       1576      17624   usbd_conf.o
       790          0          0          0          0      13805   usbd_core.o
      1796         28          0          1          0      17884   usbd_ctlreq.o
       362        110          0         78        512       7245   usbd_desc.o
       132          0          0          0          0       4708   usbd_ioreq.o
       132         26          0          0         20       2245   wwdg.o

    ----------------------------------------------------------------------
     34296       2876        816        580      28788    1223281   Object Totals
         0          0         32          0          0          0   (incl. Generated)
        60          0          0          9          0          0   (incl. Padding)

    ----------------------------------------------------------------------

      Code (inc. data)   RO Data    RW Data    ZI Data      Debug   Library Member Name

      2122          0          0          0          0       4771   arm_fir_f32.o
        32          0          0          0          0       1062   arm_fir_init_f32.o
        86          0          0          0          0          0   __dczerorl2.o
         0          0          0          0          0          0   entry.o
         0          0          0          0          0          0   entry10a.o
         0          0          0          0          0          0   entry11a.o
         8          4          0          0          0          0   entry2.o
         4          0          0          0          0          0   entry5.o
         0          0          0          0          0          0   entry7b.o
         0          0          0          0          0          0   entry8b.o
         8          4          0          0          0          0   entry9a.o
        30          0          0          0          0          0   handlers.o
        36          8          0          0          0         68   init.o
         0          0          0          0          0          0   iusefp.o
        30          0          0          0          0         68   llshl.o
        36          0          0          0          0         68   llsshr.o
        32          0          0          0          0         68   llushr.o
       188         20          0          0          0        160   malloc.o
        36          0          0          0          0         68   memcpya.o
        36          0          0          0          0        108   memseta.o
         0          0          0          8          0          0   mvars.o
      2342         90          0          0          0        668   printfa.o
        24          0          0          0          0         68   strcat.o
        20          0          0          0          0         68   strchr.o
        14          0          0          0          0         68   strlen.o
        40          0          0          0          0         76   strncat.o
        36          0          0          0          0         80   strstr.o
        44          0          0          0          0         80   uidiv.o
        98          0          0          0          0         92   uldiv.o
        48          0          0          0          0         68   cdrcmple.o
        56          0          0          0          0         88   d2f.o
       334          0          0          0          0        148   dadd.o
       222          0          0          0          0        100   ddiv.o
       186          0          0          0          0        176   depilogue.o
        48          0          0          0          0         68   dfixul.o
       228          0          0          0          0         96   dmul.o
        38          0          0          0          0         68   f2d.o
       176          0          0          0          0        140   fadd.o
       110          0          0          0          0        168   fepilogue.o
       100          0          0          0          0         76   fmul.o

    ----------------------------------------------------------------------
      6856        126          0          8          0       8837   Library Totals
         8          0          0          0          0          0   (incl. Padding)

    ----------------------------------------------------------------------

      Code (inc. data)   RO Data    RW Data    ZI Data      Debug   Library Name

      2154          0          0          0          0       5833   arm_cortexM4l_math.lib
      3148        126          0          8          0       1808   mc_w.l
      1546          0          0          0          0       1196   mf_w.l

    ----------------------------------------------------------------------
      6856        126          0          8          0       8837   Library Totals

    ----------------------------------------------------------------------

==============================================================================


      Code (inc. data)   RO Data    RW Data    ZI Data      Debug   

     41152       3002        816        588      28788    1194774   Grand Totals
     41152       3002        816        204      28788    1194774   ELF Image Totals (compressed)
     41152       3002        816        204          0          0   ROM Totals

==============================================================================

    Total RO  Size (Code + RO Data)                41968 (  40.98kB)
    Total RW  Size (RW Data + ZI Data)             29376 (  28.69kB)
    Total ROM Size (Code + RO Data + RW Data)      42172 (  41.18kB)

==============================================================================

